[0.866s] Invoking command in '/home/sti/ros2/src/py_topic': DEBUGINFOD_URLS=https://debuginfod.ubuntu.com PYTHONPATH=/home/sti/ros2/build/py_topic/prefix_override:/usr/lib/python3/dist-packages/colcon_core/task/python/colcon_distutils_commands:/home/sti/ros2/install/py_topic/lib/python3.12/site-packages:${PYTHONPATH} /usr/bin/python3 -W ignore:setup.py install is deprecated -W ignore:easy_install command is deprecated setup.py egg_info --egg-base ../../build/py_topic build --build-base /home/sti/ros2/build/py_topic/build install --record /home/sti/ros2/build/py_topic/install.log --single-version-externally-managed install_data
[1.061s] running egg_info
[1.078s] writing ../../build/py_topic/py_topic.egg-info/PKG-INFO
[1.078s] writing dependency_links to ../../build/py_topic/py_topic.egg-info/dependency_links.txt
[1.078s] writing entry points to ../../build/py_topic/py_topic.egg-info/entry_points.txt
[1.079s] writing requirements to ../../build/py_topic/py_topic.egg-info/requires.txt
[1.079s] writing top-level names to ../../build/py_topic/py_topic.egg-info/top_level.txt
[1.114s] reading manifest file '../../build/py_topic/py_topic.egg-info/SOURCES.txt'
[1.114s] writing manifest file '../../build/py_topic/py_topic.egg-info/SOURCES.txt'
[1.114s] running build
[1.115s] running build_py
[1.115s] running install
[1.122s] running install_lib
[1.136s] running install_data
[1.136s] running install_egg_info
[1.148s] removing '/home/sti/ros2/install/py_topic/lib/python3.12/site-packages/py_topic-0.0.0-py3.12.egg-info' (and everything under it)
[1.149s] Copying ../../build/py_topic/py_topic.egg-info to /home/sti/ros2/install/py_topic/lib/python3.12/site-packages/py_topic-0.0.0-py3.12.egg-info
[1.149s] running install_scripts
[1.230s] Installing py_publisher script to /home/sti/ros2/install/py_topic/lib/py_topic
[1.230s] Installing py_subscription script to /home/sti/ros2/install/py_topic/lib/py_topic
[1.230s] writing list of installed files to '/home/sti/ros2/build/py_topic/install.log'
[1.252s] Invoked command in '/home/sti/ros2/src/py_topic' returned '0': DEBUGINFOD_URLS=https://debuginfod.ubuntu.com PYTHONPATH=/home/sti/ros2/build/py_topic/prefix_override:/usr/lib/python3/dist-packages/colcon_core/task/python/colcon_distutils_commands:/home/sti/ros2/install/py_topic/lib/python3.12/site-packages:${PYTHONPATH} /usr/bin/python3 -W ignore:setup.py install is deprecated -W ignore:easy_install command is deprecated setup.py egg_info --egg-base ../../build/py_topic build --build-base /home/sti/ros2/build/py_topic/build install --record /home/sti/ros2/build/py_topic/install.log --single-version-externally-managed install_data
