[0.775s] Invoking command in '/home/sti/ros2/src/py_topic_publisher': DEBUGINFOD_URLS=https://debuginfod.ubuntu.com PYTHONPATH=/home/sti/ros2/build/py_topic_publisher/prefix_override:/usr/lib/python3/dist-packages/colcon_core/task/python/colcon_distutils_commands:/home/sti/ros2/install/py_topic_publisher/lib/python3.12/site-packages:${PYTHONPATH} /usr/bin/python3 -W ignore:setup.py install is deprecated -W ignore:easy_install command is deprecated setup.py egg_info --egg-base ../../build/py_topic_publisher build --build-base /home/sti/ros2/build/py_topic_publisher/build install --record /home/sti/ros2/build/py_topic_publisher/install.log --single-version-externally-managed install_data
[0.965s] running egg_info
[0.965s] creating ../../build/py_topic_publisher/py_topic_publisher.egg-info
[0.975s] writing ../../build/py_topic_publisher/py_topic_publisher.egg-info/PKG-INFO
[0.975s] writing dependency_links to ../../build/py_topic_publisher/py_topic_publisher.egg-info/dependency_links.txt
[0.975s] writing entry points to ../../build/py_topic_publisher/py_topic_publisher.egg-info/entry_points.txt
[0.975s] writing requirements to ../../build/py_topic_publisher/py_topic_publisher.egg-info/requires.txt
[0.975s] writing top-level names to ../../build/py_topic_publisher/py_topic_publisher.egg-info/top_level.txt
[0.975s] writing manifest file '../../build/py_topic_publisher/py_topic_publisher.egg-info/SOURCES.txt'
[0.995s] reading manifest file '../../build/py_topic_publisher/py_topic_publisher.egg-info/SOURCES.txt'
[0.995s] writing manifest file '../../build/py_topic_publisher/py_topic_publisher.egg-info/SOURCES.txt'
[0.996s] running build
[0.996s] running build_py
[0.996s] creating /home/sti/ros2/build/py_topic_publisher/build
[0.996s] creating /home/sti/ros2/build/py_topic_publisher/build/lib
[0.996s] creating /home/sti/ros2/build/py_topic_publisher/build/lib/py_topic_publisher
[0.996s] copying py_topic_publisher/__init__.py -> /home/sti/ros2/build/py_topic_publisher/build/lib/py_topic_publisher
[0.996s] copying py_topic_publisher/py_publisher.py -> /home/sti/ros2/build/py_topic_publisher/build/lib/py_topic_publisher
[0.996s] running install
[1.000s] running install_lib
[1.011s] creating /home/sti/ros2/install/py_topic_publisher/lib/python3.12/site-packages/py_topic_publisher
[1.011s] copying /home/sti/ros2/build/py_topic_publisher/build/lib/py_topic_publisher/__init__.py -> /home/sti/ros2/install/py_topic_publisher/lib/python3.12/site-packages/py_topic_publisher
[1.011s] copying /home/sti/ros2/build/py_topic_publisher/build/lib/py_topic_publisher/py_publisher.py -> /home/sti/ros2/install/py_topic_publisher/lib/python3.12/site-packages/py_topic_publisher
[1.011s] byte-compiling /home/sti/ros2/install/py_topic_publisher/lib/python3.12/site-packages/py_topic_publisher/__init__.py to __init__.cpython-312.pyc
[1.011s] byte-compiling /home/sti/ros2/install/py_topic_publisher/lib/python3.12/site-packages/py_topic_publisher/py_publisher.py to py_publisher.cpython-312.pyc
[1.011s] running install_data
[1.012s] creating /home/sti/ros2/install/py_topic_publisher/share/ament_index
[1.012s] creating /home/sti/ros2/install/py_topic_publisher/share/ament_index/resource_index
[1.012s] creating /home/sti/ros2/install/py_topic_publisher/share/ament_index/resource_index/packages
[1.012s] copying resource/py_topic_publisher -> /home/sti/ros2/install/py_topic_publisher/share/ament_index/resource_index/packages
[1.012s] copying package.xml -> /home/sti/ros2/install/py_topic_publisher/share/py_topic_publisher
[1.012s] running install_egg_info
[1.030s] Copying ../../build/py_topic_publisher/py_topic_publisher.egg-info to /home/sti/ros2/install/py_topic_publisher/lib/python3.12/site-packages/py_topic_publisher-0.0.0-py3.12.egg-info
[1.031s] running install_scripts
[1.104s] Installing publisher script to /home/sti/ros2/install/py_topic_publisher/lib/py_topic_publisher
[1.104s] writing list of installed files to '/home/sti/ros2/build/py_topic_publisher/install.log'
[1.130s] Invoked command in '/home/sti/ros2/src/py_topic_publisher' returned '0': DEBUGINFOD_URLS=https://debuginfod.ubuntu.com PYTHONPATH=/home/sti/ros2/build/py_topic_publisher/prefix_override:/usr/lib/python3/dist-packages/colcon_core/task/python/colcon_distutils_commands:/home/sti/ros2/install/py_topic_publisher/lib/python3.12/site-packages:${PYTHONPATH} /usr/bin/python3 -W ignore:setup.py install is deprecated -W ignore:easy_install command is deprecated setup.py egg_info --egg-base ../../build/py_topic_publisher build --build-base /home/sti/ros2/build/py_topic_publisher/build install --record /home/sti/ros2/build/py_topic_publisher/install.log --single-version-externally-managed install_data
