[ 50%] [32mBuilding CXX object CMakeFiles/cpp_publish.dir/src/cpp_publisher.cpp.o[0m
[100%] [32m[1mLinking CXX executable cpp_publish[0m
[100%] Built target cpp_publish
-- Install configuration: ""
-- Up-to-date: /home/sti/ros2/install/cpp_topic/share/ament_index/resource_index/package_run_dependencies/cpp_topic
-- Up-to-date: /home/sti/ros2/install/cpp_topic/share/ament_index/resource_index/parent_prefix_path/cpp_topic
-- Up-to-date: /home/sti/ros2/install/cpp_topic/share/cpp_topic/environment/ament_prefix_path.sh
-- Up-to-date: /home/sti/ros2/install/cpp_topic/share/cpp_topic/environment/ament_prefix_path.dsv
-- Up-to-date: /home/sti/ros2/install/cpp_topic/share/cpp_topic/environment/path.sh
-- Up-to-date: /home/sti/ros2/install/cpp_topic/share/cpp_topic/environment/path.dsv
-- Up-to-date: /home/sti/ros2/install/cpp_topic/share/cpp_topic/local_setup.bash
-- Up-to-date: /home/sti/ros2/install/cpp_topic/share/cpp_topic/local_setup.sh
-- Up-to-date: /home/sti/ros2/install/cpp_topic/share/cpp_topic/local_setup.zsh
-- Up-to-date: /home/sti/ros2/install/cpp_topic/share/cpp_topic/local_setup.dsv
-- Installing: /home/sti/ros2/install/cpp_topic/share/cpp_topic/package.dsv
-- Up-to-date: /home/sti/ros2/install/cpp_topic/share/ament_index/resource_index/packages/cpp_topic
-- Up-to-date: /home/sti/ros2/install/cpp_topic/share/cpp_topic/cmake/cpp_topicConfig.cmake
-- Up-to-date: /home/sti/ros2/install/cpp_topic/share/cpp_topic/cmake/cpp_topicConfig-version.cmake
-- Up-to-date: /home/sti/ros2/install/cpp_topic/share/cpp_topic/package.xml
-- Installing: /home/sti/ros2/install/cpp_topic/lib/cpp_topic/cpp_publish
-- Set non-toolchain portion of runtime path of "/home/sti/ros2/install/cpp_topic/lib/cpp_topic/cpp_publish" to ""
