[0.023s] Invoking command in '/home/sti/ros2/build/cpp_topic': CMAKE_PREFIX_PATH=${CMAKE_PREFIX_PATH}:/home/sti/ros2/install/py_topic_publisher:/home/sti/ros2/install/py_topic:/home/sti/ros2_21_tutorials/install/learning_urdf:/home/sti/ros2_21_tutorials/install/learning_topic:/home/sti/ros2_21_tutorials/install/learning_tf:/home/sti/ros2_21_tutorials/install/learning_service:/home/sti/ros2_21_tutorials/install/learning_qos:/home/sti/ros2_21_tutorials/install/learning_pkg_python:/home/sti/ros2_21_tutorials/install/learning_parameter:/home/sti/ros2_21_tutorials/install/learning_node:/home/sti/ros2_21_tutorials/install/learning_launch:/home/sti/ros2_21_tutorials/install/learning_action:/home/sti/ros2_21_tutorials/install/learning_gazebo:/home/sti/ros2_21_tutorials/install/learning_cv:/home/sti/ros2/install/ros2_test:/opt/ros/jazzy DEBUGINFOD_URLS=https://debuginfod.ubuntu.com /usr/bin/cmake --build /home/sti/ros2/build/cpp_topic -- -j14 -l14
[0.378s] [ 50%] [32mBuilding CXX object CMakeFiles/cpp_publish.dir/src/cpp_publisher.cpp.o[0m
[2.979s] [100%] [32m[1mLinking CXX executable cpp_publish[0m
[3.104s] [100%] Built target cpp_publish
[3.116s] Invoked command in '/home/sti/ros2/build/cpp_topic' returned '0': CMAKE_PREFIX_PATH=${CMAKE_PREFIX_PATH}:/home/sti/ros2/install/py_topic_publisher:/home/sti/ros2/install/py_topic:/home/sti/ros2_21_tutorials/install/learning_urdf:/home/sti/ros2_21_tutorials/install/learning_topic:/home/sti/ros2_21_tutorials/install/learning_tf:/home/sti/ros2_21_tutorials/install/learning_service:/home/sti/ros2_21_tutorials/install/learning_qos:/home/sti/ros2_21_tutorials/install/learning_pkg_python:/home/sti/ros2_21_tutorials/install/learning_parameter:/home/sti/ros2_21_tutorials/install/learning_node:/home/sti/ros2_21_tutorials/install/learning_launch:/home/sti/ros2_21_tutorials/install/learning_action:/home/sti/ros2_21_tutorials/install/learning_gazebo:/home/sti/ros2_21_tutorials/install/learning_cv:/home/sti/ros2/install/ros2_test:/opt/ros/jazzy DEBUGINFOD_URLS=https://debuginfod.ubuntu.com /usr/bin/cmake --build /home/sti/ros2/build/cpp_topic -- -j14 -l14
[3.117s] Invoking command in '/home/sti/ros2/build/cpp_topic': CMAKE_PREFIX_PATH=${CMAKE_PREFIX_PATH}:/home/sti/ros2/install/py_topic_publisher:/home/sti/ros2/install/py_topic:/home/sti/ros2_21_tutorials/install/learning_urdf:/home/sti/ros2_21_tutorials/install/learning_topic:/home/sti/ros2_21_tutorials/install/learning_tf:/home/sti/ros2_21_tutorials/install/learning_service:/home/sti/ros2_21_tutorials/install/learning_qos:/home/sti/ros2_21_tutorials/install/learning_pkg_python:/home/sti/ros2_21_tutorials/install/learning_parameter:/home/sti/ros2_21_tutorials/install/learning_node:/home/sti/ros2_21_tutorials/install/learning_launch:/home/sti/ros2_21_tutorials/install/learning_action:/home/sti/ros2_21_tutorials/install/learning_gazebo:/home/sti/ros2_21_tutorials/install/learning_cv:/home/sti/ros2/install/ros2_test:/opt/ros/jazzy DEBUGINFOD_URLS=https://debuginfod.ubuntu.com /usr/bin/cmake --install /home/sti/ros2/build/cpp_topic
[3.124s] -- Install configuration: ""
[3.124s] -- Up-to-date: /home/sti/ros2/install/cpp_topic/share/ament_index/resource_index/package_run_dependencies/cpp_topic
[3.124s] -- Up-to-date: /home/sti/ros2/install/cpp_topic/share/ament_index/resource_index/parent_prefix_path/cpp_topic
[3.124s] -- Up-to-date: /home/sti/ros2/install/cpp_topic/share/cpp_topic/environment/ament_prefix_path.sh
[3.124s] -- Up-to-date: /home/sti/ros2/install/cpp_topic/share/cpp_topic/environment/ament_prefix_path.dsv
[3.124s] -- Up-to-date: /home/sti/ros2/install/cpp_topic/share/cpp_topic/environment/path.sh
[3.124s] -- Up-to-date: /home/sti/ros2/install/cpp_topic/share/cpp_topic/environment/path.dsv
[3.124s] -- Up-to-date: /home/sti/ros2/install/cpp_topic/share/cpp_topic/local_setup.bash
[3.125s] -- Up-to-date: /home/sti/ros2/install/cpp_topic/share/cpp_topic/local_setup.sh
[3.125s] -- Up-to-date: /home/sti/ros2/install/cpp_topic/share/cpp_topic/local_setup.zsh
[3.125s] -- Up-to-date: /home/sti/ros2/install/cpp_topic/share/cpp_topic/local_setup.dsv
[3.125s] -- Installing: /home/sti/ros2/install/cpp_topic/share/cpp_topic/package.dsv
[3.125s] -- Up-to-date: /home/sti/ros2/install/cpp_topic/share/ament_index/resource_index/packages/cpp_topic
[3.125s] -- Up-to-date: /home/sti/ros2/install/cpp_topic/share/cpp_topic/cmake/cpp_topicConfig.cmake
[3.125s] -- Up-to-date: /home/sti/ros2/install/cpp_topic/share/cpp_topic/cmake/cpp_topicConfig-version.cmake
[3.125s] -- Up-to-date: /home/sti/ros2/install/cpp_topic/share/cpp_topic/package.xml
[3.125s] -- Installing: /home/sti/ros2/install/cpp_topic/lib/cpp_topic/cpp_publish
[3.126s] -- Set non-toolchain portion of runtime path of "/home/sti/ros2/install/cpp_topic/lib/cpp_topic/cpp_publish" to ""
[3.127s] Invoked command in '/home/sti/ros2/build/cpp_topic' returned '0': CMAKE_PREFIX_PATH=${CMAKE_PREFIX_PATH}:/home/sti/ros2/install/py_topic_publisher:/home/sti/ros2/install/py_topic:/home/sti/ros2_21_tutorials/install/learning_urdf:/home/sti/ros2_21_tutorials/install/learning_topic:/home/sti/ros2_21_tutorials/install/learning_tf:/home/sti/ros2_21_tutorials/install/learning_service:/home/sti/ros2_21_tutorials/install/learning_qos:/home/sti/ros2_21_tutorials/install/learning_pkg_python:/home/sti/ros2_21_tutorials/install/learning_parameter:/home/sti/ros2_21_tutorials/install/learning_node:/home/sti/ros2_21_tutorials/install/learning_launch:/home/sti/ros2_21_tutorials/install/learning_action:/home/sti/ros2_21_tutorials/install/learning_gazebo:/home/sti/ros2_21_tutorials/install/learning_cv:/home/sti/ros2/install/ros2_test:/opt/ros/jazzy DEBUGINFOD_URLS=https://debuginfod.ubuntu.com /usr/bin/cmake --install /home/sti/ros2/build/cpp_topic
