[0.025s] Invoking command in '/home/sti/ros2/build/cpp_topic': CMAKE_PREFIX_PATH=${CMAKE_PREFIX_PATH}:/home/sti/ros2_21_tutorials/install/learning_urdf:/home/sti/ros2_21_tutorials/install/learning_topic:/home/sti/ros2_21_tutorials/install/learning_tf:/home/sti/ros2_21_tutorials/install/learning_service:/home/sti/ros2_21_tutorials/install/learning_qos:/home/sti/ros2_21_tutorials/install/learning_pkg_python:/home/sti/ros2_21_tutorials/install/learning_parameter:/home/sti/ros2_21_tutorials/install/learning_node:/home/sti/ros2_21_tutorials/install/learning_launch:/home/sti/ros2_21_tutorials/install/learning_action:/home/sti/ros2_21_tutorials/install/learning_gazebo:/home/sti/ros2_21_tutorials/install/learning_cv:/home/sti/ros2/install/ros2_test:/home/sti/ros2/install/py_topic_publisher:/home/sti/ros2/install/py_topic:/opt/ros/jazzy DEBUGINFOD_URLS=https://debuginfod.ubuntu.com /usr/bin/cmake --build /home/sti/ros2/build/cpp_topic -- -j14 -l14
[0.328s] [100%] Built target cpp_publish
[0.329s] Invoked command in '/home/sti/ros2/build/cpp_topic' returned '0': CMAKE_PREFIX_PATH=${CMAKE_PREFIX_PATH}:/home/sti/ros2_21_tutorials/install/learning_urdf:/home/sti/ros2_21_tutorials/install/learning_topic:/home/sti/ros2_21_tutorials/install/learning_tf:/home/sti/ros2_21_tutorials/install/learning_service:/home/sti/ros2_21_tutorials/install/learning_qos:/home/sti/ros2_21_tutorials/install/learning_pkg_python:/home/sti/ros2_21_tutorials/install/learning_parameter:/home/sti/ros2_21_tutorials/install/learning_node:/home/sti/ros2_21_tutorials/install/learning_launch:/home/sti/ros2_21_tutorials/install/learning_action:/home/sti/ros2_21_tutorials/install/learning_gazebo:/home/sti/ros2_21_tutorials/install/learning_cv:/home/sti/ros2/install/ros2_test:/home/sti/ros2/install/py_topic_publisher:/home/sti/ros2/install/py_topic:/opt/ros/jazzy DEBUGINFOD_URLS=https://debuginfod.ubuntu.com /usr/bin/cmake --build /home/sti/ros2/build/cpp_topic -- -j14 -l14
[0.341s] Invoking command in '/home/sti/ros2/build/cpp_topic': CMAKE_PREFIX_PATH=${CMAKE_PREFIX_PATH}:/home/sti/ros2_21_tutorials/install/learning_urdf:/home/sti/ros2_21_tutorials/install/learning_topic:/home/sti/ros2_21_tutorials/install/learning_tf:/home/sti/ros2_21_tutorials/install/learning_service:/home/sti/ros2_21_tutorials/install/learning_qos:/home/sti/ros2_21_tutorials/install/learning_pkg_python:/home/sti/ros2_21_tutorials/install/learning_parameter:/home/sti/ros2_21_tutorials/install/learning_node:/home/sti/ros2_21_tutorials/install/learning_launch:/home/sti/ros2_21_tutorials/install/learning_action:/home/sti/ros2_21_tutorials/install/learning_gazebo:/home/sti/ros2_21_tutorials/install/learning_cv:/home/sti/ros2/install/ros2_test:/home/sti/ros2/install/py_topic_publisher:/home/sti/ros2/install/py_topic:/opt/ros/jazzy DEBUGINFOD_URLS=https://debuginfod.ubuntu.com /usr/bin/cmake --install /home/sti/ros2/build/cpp_topic
[0.351s] -- Install configuration: ""
[0.351s] -- Up-to-date: /home/sti/ros2/install/cpp_topic/share/ament_index/resource_index/package_run_dependencies/cpp_topic
[0.351s] -- Up-to-date: /home/sti/ros2/install/cpp_topic/share/ament_index/resource_index/parent_prefix_path/cpp_topic
[0.351s] -- Up-to-date: /home/sti/ros2/install/cpp_topic/share/cpp_topic/environment/ament_prefix_path.sh
[0.351s] -- Up-to-date: /home/sti/ros2/install/cpp_topic/share/cpp_topic/environment/ament_prefix_path.dsv
[0.351s] -- Up-to-date: /home/sti/ros2/install/cpp_topic/share/cpp_topic/environment/path.sh
[0.351s] -- Up-to-date: /home/sti/ros2/install/cpp_topic/share/cpp_topic/environment/path.dsv
[0.351s] -- Up-to-date: /home/sti/ros2/install/cpp_topic/share/cpp_topic/local_setup.bash
[0.351s] -- Up-to-date: /home/sti/ros2/install/cpp_topic/share/cpp_topic/local_setup.sh
[0.352s] -- Up-to-date: /home/sti/ros2/install/cpp_topic/share/cpp_topic/local_setup.zsh
[0.352s] -- Up-to-date: /home/sti/ros2/install/cpp_topic/share/cpp_topic/local_setup.dsv
[0.352s] -- Installing: /home/sti/ros2/install/cpp_topic/share/cpp_topic/package.dsv
[0.352s] -- Up-to-date: /home/sti/ros2/install/cpp_topic/share/ament_index/resource_index/packages/cpp_topic
[0.352s] -- Up-to-date: /home/sti/ros2/install/cpp_topic/share/cpp_topic/cmake/cpp_topicConfig.cmake
[0.352s] -- Up-to-date: /home/sti/ros2/install/cpp_topic/share/cpp_topic/cmake/cpp_topicConfig-version.cmake
[0.352s] -- Up-to-date: /home/sti/ros2/install/cpp_topic/share/cpp_topic/package.xml
[0.352s] -- Up-to-date: /home/sti/ros2/install/cpp_topic/lib/cpp_topic/cpp_publish
[0.355s] Invoked command in '/home/sti/ros2/build/cpp_topic' returned '0': CMAKE_PREFIX_PATH=${CMAKE_PREFIX_PATH}:/home/sti/ros2_21_tutorials/install/learning_urdf:/home/sti/ros2_21_tutorials/install/learning_topic:/home/sti/ros2_21_tutorials/install/learning_tf:/home/sti/ros2_21_tutorials/install/learning_service:/home/sti/ros2_21_tutorials/install/learning_qos:/home/sti/ros2_21_tutorials/install/learning_pkg_python:/home/sti/ros2_21_tutorials/install/learning_parameter:/home/sti/ros2_21_tutorials/install/learning_node:/home/sti/ros2_21_tutorials/install/learning_launch:/home/sti/ros2_21_tutorials/install/learning_action:/home/sti/ros2_21_tutorials/install/learning_gazebo:/home/sti/ros2_21_tutorials/install/learning_cv:/home/sti/ros2/install/ros2_test:/home/sti/ros2/install/py_topic_publisher:/home/sti/ros2/install/py_topic:/opt/ros/jazzy DEBUGINFOD_URLS=https://debuginfod.ubuntu.com /usr/bin/cmake --install /home/sti/ros2/build/cpp_topic
