[0.019s] Invoking command in '/home/sti/ros2/build/cpp_topic': CMAKE_PREFIX_PATH=${CMAKE_PREFIX_PATH}:/home/sti/ros2/install/py_topic_publisher:/home/sti/ros2/install/py_topic:/home/sti/ros2_21_tutorials/install/learning_urdf:/home/sti/ros2_21_tutorials/install/learning_topic:/home/sti/ros2_21_tutorials/install/learning_tf:/home/sti/ros2_21_tutorials/install/learning_service:/home/sti/ros2_21_tutorials/install/learning_qos:/home/sti/ros2_21_tutorials/install/learning_pkg_python:/home/sti/ros2_21_tutorials/install/learning_parameter:/home/sti/ros2_21_tutorials/install/learning_node:/home/sti/ros2_21_tutorials/install/learning_launch:/home/sti/ros2_21_tutorials/install/learning_action:/home/sti/ros2_21_tutorials/install/learning_gazebo:/home/sti/ros2_21_tutorials/install/learning_cv:/home/sti/ros2/install/ros2_test:/opt/ros/jazzy DEBUGINFOD_URLS=https://debuginfod.ubuntu.com /usr/bin/cmake /home/sti/ros2/src/cpp_topic -DCMAKE_INSTALL_PREFIX=/home/sti/ros2/install/cpp_topic
[0.327s] -- Found ament_cmake: 2.5.6 (/opt/ros/jazzy/share/ament_cmake/cmake)
[0.327s] -- Found rclcpp: 28.1.18 (/opt/ros/jazzy/share/rclcpp/cmake)
[0.327s] -- Found rosidl_generator_c: 4.6.7 (/opt/ros/jazzy/share/rosidl_generator_c/cmake)
[0.328s] -- Found rosidl_generator_cpp: 4.6.7 (/opt/ros/jazzy/share/rosidl_generator_cpp/cmake)
[0.328s] -- Using all available rosidl_typesupport_c: rosidl_typesupport_fastrtps_c;rosidl_typesupport_introspection_c
[0.328s] -- Using all available rosidl_typesupport_cpp: rosidl_typesupport_fastrtps_cpp;rosidl_typesupport_introspection_cpp
[0.328s] -- Found rmw_implementation_cmake: 7.3.3 (/opt/ros/jazzy/share/rmw_implementation_cmake/cmake)
[0.328s] -- Found rmw_fastrtps_cpp: 8.4.3 (/opt/ros/jazzy/share/rmw_fastrtps_cpp/cmake)
[0.386s] -- Using RMW implementation 'rmw_fastrtps_cpp' as default
[0.438s] -- Found std_msgs: 5.3.7 (/opt/ros/jazzy/share/std_msgs/cmake)
[0.446s] -- Found ament_lint_auto: 0.17.5 (/opt/ros/jazzy/share/ament_lint_auto/cmake)
[0.548s] -- Added test 'cppcheck' to perform static code analysis on C / C++ code
[0.548s] -- Configured cppcheck include dirs: 
[0.548s] -- Configured cppcheck exclude dirs and/or files: 
[0.548s] -- Added test 'lint_cmake' to check CMake code style
[0.548s] -- Added test 'uncrustify' to check C / C++ code style
[0.548s] -- Configured uncrustify additional arguments: 
[0.548s] -- Added test 'xmllint' to check XML markup files
[0.550s] -- Configuring done (0.5s)
[0.552s] [31mCMake Error at CMakeLists.txt:27 (add_executable):
[0.552s]   Cannot find source file:
[0.552s] 
[0.552s]     src/cpp_publisher.cpp
[0.552s] 
[0.552s]   Tried extensions .c .C .c++ .cc .cpp .cxx .cu .mpp .m .M .mm .ixx .cppm
[0.553s]   .ccm .cxxm .c++m .h .hh .h++ .hm .hpp .hxx .in .txx .f .F .for .f77 .f90
[0.553s]   .f95 .f03 .hip .ispc
[0.553s] 
[0.553s] [0m
[0.553s] [31mCMake Error at CMakeLists.txt:27 (add_executable):
[0.553s]   No SOURCES given to target: cpp_publish
[0.553s] 
[0.553s] [0m
[0.553s] [0mCMake Generate step failed.  Build files cannot be regenerated correctly.[0m
[0.564s] Invoked command in '/home/sti/ros2/build/cpp_topic' returned '1': CMAKE_PREFIX_PATH=${CMAKE_PREFIX_PATH}:/home/sti/ros2/install/py_topic_publisher:/home/sti/ros2/install/py_topic:/home/sti/ros2_21_tutorials/install/learning_urdf:/home/sti/ros2_21_tutorials/install/learning_topic:/home/sti/ros2_21_tutorials/install/learning_tf:/home/sti/ros2_21_tutorials/install/learning_service:/home/sti/ros2_21_tutorials/install/learning_qos:/home/sti/ros2_21_tutorials/install/learning_pkg_python:/home/sti/ros2_21_tutorials/install/learning_parameter:/home/sti/ros2_21_tutorials/install/learning_node:/home/sti/ros2_21_tutorials/install/learning_launch:/home/sti/ros2_21_tutorials/install/learning_action:/home/sti/ros2_21_tutorials/install/learning_gazebo:/home/sti/ros2_21_tutorials/install/learning_cv:/home/sti/ros2/install/ros2_test:/opt/ros/jazzy DEBUGINFOD_URLS=https://debuginfod.ubuntu.com /usr/bin/cmake /home/sti/ros2/src/cpp_topic -DCMAKE_INSTALL_PREFIX=/home/sti/ros2/install/cpp_topic
