running egg_info
writing ../../build/py_topic/py_topic.egg-info/PKG-INFO
writing dependency_links to ../../build/py_topic/py_topic.egg-info/dependency_links.txt
writing entry points to ../../build/py_topic/py_topic.egg-info/entry_points.txt
writing requirements to ../../build/py_topic/py_topic.egg-info/requires.txt
writing top-level names to ../../build/py_topic/py_topic.egg-info/top_level.txt
reading manifest file '../../build/py_topic/py_topic.egg-info/SOURCES.txt'
writing manifest file '../../build/py_topic/py_topic.egg-info/SOURCES.txt'
running build
running build_py
copying py_topic/py_pubilisher.py -> /home/sti/ros2/build/py_topic/build/lib/py_topic
copying py_topic/py_subscription.py -> /home/sti/ros2/build/py_topic/build/lib/py_topic
running install
running install_lib
copying /home/sti/ros2/build/py_topic/build/lib/py_topic/py_pubilisher.py -> /home/sti/ros2/install/py_topic/lib/python3.12/site-packages/py_topic
copying /home/sti/ros2/build/py_topic/build/lib/py_topic/py_subscription.py -> /home/sti/ros2/install/py_topic/lib/python3.12/site-packages/py_topic
byte-compiling /home/sti/ros2/install/py_topic/lib/python3.12/site-packages/py_topic/py_pubilisher.py to py_pubilisher.cpython-312.pyc
byte-compiling /home/sti/ros2/install/py_topic/lib/python3.12/site-packages/py_topic/py_subscription.py to py_subscription.cpython-312.pyc
running install_data
running install_egg_info
removing '/home/sti/ros2/install/py_topic/lib/python3.12/site-packages/py_topic-0.0.0-py3.12.egg-info' (and everything under it)
Copying ../../build/py_topic/py_topic.egg-info to /home/sti/ros2/install/py_topic/lib/python3.12/site-packages/py_topic-0.0.0-py3.12.egg-info
running install_scripts
Installing publisher script to /home/sti/ros2/install/py_topic/lib/py_topic
Installing subscription script to /home/sti/ros2/install/py_topic/lib/py_topic
writing list of installed files to '/home/sti/ros2/build/py_topic/install.log'
