[0.643s] Invoking command in '/home/sti/ros2/src/py_topic': DEBUGINFOD_URLS=https://debuginfod.ubuntu.com PYTHONPATH=/home/sti/ros2/build/py_topic/prefix_override:/usr/lib/python3/dist-packages/colcon_core/task/python/colcon_distutils_commands:/home/sti/ros2/install/py_topic/lib/python3.12/site-packages:${PYTHONPATH} /usr/bin/python3 -W ignore:setup.py install is deprecated -W ignore:easy_install command is deprecated setup.py egg_info --egg-base ../../build/py_topic build --build-base /home/sti/ros2/build/py_topic/build install --record /home/sti/ros2/build/py_topic/install.log --single-version-externally-managed install_data
[0.803s] running egg_info
[0.813s] writing ../../build/py_topic/py_topic.egg-info/PKG-INFO
[0.813s] writing dependency_links to ../../build/py_topic/py_topic.egg-info/dependency_links.txt
[0.813s] writing entry points to ../../build/py_topic/py_topic.egg-info/entry_points.txt
[0.813s] writing requirements to ../../build/py_topic/py_topic.egg-info/requires.txt
[0.813s] writing top-level names to ../../build/py_topic/py_topic.egg-info/top_level.txt
[0.833s] reading manifest file '../../build/py_topic/py_topic.egg-info/SOURCES.txt'
[0.833s] writing manifest file '../../build/py_topic/py_topic.egg-info/SOURCES.txt'
[0.833s] running build
[0.833s] running build_py
[0.833s] copying py_topic/py_pubilisher.py -> /home/sti/ros2/build/py_topic/build/lib/py_topic
[0.834s] copying py_topic/py_subscription.py -> /home/sti/ros2/build/py_topic/build/lib/py_topic
[0.834s] running install
[0.837s] running install_lib
[0.847s] copying /home/sti/ros2/build/py_topic/build/lib/py_topic/py_pubilisher.py -> /home/sti/ros2/install/py_topic/lib/python3.12/site-packages/py_topic
[0.847s] copying /home/sti/ros2/build/py_topic/build/lib/py_topic/py_subscription.py -> /home/sti/ros2/install/py_topic/lib/python3.12/site-packages/py_topic
[0.848s] byte-compiling /home/sti/ros2/install/py_topic/lib/python3.12/site-packages/py_topic/py_pubilisher.py to py_pubilisher.cpython-312.pyc
[0.848s] byte-compiling /home/sti/ros2/install/py_topic/lib/python3.12/site-packages/py_topic/py_subscription.py to py_subscription.cpython-312.pyc
[0.848s] running install_data
[0.848s] running install_egg_info
[0.860s] removing '/home/sti/ros2/install/py_topic/lib/python3.12/site-packages/py_topic-0.0.0-py3.12.egg-info' (and everything under it)
[0.860s] Copying ../../build/py_topic/py_topic.egg-info to /home/sti/ros2/install/py_topic/lib/python3.12/site-packages/py_topic-0.0.0-py3.12.egg-info
[0.860s] running install_scripts
[0.931s] Installing publisher script to /home/sti/ros2/install/py_topic/lib/py_topic
[0.932s] Installing subscription script to /home/sti/ros2/install/py_topic/lib/py_topic
[0.932s] writing list of installed files to '/home/sti/ros2/build/py_topic/install.log'
[0.953s] Invoked command in '/home/sti/ros2/src/py_topic' returned '0': DEBUGINFOD_URLS=https://debuginfod.ubuntu.com PYTHONPATH=/home/sti/ros2/build/py_topic/prefix_override:/usr/lib/python3/dist-packages/colcon_core/task/python/colcon_distutils_commands:/home/sti/ros2/install/py_topic/lib/python3.12/site-packages:${PYTHONPATH} /usr/bin/python3 -W ignore:setup.py install is deprecated -W ignore:easy_install command is deprecated setup.py egg_info --egg-base ../../build/py_topic build --build-base /home/sti/ros2/build/py_topic/build install --record /home/sti/ros2/build/py_topic/install.log --single-version-externally-managed install_data
