-- Found ament_cmake: 2.5.6 (/opt/ros/jazzy/share/ament_cmake/cmake)
-- Found rclcpp: 28.1.18 (/opt/ros/jazzy/share/rclcpp/cmake)
-- Found rosidl_generator_c: 4.6.7 (/opt/ros/jazzy/share/rosidl_generator_c/cmake)
-- Found rosidl_generator_cpp: 4.6.7 (/opt/ros/jazzy/share/rosidl_generator_cpp/cmake)
-- Using all available rosidl_typesupport_c: rosidl_typesupport_fastrtps_c;rosidl_typesupport_introspection_c
-- Using all available rosidl_typesupport_cpp: rosidl_typesupport_fastrtps_cpp;rosidl_typesupport_introspection_cpp
-- Found rmw_implementation_cmake: 7.3.3 (/opt/ros/jazzy/share/rmw_implementation_cmake/cmake)
-- Found rmw_fastrtps_cpp: 8.4.3 (/opt/ros/jazzy/share/rmw_fastrtps_cpp/cmake)
-- Using RMW implementation 'rmw_fastrtps_cpp' as default
-- Found sensor_msgs: 5.3.7 (/opt/ros/jazzy/share/sensor_msgs/cmake)
-- Found rosidl_default_generators: 1.6.0 (/opt/ros/jazzy/share/rosidl_default_generators/cmake)
-- Found rosidl_adapter: 4.6.7 (/opt/ros/jazzy/share/rosidl_adapter/cmake)
-- Found ament_lint_auto: 0.17.5 (/opt/ros/jazzy/share/ament_lint_auto/cmake)
-- Found ament_cmake_ros: 0.12.0 (/opt/ros/jazzy/share/ament_cmake_ros/cmake)
-- Using all available rosidl_typesupport_c: rosidl_typesupport_fastrtps_c;rosidl_typesupport_introspection_c
-- Using all available rosidl_typesupport_cpp: rosidl_typesupport_fastrtps_cpp;rosidl_typesupport_introspection_cpp
-- Found python_cmake_module: 0.11.1 (/opt/ros/jazzy/share/python_cmake_module/cmake)
-- Found PythonExtra: /usr/bin/python3  
-- Found Python3: /usr/bin/python3 (found version "3.12.3") found components: Interpreter Development NumPy Development.Module Development.Embed 
-- Found Python3: /usr/bin/python3 (found version "3.12.3") found components: Interpreter 
-- Added test 'lint_cmake' to check CMake code style
-- Added test 'xmllint' to check XML markup files
-- Configuring done (2.5s)
-- Generating done (0.0s)
-- Build files have been written to: /home/sti/ros2/build/cpp_msg
[  5%] [34m[1mGenerating type hashes for ROS interfaces[0m
[  5%] [34m[1mGenerating Rust code for ROS interfaces[0m
[  5%] Built target ament_cmake_python_copy_cpp_msg
running egg_info
creating cpp_msg.egg-info
[  5%] Built target cpp_msg__rosidl_generator_type_description
[  8%] [34m[1mGenerating C code for ROS interfaces[0m
writing cpp_msg.egg-info/PKG-INFO
writing dependency_links to cpp_msg.egg-info/dependency_links.txt
writing top-level names to cpp_msg.egg-info/top_level.txt
writing manifest file 'cpp_msg.egg-info/SOURCES.txt'
[ 11%] [34m[1mGenerating C++ code for ROS interfaces[0m
[ 11%] Built target cpp_msg__rs
reading manifest file 'cpp_msg.egg-info/SOURCES.txt'
writing manifest file 'cpp_msg.egg-info/SOURCES.txt'
[ 11%] Built target ament_cmake_python_build_cpp_msg_egg
[ 20%] [32mBuilding C object CMakeFiles/cpp_msg__rosidl_generator_c.dir/rosidl_generator_c/cpp_msg/msg/detail/mymsg__functions.c.o[0m
[ 20%] [32mBuilding C object CMakeFiles/cpp_msg__rosidl_generator_c.dir/rosidl_generator_c/cpp_msg/msg/detail/mymsg__description.c.o[0m
[ 20%] [32mBuilding C object CMakeFiles/cpp_msg__rosidl_generator_c.dir/rosidl_generator_c/cpp_msg/msg/detail/mymsg__type_support.c.o[0m
[ 22%] [32m[1mLinking C shared library libcpp_msg__rosidl_generator_c.so[0m
[ 22%] Built target cpp_msg__cpp
[ 22%] Built target cpp_msg__rosidl_generator_c
[ 28%] [34m[1mGenerating C++ introspection for ROS interfaces[0m
[ 28%] [34m[1mGenerating C type support dispatch for ROS interfaces[0m
[ 34%] [34m[1mGenerating C type support for eProsima Fast-RTPS[0m
[ 34%] [34m[1mGenerating C++ type support for eProsima Fast-RTPS[0m
[ 37%] [34m[1mGenerating C introspection for ROS interfaces[0m
[ 40%] [34m[1mGenerating C++ type support dispatch for ROS interfaces[0m
[ 42%] [32mBuilding CXX object CMakeFiles/cpp_msg__rosidl_typesupport_c.dir/rosidl_typesupport_c/cpp_msg/msg/mymsg__type_support.cpp.o[0m
[ 45%] [32mBuilding CXX object CMakeFiles/cpp_msg__rosidl_typesupport_cpp.dir/rosidl_typesupport_cpp/cpp_msg/msg/mymsg__type_support.cpp.o[0m
[ 48%] [32m[1mLinking CXX shared library libcpp_msg__rosidl_typesupport_c.so[0m
[ 48%] Built target cpp_msg__rosidl_typesupport_c
[ 51%] [32mBuilding C object CMakeFiles/cpp_msg__rosidl_typesupport_introspection_c.dir/rosidl_typesupport_introspection_c/cpp_msg/msg/detail/mymsg__type_support.c.o[0m
[ 54%] [32mBuilding CXX object CMakeFiles/cpp_msg__rosidl_typesupport_introspection_cpp.dir/rosidl_typesupport_introspection_cpp/cpp_msg/msg/detail/mymsg__type_support.cpp.o[0m
[ 57%] [32m[1mLinking C shared library libcpp_msg__rosidl_typesupport_introspection_c.so[0m
[ 60%] [32mBuilding CXX object CMakeFiles/cpp_msg__rosidl_typesupport_fastrtps_c.dir/rosidl_typesupport_fastrtps_c/cpp_msg/msg/detail/mymsg__type_support_c.cpp.o[0m
[ 62%] [32mBuilding CXX object CMakeFiles/cpp_msg__rosidl_typesupport_fastrtps_cpp.dir/rosidl_typesupport_fastrtps_cpp/cpp_msg/msg/detail/dds_fastrtps/mymsg__type_support.cpp.o[0m
[ 62%] Built target cpp_msg__rosidl_typesupport_introspection_c
[ 65%] [32m[1mLinking CXX shared library libcpp_msg__rosidl_typesupport_cpp.so[0m
[ 65%] Built target cpp_msg__rosidl_typesupport_cpp
[ 68%] [32m[1mLinking CXX shared library libcpp_msg__rosidl_typesupport_introspection_cpp.so[0m
[ 71%] [32m[1mLinking CXX shared library libcpp_msg__rosidl_typesupport_fastrtps_c.so[0m
[ 74%] [32m[1mLinking CXX shared library libcpp_msg__rosidl_typesupport_fastrtps_cpp.so[0m
[ 74%] Built target cpp_msg__rosidl_typesupport_introspection_cpp
[ 74%] Built target cpp_msg__rosidl_typesupport_fastrtps_c
[ 74%] Built target cpp_msg__rosidl_typesupport_fastrtps_cpp
[ 74%] Built target cpp_msg
[ 77%] [34m[1mGenerating Python code for ROS interfaces[0m
[ 77%] Built target cpp_msg__py
[ 80%] [32mBuilding C object CMakeFiles/cpp_msg__rosidl_generator_py.dir/rosidl_generator_py/cpp_msg/msg/_mymsg_s.c.o[0m
[ 82%] [32m[1mLinking C shared library libcpp_msg__rosidl_generator_py.so[0m
[ 82%] Built target cpp_msg__rosidl_generator_py
[ 85%] [32mBuilding C object CMakeFiles/cpp_msg_s__rosidl_typesupport_fastrtps_c.dir/rosidl_generator_py/cpp_msg/_cpp_msg_s.ep.rosidl_typesupport_fastrtps_c.c.o[0m
[ 88%] [32mBuilding C object CMakeFiles/cpp_msg_s__rosidl_typesupport_introspection_c.dir/rosidl_generator_py/cpp_msg/_cpp_msg_s.ep.rosidl_typesupport_introspection_c.c.o[0m
[ 91%] [32mBuilding C object CMakeFiles/cpp_msg_s__rosidl_typesupport_c.dir/rosidl_generator_py/cpp_msg/_cpp_msg_s.ep.rosidl_typesupport_c.c.o[0m
[ 97%] [32m[1mLinking C shared module rosidl_generator_py/cpp_msg/cpp_msg_s__rosidl_typesupport_c.so[0m
[ 97%] [32m[1mLinking C shared module rosidl_generator_py/cpp_msg/cpp_msg_s__rosidl_typesupport_introspection_c.so[0m
[ 97%] Built target cpp_msg_s__rosidl_typesupport_introspection_c
[ 97%] Built target cpp_msg_s__rosidl_typesupport_c
[100%] [32m[1mLinking C shared module rosidl_generator_py/cpp_msg/cpp_msg_s__rosidl_typesupport_fastrtps_c.so[0m
[100%] Built target cpp_msg_s__rosidl_typesupport_fastrtps_c
-- Install configuration: ""
-- Installing: /home/sti/ros2/install/cpp_msg/share/ament_index/resource_index/rosidl_interfaces/cpp_msg
-- Installing: /home/sti/ros2/install/cpp_msg/share/cpp_msg/msg/Mymsg.json
-- Installing: /home/sti/ros2/install/cpp_msg/include/cpp_msg/cpp_msg
-- Installing: /home/sti/ros2/install/cpp_msg/include/cpp_msg/cpp_msg/msg
-- Installing: /home/sti/ros2/install/cpp_msg/include/cpp_msg/cpp_msg/msg/rosidl_generator_c__visibility_control.h
-- Installing: /home/sti/ros2/install/cpp_msg/include/cpp_msg/cpp_msg/msg/mymsg.h
-- Installing: /home/sti/ros2/install/cpp_msg/include/cpp_msg/cpp_msg/msg/detail
-- Installing: /home/sti/ros2/install/cpp_msg/include/cpp_msg/cpp_msg/msg/detail/mymsg__functions.h
-- Installing: /home/sti/ros2/install/cpp_msg/include/cpp_msg/cpp_msg/msg/detail/mymsg__type_support.h
-- Installing: /home/sti/ros2/install/cpp_msg/include/cpp_msg/cpp_msg/msg/detail/mymsg__description.c
-- Installing: /home/sti/ros2/install/cpp_msg/include/cpp_msg/cpp_msg/msg/detail/mymsg__functions.c
-- Installing: /home/sti/ros2/install/cpp_msg/include/cpp_msg/cpp_msg/msg/detail/mymsg__struct.h
-- Installing: /home/sti/ros2/install/cpp_msg/include/cpp_msg/cpp_msg/msg/detail/mymsg__type_support.c
-- Installing: /home/sti/ros2/install/cpp_msg/share/cpp_msg/environment/library_path.sh
-- Installing: /home/sti/ros2/install/cpp_msg/share/cpp_msg/environment/library_path.dsv
-- Installing: /home/sti/ros2/install/cpp_msg/lib/libcpp_msg__rosidl_generator_c.so
-- Set non-toolchain portion of runtime path of "/home/sti/ros2/install/cpp_msg/lib/libcpp_msg__rosidl_generator_c.so" to ""
-- Up-to-date: /home/sti/ros2/install/cpp_msg/include/cpp_msg/cpp_msg
-- Up-to-date: /home/sti/ros2/install/cpp_msg/include/cpp_msg/cpp_msg/msg
-- Installing: /home/sti/ros2/install/cpp_msg/include/cpp_msg/cpp_msg/msg/rosidl_typesupport_fastrtps_c__visibility_control.h
-- Up-to-date: /home/sti/ros2/install/cpp_msg/include/cpp_msg/cpp_msg/msg/detail
-- Installing: /home/sti/ros2/install/cpp_msg/include/cpp_msg/cpp_msg/msg/detail/mymsg__rosidl_typesupport_fastrtps_c.h
-- Installing: /home/sti/ros2/install/cpp_msg/lib/libcpp_msg__rosidl_typesupport_fastrtps_c.so
-- Set non-toolchain portion of runtime path of "/home/sti/ros2/install/cpp_msg/lib/libcpp_msg__rosidl_typesupport_fastrtps_c.so" to ""
-- Up-to-date: /home/sti/ros2/install/cpp_msg/include/cpp_msg/cpp_msg
-- Up-to-date: /home/sti/ros2/install/cpp_msg/include/cpp_msg/cpp_msg/msg
-- Installing: /home/sti/ros2/install/cpp_msg/include/cpp_msg/cpp_msg/msg/rosidl_generator_cpp__visibility_control.hpp
-- Installing: /home/sti/ros2/install/cpp_msg/include/cpp_msg/cpp_msg/msg/mymsg.hpp
-- Up-to-date: /home/sti/ros2/install/cpp_msg/include/cpp_msg/cpp_msg/msg/detail
-- Installing: /home/sti/ros2/install/cpp_msg/include/cpp_msg/cpp_msg/msg/detail/mymsg__type_support.hpp
-- Installing: /home/sti/ros2/install/cpp_msg/include/cpp_msg/cpp_msg/msg/detail/mymsg__traits.hpp
-- Installing: /home/sti/ros2/install/cpp_msg/include/cpp_msg/cpp_msg/msg/detail/mymsg__struct.hpp
-- Installing: /home/sti/ros2/install/cpp_msg/include/cpp_msg/cpp_msg/msg/detail/mymsg__builder.hpp
-- Up-to-date: /home/sti/ros2/install/cpp_msg/include/cpp_msg/cpp_msg
-- Up-to-date: /home/sti/ros2/install/cpp_msg/include/cpp_msg/cpp_msg/msg
-- Installing: /home/sti/ros2/install/cpp_msg/include/cpp_msg/cpp_msg/msg/rosidl_typesupport_fastrtps_cpp__visibility_control.h
-- Up-to-date: /home/sti/ros2/install/cpp_msg/include/cpp_msg/cpp_msg/msg/detail
-- Installing: /home/sti/ros2/install/cpp_msg/include/cpp_msg/cpp_msg/msg/detail/mymsg__rosidl_typesupport_fastrtps_cpp.hpp
-- Installing: /home/sti/ros2/install/cpp_msg/include/cpp_msg/cpp_msg/msg/detail/dds_fastrtps
-- Installing: /home/sti/ros2/install/cpp_msg/lib/libcpp_msg__rosidl_typesupport_fastrtps_cpp.so
-- Set non-toolchain portion of runtime path of "/home/sti/ros2/install/cpp_msg/lib/libcpp_msg__rosidl_typesupport_fastrtps_cpp.so" to ""
-- Up-to-date: /home/sti/ros2/install/cpp_msg/include/cpp_msg/cpp_msg
-- Up-to-date: /home/sti/ros2/install/cpp_msg/include/cpp_msg/cpp_msg/msg
-- Installing: /home/sti/ros2/install/cpp_msg/include/cpp_msg/cpp_msg/msg/rosidl_typesupport_introspection_c__visibility_control.h
-- Up-to-date: /home/sti/ros2/install/cpp_msg/include/cpp_msg/cpp_msg/msg/detail
-- Installing: /home/sti/ros2/install/cpp_msg/include/cpp_msg/cpp_msg/msg/detail/mymsg__rosidl_typesupport_introspection_c.h
-- Installing: /home/sti/ros2/install/cpp_msg/include/cpp_msg/cpp_msg/msg/detail/mymsg__type_support.c
-- Installing: /home/sti/ros2/install/cpp_msg/lib/libcpp_msg__rosidl_typesupport_introspection_c.so
-- Set non-toolchain portion of runtime path of "/home/sti/ros2/install/cpp_msg/lib/libcpp_msg__rosidl_typesupport_introspection_c.so" to ""
-- Installing: /home/sti/ros2/install/cpp_msg/lib/libcpp_msg__rosidl_typesupport_c.so
-- Set non-toolchain portion of runtime path of "/home/sti/ros2/install/cpp_msg/lib/libcpp_msg__rosidl_typesupport_c.so" to ""
-- Up-to-date: /home/sti/ros2/install/cpp_msg/include/cpp_msg/cpp_msg
-- Up-to-date: /home/sti/ros2/install/cpp_msg/include/cpp_msg/cpp_msg/msg
-- Up-to-date: /home/sti/ros2/install/cpp_msg/include/cpp_msg/cpp_msg/msg/detail
-- Installing: /home/sti/ros2/install/cpp_msg/include/cpp_msg/cpp_msg/msg/detail/mymsg__rosidl_typesupport_introspection_cpp.hpp
-- Installing: /home/sti/ros2/install/cpp_msg/include/cpp_msg/cpp_msg/msg/detail/mymsg__type_support.cpp
-- Installing: /home/sti/ros2/install/cpp_msg/lib/libcpp_msg__rosidl_typesupport_introspection_cpp.so
-- Set non-toolchain portion of runtime path of "/home/sti/ros2/install/cpp_msg/lib/libcpp_msg__rosidl_typesupport_introspection_cpp.so" to ""
-- Installing: /home/sti/ros2/install/cpp_msg/lib/libcpp_msg__rosidl_typesupport_cpp.so
-- Set non-toolchain portion of runtime path of "/home/sti/ros2/install/cpp_msg/lib/libcpp_msg__rosidl_typesupport_cpp.so" to ""
-- Installing: /home/sti/ros2/install/cpp_msg/share/cpp_msg/environment/pythonpath.sh
-- Installing: /home/sti/ros2/install/cpp_msg/share/cpp_msg/environment/pythonpath.dsv
-- Installing: /home/sti/ros2/install/cpp_msg/lib/python3.12/site-packages/cpp_msg-0.0.0-py3.12.egg-info
-- Installing: /home/sti/ros2/install/cpp_msg/lib/python3.12/site-packages/cpp_msg-0.0.0-py3.12.egg-info/PKG-INFO
-- Installing: /home/sti/ros2/install/cpp_msg/lib/python3.12/site-packages/cpp_msg-0.0.0-py3.12.egg-info/SOURCES.txt
-- Installing: /home/sti/ros2/install/cpp_msg/lib/python3.12/site-packages/cpp_msg-0.0.0-py3.12.egg-info/top_level.txt
-- Installing: /home/sti/ros2/install/cpp_msg/lib/python3.12/site-packages/cpp_msg-0.0.0-py3.12.egg-info/dependency_links.txt
-- Installing: /home/sti/ros2/install/cpp_msg/lib/python3.12/site-packages/cpp_msg
-- Installing: /home/sti/ros2/install/cpp_msg/lib/python3.12/site-packages/cpp_msg/_cpp_msg_s.ep.rosidl_typesupport_fastrtps_c.c
-- Installing: /home/sti/ros2/install/cpp_msg/lib/python3.12/site-packages/cpp_msg/cpp_msg_s__rosidl_typesupport_c.so
-- Installing: /home/sti/ros2/install/cpp_msg/lib/python3.12/site-packages/cpp_msg/__init__.py
-- Installing: /home/sti/ros2/install/cpp_msg/lib/python3.12/site-packages/cpp_msg/cpp_msg_s__rosidl_typesupport_introspection_c.so
-- Installing: /home/sti/ros2/install/cpp_msg/lib/python3.12/site-packages/cpp_msg/msg
-- Installing: /home/sti/ros2/install/cpp_msg/lib/python3.12/site-packages/cpp_msg/msg/_mymsg_s.c
-- Installing: /home/sti/ros2/install/cpp_msg/lib/python3.12/site-packages/cpp_msg/msg/__init__.py
-- Installing: /home/sti/ros2/install/cpp_msg/lib/python3.12/site-packages/cpp_msg/msg/_mymsg.py
-- Installing: /home/sti/ros2/install/cpp_msg/lib/python3.12/site-packages/cpp_msg/_cpp_msg_s.ep.rosidl_typesupport_introspection_c.c
-- Installing: /home/sti/ros2/install/cpp_msg/lib/python3.12/site-packages/cpp_msg/_cpp_msg_s.ep.rosidl_typesupport_c.c
-- Installing: /home/sti/ros2/install/cpp_msg/lib/python3.12/site-packages/cpp_msg/cpp_msg_s__rosidl_typesupport_fastrtps_c.so
Listing '/home/sti/ros2/install/cpp_msg/lib/python3.12/site-packages/cpp_msg'...
Compiling '/home/sti/ros2/install/cpp_msg/lib/python3.12/site-packages/cpp_msg/__init__.py'...
Listing '/home/sti/ros2/install/cpp_msg/lib/python3.12/site-packages/cpp_msg/msg'...
Compiling '/home/sti/ros2/install/cpp_msg/lib/python3.12/site-packages/cpp_msg/msg/__init__.py'...
Compiling '/home/sti/ros2/install/cpp_msg/lib/python3.12/site-packages/cpp_msg/msg/_mymsg.py'...
-- Installing: /home/sti/ros2/install/cpp_msg/lib/python3.12/site-packages/cpp_msg/cpp_msg_s__rosidl_typesupport_fastrtps_c.so
-- Set non-toolchain portion of runtime path of "/home/sti/ros2/install/cpp_msg/lib/python3.12/site-packages/cpp_msg/cpp_msg_s__rosidl_typesupport_fastrtps_c.so" to ""
-- Installing: /home/sti/ros2/install/cpp_msg/lib/python3.12/site-packages/cpp_msg/cpp_msg_s__rosidl_typesupport_introspection_c.so
-- Set non-toolchain portion of runtime path of "/home/sti/ros2/install/cpp_msg/lib/python3.12/site-packages/cpp_msg/cpp_msg_s__rosidl_typesupport_introspection_c.so" to ""
-- Installing: /home/sti/ros2/install/cpp_msg/lib/python3.12/site-packages/cpp_msg/cpp_msg_s__rosidl_typesupport_c.so
-- Set non-toolchain portion of runtime path of "/home/sti/ros2/install/cpp_msg/lib/python3.12/site-packages/cpp_msg/cpp_msg_s__rosidl_typesupport_c.so" to ""
-- Installing: /home/sti/ros2/install/cpp_msg/lib/libcpp_msg__rosidl_generator_py.so
-- Set non-toolchain portion of runtime path of "/home/sti/ros2/install/cpp_msg/lib/libcpp_msg__rosidl_generator_py.so" to ""
-- Installing: /home/sti/ros2/install/cpp_msg/share/ament_index/resource_index/rust_packages/cpp_msg
-- Installing: /home/sti/ros2/install/cpp_msg/share/cpp_msg/rust
-- Installing: /home/sti/ros2/install/cpp_msg/share/cpp_msg/rust/src
-- Installing: /home/sti/ros2/install/cpp_msg/share/cpp_msg/rust/src/msg.rs
-- Installing: /home/sti/ros2/install/cpp_msg/share/cpp_msg/rust/src/msg
-- Installing: /home/sti/ros2/install/cpp_msg/share/cpp_msg/rust/src/msg/rmw.rs
-- Installing: /home/sti/ros2/install/cpp_msg/share/cpp_msg/rust/src/lib.rs
-- Installing: /home/sti/ros2/install/cpp_msg/share/cpp_msg/rust/build.rs
-- Installing: /home/sti/ros2/install/cpp_msg/share/cpp_msg/rust/Cargo.toml
-- Installing: /home/sti/ros2/install/cpp_msg/share/cpp_msg/msg/Mymsg.idl
-- Installing: /home/sti/ros2/install/cpp_msg/share/cpp_msg/msg/Mymsg.msg
-- Installing: /home/sti/ros2/install/cpp_msg/share/ament_index/resource_index/package_run_dependencies/cpp_msg
-- Installing: /home/sti/ros2/install/cpp_msg/share/ament_index/resource_index/parent_prefix_path/cpp_msg
-- Installing: /home/sti/ros2/install/cpp_msg/share/cpp_msg/environment/ament_prefix_path.sh
-- Installing: /home/sti/ros2/install/cpp_msg/share/cpp_msg/environment/ament_prefix_path.dsv
-- Installing: /home/sti/ros2/install/cpp_msg/share/cpp_msg/environment/path.sh
-- Installing: /home/sti/ros2/install/cpp_msg/share/cpp_msg/environment/path.dsv
-- Installing: /home/sti/ros2/install/cpp_msg/share/cpp_msg/local_setup.bash
-- Installing: /home/sti/ros2/install/cpp_msg/share/cpp_msg/local_setup.sh
-- Installing: /home/sti/ros2/install/cpp_msg/share/cpp_msg/local_setup.zsh
-- Installing: /home/sti/ros2/install/cpp_msg/share/cpp_msg/local_setup.dsv
-- Installing: /home/sti/ros2/install/cpp_msg/share/cpp_msg/package.dsv
-- Installing: /home/sti/ros2/install/cpp_msg/share/ament_index/resource_index/packages/cpp_msg
-- Installing: /home/sti/ros2/install/cpp_msg/share/cpp_msg/cmake/export_cpp_msg__rosidl_generator_cExport.cmake
-- Installing: /home/sti/ros2/install/cpp_msg/share/cpp_msg/cmake/export_cpp_msg__rosidl_generator_cExport-noconfig.cmake
-- Installing: /home/sti/ros2/install/cpp_msg/share/cpp_msg/cmake/export_cpp_msg__rosidl_typesupport_fastrtps_cExport.cmake
-- Installing: /home/sti/ros2/install/cpp_msg/share/cpp_msg/cmake/export_cpp_msg__rosidl_typesupport_fastrtps_cExport-noconfig.cmake
-- Installing: /home/sti/ros2/install/cpp_msg/share/cpp_msg/cmake/export_cpp_msg__rosidl_generator_cppExport.cmake
-- Installing: /home/sti/ros2/install/cpp_msg/share/cpp_msg/cmake/export_cpp_msg__rosidl_typesupport_fastrtps_cppExport.cmake
-- Installing: /home/sti/ros2/install/cpp_msg/share/cpp_msg/cmake/export_cpp_msg__rosidl_typesupport_fastrtps_cppExport-noconfig.cmake
-- Installing: /home/sti/ros2/install/cpp_msg/share/cpp_msg/cmake/cpp_msg__rosidl_typesupport_introspection_cExport.cmake
-- Installing: /home/sti/ros2/install/cpp_msg/share/cpp_msg/cmake/cpp_msg__rosidl_typesupport_introspection_cExport-noconfig.cmake
-- Installing: /home/sti/ros2/install/cpp_msg/share/cpp_msg/cmake/cpp_msg__rosidl_typesupport_cExport.cmake
-- Installing: /home/sti/ros2/install/cpp_msg/share/cpp_msg/cmake/cpp_msg__rosidl_typesupport_cExport-noconfig.cmake
-- Installing: /home/sti/ros2/install/cpp_msg/share/cpp_msg/cmake/cpp_msg__rosidl_typesupport_introspection_cppExport.cmake
-- Installing: /home/sti/ros2/install/cpp_msg/share/cpp_msg/cmake/cpp_msg__rosidl_typesupport_introspection_cppExport-noconfig.cmake
-- Installing: /home/sti/ros2/install/cpp_msg/share/cpp_msg/cmake/cpp_msg__rosidl_typesupport_cppExport.cmake
-- Installing: /home/sti/ros2/install/cpp_msg/share/cpp_msg/cmake/cpp_msg__rosidl_typesupport_cppExport-noconfig.cmake
-- Installing: /home/sti/ros2/install/cpp_msg/share/cpp_msg/cmake/export_cpp_msg__rosidl_generator_pyExport.cmake
-- Installing: /home/sti/ros2/install/cpp_msg/share/cpp_msg/cmake/export_cpp_msg__rosidl_generator_pyExport-noconfig.cmake
-- Installing: /home/sti/ros2/install/cpp_msg/share/cpp_msg/cmake/rosidl_cmake-extras.cmake
-- Installing: /home/sti/ros2/install/cpp_msg/share/cpp_msg/cmake/ament_cmake_export_dependencies-extras.cmake
-- Installing: /home/sti/ros2/install/cpp_msg/share/cpp_msg/cmake/ament_cmake_export_include_directories-extras.cmake
-- Installing: /home/sti/ros2/install/cpp_msg/share/cpp_msg/cmake/ament_cmake_export_libraries-extras.cmake
-- Installing: /home/sti/ros2/install/cpp_msg/share/cpp_msg/cmake/ament_cmake_export_targets-extras.cmake
-- Installing: /home/sti/ros2/install/cpp_msg/share/cpp_msg/cmake/rosidl_cmake_export_typesupport_targets-extras.cmake
-- Installing: /home/sti/ros2/install/cpp_msg/share/cpp_msg/cmake/rosidl_cmake_export_typesupport_libraries-extras.cmake
-- Installing: /home/sti/ros2/install/cpp_msg/share/cpp_msg/cmake/cpp_msgConfig.cmake
-- Installing: /home/sti/ros2/install/cpp_msg/share/cpp_msg/cmake/cpp_msgConfig-version.cmake
-- Installing: /home/sti/ros2/install/cpp_msg/share/cpp_msg/package.xml
