[0.008s] Invoking command in '/home/sti/ros2/build/cpp_msg': CMAKE_PREFIX_PATH=${CMAKE_PREFIX_PATH}:/home/sti/ros2_21_tutorials/install/learning_urdf:/home/sti/ros2_21_tutorials/install/learning_topic:/home/sti/ros2_21_tutorials/install/learning_tf:/home/sti/ros2_21_tutorials/install/learning_service:/home/sti/ros2_21_tutorials/install/learning_qos:/home/sti/ros2_21_tutorials/install/learning_pkg_python:/home/sti/ros2_21_tutorials/install/learning_parameter:/home/sti/ros2_21_tutorials/install/learning_node:/home/sti/ros2_21_tutorials/install/learning_launch:/home/sti/ros2_21_tutorials/install/learning_action:/home/sti/ros2_21_tutorials/install/learning_gazebo:/home/sti/ros2_21_tutorials/install/learning_cv:/home/sti/ros2/install/ros2_test:/home/sti/ros2/install/py_topic_publisher:/home/sti/ros2/install/py_topic:/opt/ros/jazzy DEBUGINFOD_URLS=https://debuginfod.ubuntu.com /usr/bin/cmake /home/sti/ros2/src/cpp_msg -DCMAKE_INSTALL_PREFIX=/home/sti/ros2/install/cpp_msg
[0.018s] -- Found ament_cmake: 2.5.6 (/opt/ros/jazzy/share/ament_cmake/cmake)
[0.185s] -- Found rclcpp: 28.1.18 (/opt/ros/jazzy/share/rclcpp/cmake)
[0.201s] -- Found rosidl_generator_c: 4.6.7 (/opt/ros/jazzy/share/rosidl_generator_c/cmake)
[0.206s] -- Found rosidl_generator_cpp: 4.6.7 (/opt/ros/jazzy/share/rosidl_generator_cpp/cmake)
[0.214s] -- Using all available rosidl_typesupport_c: rosidl_typesupport_fastrtps_c;rosidl_typesupport_introspection_c
[0.224s] -- Using all available rosidl_typesupport_cpp: rosidl_typesupport_fastrtps_cpp;rosidl_typesupport_introspection_cpp
[0.263s] -- Found rmw_implementation_cmake: 7.3.3 (/opt/ros/jazzy/share/rmw_implementation_cmake/cmake)
[0.264s] -- Found rmw_fastrtps_cpp: 8.4.3 (/opt/ros/jazzy/share/rmw_fastrtps_cpp/cmake)
[0.317s] -- Using RMW implementation 'rmw_fastrtps_cpp' as default
[0.364s] -- Found sensor_msgs: 5.3.7 (/opt/ros/jazzy/share/sensor_msgs/cmake)
[0.399s] -- Found rosidl_default_generators: 1.6.0 (/opt/ros/jazzy/share/rosidl_default_generators/cmake)
[0.407s] -- Found rosidl_adapter: 4.6.7 (/opt/ros/jazzy/share/rosidl_adapter/cmake)
[0.408s] -- Found ament_lint_auto: 0.17.5 (/opt/ros/jazzy/share/ament_lint_auto/cmake)
[0.921s] -- Found ament_cmake_ros: 0.12.0 (/opt/ros/jazzy/share/ament_cmake_ros/cmake)
[1.651s] -- Using all available rosidl_typesupport_c: rosidl_typesupport_fastrtps_c;rosidl_typesupport_introspection_c
[1.926s] -- Using all available rosidl_typesupport_cpp: rosidl_typesupport_fastrtps_cpp;rosidl_typesupport_introspection_cpp
[1.929s] -- Found python_cmake_module: 0.11.1 (/opt/ros/jazzy/share/python_cmake_module/cmake)
[2.045s] -- Found PythonExtra: /usr/bin/python3  
[2.432s] -- Found Python3: /usr/bin/python3 (found version "3.12.3") found components: Interpreter Development NumPy Development.Module Development.Embed 
[2.529s] -- Found Python3: /usr/bin/python3 (found version "3.12.3") found components: Interpreter 
[2.533s] -- Added test 'lint_cmake' to check CMake code style
[2.534s] -- Added test 'xmllint' to check XML markup files
[2.538s] -- Configuring done (2.5s)
[2.563s] -- Generating done (0.0s)
[2.571s] -- Build files have been written to: /home/sti/ros2/build/cpp_msg
[2.579s] Invoked command in '/home/sti/ros2/build/cpp_msg' returned '0': CMAKE_PREFIX_PATH=${CMAKE_PREFIX_PATH}:/home/sti/ros2_21_tutorials/install/learning_urdf:/home/sti/ros2_21_tutorials/install/learning_topic:/home/sti/ros2_21_tutorials/install/learning_tf:/home/sti/ros2_21_tutorials/install/learning_service:/home/sti/ros2_21_tutorials/install/learning_qos:/home/sti/ros2_21_tutorials/install/learning_pkg_python:/home/sti/ros2_21_tutorials/install/learning_parameter:/home/sti/ros2_21_tutorials/install/learning_node:/home/sti/ros2_21_tutorials/install/learning_launch:/home/sti/ros2_21_tutorials/install/learning_action:/home/sti/ros2_21_tutorials/install/learning_gazebo:/home/sti/ros2_21_tutorials/install/learning_cv:/home/sti/ros2/install/ros2_test:/home/sti/ros2/install/py_topic_publisher:/home/sti/ros2/install/py_topic:/opt/ros/jazzy DEBUGINFOD_URLS=https://debuginfod.ubuntu.com /usr/bin/cmake /home/sti/ros2/src/cpp_msg -DCMAKE_INSTALL_PREFIX=/home/sti/ros2/install/cpp_msg
[2.582s] Invoking command in '/home/sti/ros2/build/cpp_msg': CMAKE_PREFIX_PATH=${CMAKE_PREFIX_PATH}:/home/sti/ros2_21_tutorials/install/learning_urdf:/home/sti/ros2_21_tutorials/install/learning_topic:/home/sti/ros2_21_tutorials/install/learning_tf:/home/sti/ros2_21_tutorials/install/learning_service:/home/sti/ros2_21_tutorials/install/learning_qos:/home/sti/ros2_21_tutorials/install/learning_pkg_python:/home/sti/ros2_21_tutorials/install/learning_parameter:/home/sti/ros2_21_tutorials/install/learning_node:/home/sti/ros2_21_tutorials/install/learning_launch:/home/sti/ros2_21_tutorials/install/learning_action:/home/sti/ros2_21_tutorials/install/learning_gazebo:/home/sti/ros2_21_tutorials/install/learning_cv:/home/sti/ros2/install/ros2_test:/home/sti/ros2/install/py_topic_publisher:/home/sti/ros2/install/py_topic:/opt/ros/jazzy DEBUGINFOD_URLS=https://debuginfod.ubuntu.com /usr/bin/cmake --build /home/sti/ros2/build/cpp_msg -- -j14 -l14
[2.625s] [  5%] [34m[1mGenerating type hashes for ROS interfaces[0m
[2.625s] [  5%] [34m[1mGenerating Rust code for ROS interfaces[0m
[2.630s] [  5%] Built target ament_cmake_python_copy_cpp_msg
[2.786s] running egg_info
[2.787s] creating cpp_msg.egg-info
[2.792s] [  5%] Built target cpp_msg__rosidl_generator_type_description
[2.801s] [  8%] [34m[1mGenerating C code for ROS interfaces[0m
[2.807s] writing cpp_msg.egg-info/PKG-INFO
[2.807s] writing dependency_links to cpp_msg.egg-info/dependency_links.txt
[2.807s] writing top-level names to cpp_msg.egg-info/top_level.txt
[2.807s] writing manifest file 'cpp_msg.egg-info/SOURCES.txt'
[2.814s] [ 11%] [34m[1mGenerating C++ code for ROS interfaces[0m
[2.835s] [ 11%] Built target cpp_msg__rs
[2.864s] reading manifest file 'cpp_msg.egg-info/SOURCES.txt'
[2.864s] writing manifest file 'cpp_msg.egg-info/SOURCES.txt'
[2.902s] [ 11%] Built target ament_cmake_python_build_cpp_msg_egg
[2.985s] [ 20%] [32mBuilding C object CMakeFiles/cpp_msg__rosidl_generator_c.dir/rosidl_generator_c/cpp_msg/msg/detail/mymsg__functions.c.o[0m
[2.985s] [ 20%] [32mBuilding C object CMakeFiles/cpp_msg__rosidl_generator_c.dir/rosidl_generator_c/cpp_msg/msg/detail/mymsg__description.c.o[0m
[2.986s] [ 20%] [32mBuilding C object CMakeFiles/cpp_msg__rosidl_generator_c.dir/rosidl_generator_c/cpp_msg/msg/detail/mymsg__type_support.c.o[0m
[3.035s] [ 22%] [32m[1mLinking C shared library libcpp_msg__rosidl_generator_c.so[0m
[3.049s] [ 22%] Built target cpp_msg__cpp
[3.074s] [ 22%] Built target cpp_msg__rosidl_generator_c
[3.081s] [ 28%] [34m[1mGenerating C++ introspection for ROS interfaces[0m
[3.081s] [ 28%] [34m[1mGenerating C type support dispatch for ROS interfaces[0m
[3.083s] [ 34%] [34m[1mGenerating C type support for eProsima Fast-RTPS[0m
[3.083s] [ 34%] [34m[1mGenerating C++ type support for eProsima Fast-RTPS[0m
[3.083s] [ 37%] [34m[1mGenerating C introspection for ROS interfaces[0m
[3.083s] [ 40%] [34m[1mGenerating C++ type support dispatch for ROS interfaces[0m
[3.229s] [ 42%] [32mBuilding CXX object CMakeFiles/cpp_msg__rosidl_typesupport_c.dir/rosidl_typesupport_c/cpp_msg/msg/mymsg__type_support.cpp.o[0m
[3.243s] [ 45%] [32mBuilding CXX object CMakeFiles/cpp_msg__rosidl_typesupport_cpp.dir/rosidl_typesupport_cpp/cpp_msg/msg/mymsg__type_support.cpp.o[0m
[3.265s] [ 48%] [32m[1mLinking CXX shared library libcpp_msg__rosidl_typesupport_c.so[0m
[3.302s] [ 48%] Built target cpp_msg__rosidl_typesupport_c
[3.307s] [ 51%] [32mBuilding C object CMakeFiles/cpp_msg__rosidl_typesupport_introspection_c.dir/rosidl_typesupport_introspection_c/cpp_msg/msg/detail/mymsg__type_support.c.o[0m
[3.326s] [ 54%] [32mBuilding CXX object CMakeFiles/cpp_msg__rosidl_typesupport_introspection_cpp.dir/rosidl_typesupport_introspection_cpp/cpp_msg/msg/detail/mymsg__type_support.cpp.o[0m
[3.337s] [ 57%] [32m[1mLinking C shared library libcpp_msg__rosidl_typesupport_introspection_c.so[0m
[3.344s] [ 60%] [32mBuilding CXX object CMakeFiles/cpp_msg__rosidl_typesupport_fastrtps_c.dir/rosidl_typesupport_fastrtps_c/cpp_msg/msg/detail/mymsg__type_support_c.cpp.o[0m
[3.362s] [ 62%] [32mBuilding CXX object CMakeFiles/cpp_msg__rosidl_typesupport_fastrtps_cpp.dir/rosidl_typesupport_fastrtps_cpp/cpp_msg/msg/detail/dds_fastrtps/mymsg__type_support.cpp.o[0m
[3.364s] [ 62%] Built target cpp_msg__rosidl_typesupport_introspection_c
[3.493s] [ 65%] [32m[1mLinking CXX shared library libcpp_msg__rosidl_typesupport_cpp.so[0m
[3.538s] [ 65%] Built target cpp_msg__rosidl_typesupport_cpp
[3.633s] [ 68%] [32m[1mLinking CXX shared library libcpp_msg__rosidl_typesupport_introspection_cpp.so[0m
[3.644s] [ 71%] [32m[1mLinking CXX shared library libcpp_msg__rosidl_typesupport_fastrtps_c.so[0m
[3.666s] [ 74%] [32m[1mLinking CXX shared library libcpp_msg__rosidl_typesupport_fastrtps_cpp.so[0m
[3.683s] [ 74%] Built target cpp_msg__rosidl_typesupport_introspection_cpp
[3.710s] [ 74%] Built target cpp_msg__rosidl_typesupport_fastrtps_c
[3.727s] [ 74%] Built target cpp_msg__rosidl_typesupport_fastrtps_cpp
[3.743s] [ 74%] Built target cpp_msg
[3.762s] [ 77%] [34m[1mGenerating Python code for ROS interfaces[0m
[3.945s] [ 77%] Built target cpp_msg__py
[3.961s] [ 80%] [32mBuilding C object CMakeFiles/cpp_msg__rosidl_generator_py.dir/rosidl_generator_py/cpp_msg/msg/_mymsg_s.c.o[0m
[4.055s] [ 82%] [32m[1mLinking C shared library libcpp_msg__rosidl_generator_py.so[0m
[4.093s] [ 82%] Built target cpp_msg__rosidl_generator_py
[4.110s] [ 85%] [32mBuilding C object CMakeFiles/cpp_msg_s__rosidl_typesupport_fastrtps_c.dir/rosidl_generator_py/cpp_msg/_cpp_msg_s.ep.rosidl_typesupport_fastrtps_c.c.o[0m
[4.113s] [ 88%] [32mBuilding C object CMakeFiles/cpp_msg_s__rosidl_typesupport_introspection_c.dir/rosidl_generator_py/cpp_msg/_cpp_msg_s.ep.rosidl_typesupport_introspection_c.c.o[0m
[4.114s] [ 91%] [32mBuilding C object CMakeFiles/cpp_msg_s__rosidl_typesupport_c.dir/rosidl_generator_py/cpp_msg/_cpp_msg_s.ep.rosidl_typesupport_c.c.o[0m
[4.174s] [ 97%] [32m[1mLinking C shared module rosidl_generator_py/cpp_msg/cpp_msg_s__rosidl_typesupport_c.so[0m
[4.174s] [ 97%] [32m[1mLinking C shared module rosidl_generator_py/cpp_msg/cpp_msg_s__rosidl_typesupport_introspection_c.so[0m
[4.200s] [ 97%] Built target cpp_msg_s__rosidl_typesupport_introspection_c
[4.202s] [ 97%] Built target cpp_msg_s__rosidl_typesupport_c
[4.211s] [100%] [32m[1mLinking C shared module rosidl_generator_py/cpp_msg/cpp_msg_s__rosidl_typesupport_fastrtps_c.so[0m
[4.236s] [100%] Built target cpp_msg_s__rosidl_typesupport_fastrtps_c
[4.246s] Invoked command in '/home/sti/ros2/build/cpp_msg' returned '0': CMAKE_PREFIX_PATH=${CMAKE_PREFIX_PATH}:/home/sti/ros2_21_tutorials/install/learning_urdf:/home/sti/ros2_21_tutorials/install/learning_topic:/home/sti/ros2_21_tutorials/install/learning_tf:/home/sti/ros2_21_tutorials/install/learning_service:/home/sti/ros2_21_tutorials/install/learning_qos:/home/sti/ros2_21_tutorials/install/learning_pkg_python:/home/sti/ros2_21_tutorials/install/learning_parameter:/home/sti/ros2_21_tutorials/install/learning_node:/home/sti/ros2_21_tutorials/install/learning_launch:/home/sti/ros2_21_tutorials/install/learning_action:/home/sti/ros2_21_tutorials/install/learning_gazebo:/home/sti/ros2_21_tutorials/install/learning_cv:/home/sti/ros2/install/ros2_test:/home/sti/ros2/install/py_topic_publisher:/home/sti/ros2/install/py_topic:/opt/ros/jazzy DEBUGINFOD_URLS=https://debuginfod.ubuntu.com /usr/bin/cmake --build /home/sti/ros2/build/cpp_msg -- -j14 -l14
[4.257s] Invoking command in '/home/sti/ros2/build/cpp_msg': CMAKE_PREFIX_PATH=${CMAKE_PREFIX_PATH}:/home/sti/ros2_21_tutorials/install/learning_urdf:/home/sti/ros2_21_tutorials/install/learning_topic:/home/sti/ros2_21_tutorials/install/learning_tf:/home/sti/ros2_21_tutorials/install/learning_service:/home/sti/ros2_21_tutorials/install/learning_qos:/home/sti/ros2_21_tutorials/install/learning_pkg_python:/home/sti/ros2_21_tutorials/install/learning_parameter:/home/sti/ros2_21_tutorials/install/learning_node:/home/sti/ros2_21_tutorials/install/learning_launch:/home/sti/ros2_21_tutorials/install/learning_action:/home/sti/ros2_21_tutorials/install/learning_gazebo:/home/sti/ros2_21_tutorials/install/learning_cv:/home/sti/ros2/install/ros2_test:/home/sti/ros2/install/py_topic_publisher:/home/sti/ros2/install/py_topic:/opt/ros/jazzy DEBUGINFOD_URLS=https://debuginfod.ubuntu.com /usr/bin/cmake --install /home/sti/ros2/build/cpp_msg
[4.265s] -- Install configuration: ""
[4.265s] -- Installing: /home/sti/ros2/install/cpp_msg/share/ament_index/resource_index/rosidl_interfaces/cpp_msg
[4.265s] -- Installing: /home/sti/ros2/install/cpp_msg/share/cpp_msg/msg/Mymsg.json
[4.265s] -- Installing: /home/sti/ros2/install/cpp_msg/include/cpp_msg/cpp_msg
[4.265s] -- Installing: /home/sti/ros2/install/cpp_msg/include/cpp_msg/cpp_msg/msg
[4.265s] -- Installing: /home/sti/ros2/install/cpp_msg/include/cpp_msg/cpp_msg/msg/rosidl_generator_c__visibility_control.h
[4.265s] -- Installing: /home/sti/ros2/install/cpp_msg/include/cpp_msg/cpp_msg/msg/mymsg.h
[4.266s] -- Installing: /home/sti/ros2/install/cpp_msg/include/cpp_msg/cpp_msg/msg/detail
[4.266s] -- Installing: /home/sti/ros2/install/cpp_msg/include/cpp_msg/cpp_msg/msg/detail/mymsg__functions.h
[4.266s] -- Installing: /home/sti/ros2/install/cpp_msg/include/cpp_msg/cpp_msg/msg/detail/mymsg__type_support.h
[4.266s] -- Installing: /home/sti/ros2/install/cpp_msg/include/cpp_msg/cpp_msg/msg/detail/mymsg__description.c
[4.266s] -- Installing: /home/sti/ros2/install/cpp_msg/include/cpp_msg/cpp_msg/msg/detail/mymsg__functions.c
[4.266s] -- Installing: /home/sti/ros2/install/cpp_msg/include/cpp_msg/cpp_msg/msg/detail/mymsg__struct.h
[4.266s] -- Installing: /home/sti/ros2/install/cpp_msg/include/cpp_msg/cpp_msg/msg/detail/mymsg__type_support.c
[4.266s] -- Installing: /home/sti/ros2/install/cpp_msg/share/cpp_msg/environment/library_path.sh
[4.266s] -- Installing: /home/sti/ros2/install/cpp_msg/share/cpp_msg/environment/library_path.dsv
[4.266s] -- Installing: /home/sti/ros2/install/cpp_msg/lib/libcpp_msg__rosidl_generator_c.so
[4.267s] -- Set non-toolchain portion of runtime path of "/home/sti/ros2/install/cpp_msg/lib/libcpp_msg__rosidl_generator_c.so" to ""
[4.267s] -- Up-to-date: /home/sti/ros2/install/cpp_msg/include/cpp_msg/cpp_msg
[4.267s] -- Up-to-date: /home/sti/ros2/install/cpp_msg/include/cpp_msg/cpp_msg/msg
[4.267s] -- Installing: /home/sti/ros2/install/cpp_msg/include/cpp_msg/cpp_msg/msg/rosidl_typesupport_fastrtps_c__visibility_control.h
[4.267s] -- Up-to-date: /home/sti/ros2/install/cpp_msg/include/cpp_msg/cpp_msg/msg/detail
[4.267s] -- Installing: /home/sti/ros2/install/cpp_msg/include/cpp_msg/cpp_msg/msg/detail/mymsg__rosidl_typesupport_fastrtps_c.h
[4.267s] -- Installing: /home/sti/ros2/install/cpp_msg/lib/libcpp_msg__rosidl_typesupport_fastrtps_c.so
[4.267s] -- Set non-toolchain portion of runtime path of "/home/sti/ros2/install/cpp_msg/lib/libcpp_msg__rosidl_typesupport_fastrtps_c.so" to ""
[4.267s] -- Up-to-date: /home/sti/ros2/install/cpp_msg/include/cpp_msg/cpp_msg
[4.267s] -- Up-to-date: /home/sti/ros2/install/cpp_msg/include/cpp_msg/cpp_msg/msg
[4.267s] -- Installing: /home/sti/ros2/install/cpp_msg/include/cpp_msg/cpp_msg/msg/rosidl_generator_cpp__visibility_control.hpp
[4.267s] -- Installing: /home/sti/ros2/install/cpp_msg/include/cpp_msg/cpp_msg/msg/mymsg.hpp
[4.268s] -- Up-to-date: /home/sti/ros2/install/cpp_msg/include/cpp_msg/cpp_msg/msg/detail
[4.268s] -- Installing: /home/sti/ros2/install/cpp_msg/include/cpp_msg/cpp_msg/msg/detail/mymsg__type_support.hpp
[4.268s] -- Installing: /home/sti/ros2/install/cpp_msg/include/cpp_msg/cpp_msg/msg/detail/mymsg__traits.hpp
[4.268s] -- Installing: /home/sti/ros2/install/cpp_msg/include/cpp_msg/cpp_msg/msg/detail/mymsg__struct.hpp
[4.268s] -- Installing: /home/sti/ros2/install/cpp_msg/include/cpp_msg/cpp_msg/msg/detail/mymsg__builder.hpp
[4.268s] -- Up-to-date: /home/sti/ros2/install/cpp_msg/include/cpp_msg/cpp_msg
[4.268s] -- Up-to-date: /home/sti/ros2/install/cpp_msg/include/cpp_msg/cpp_msg/msg
[4.268s] -- Installing: /home/sti/ros2/install/cpp_msg/include/cpp_msg/cpp_msg/msg/rosidl_typesupport_fastrtps_cpp__visibility_control.h
[4.268s] -- Up-to-date: /home/sti/ros2/install/cpp_msg/include/cpp_msg/cpp_msg/msg/detail
[4.268s] -- Installing: /home/sti/ros2/install/cpp_msg/include/cpp_msg/cpp_msg/msg/detail/mymsg__rosidl_typesupport_fastrtps_cpp.hpp
[4.268s] -- Installing: /home/sti/ros2/install/cpp_msg/include/cpp_msg/cpp_msg/msg/detail/dds_fastrtps
[4.268s] -- Installing: /home/sti/ros2/install/cpp_msg/lib/libcpp_msg__rosidl_typesupport_fastrtps_cpp.so
[4.268s] -- Set non-toolchain portion of runtime path of "/home/sti/ros2/install/cpp_msg/lib/libcpp_msg__rosidl_typesupport_fastrtps_cpp.so" to ""
[4.269s] -- Up-to-date: /home/sti/ros2/install/cpp_msg/include/cpp_msg/cpp_msg
[4.269s] -- Up-to-date: /home/sti/ros2/install/cpp_msg/include/cpp_msg/cpp_msg/msg
[4.269s] -- Installing: /home/sti/ros2/install/cpp_msg/include/cpp_msg/cpp_msg/msg/rosidl_typesupport_introspection_c__visibility_control.h
[4.269s] -- Up-to-date: /home/sti/ros2/install/cpp_msg/include/cpp_msg/cpp_msg/msg/detail
[4.269s] -- Installing: /home/sti/ros2/install/cpp_msg/include/cpp_msg/cpp_msg/msg/detail/mymsg__rosidl_typesupport_introspection_c.h
[4.269s] -- Installing: /home/sti/ros2/install/cpp_msg/include/cpp_msg/cpp_msg/msg/detail/mymsg__type_support.c
[4.269s] -- Installing: /home/sti/ros2/install/cpp_msg/lib/libcpp_msg__rosidl_typesupport_introspection_c.so
[4.269s] -- Set non-toolchain portion of runtime path of "/home/sti/ros2/install/cpp_msg/lib/libcpp_msg__rosidl_typesupport_introspection_c.so" to ""
[4.269s] -- Installing: /home/sti/ros2/install/cpp_msg/lib/libcpp_msg__rosidl_typesupport_c.so
[4.269s] -- Set non-toolchain portion of runtime path of "/home/sti/ros2/install/cpp_msg/lib/libcpp_msg__rosidl_typesupport_c.so" to ""
[4.269s] -- Up-to-date: /home/sti/ros2/install/cpp_msg/include/cpp_msg/cpp_msg
[4.269s] -- Up-to-date: /home/sti/ros2/install/cpp_msg/include/cpp_msg/cpp_msg/msg
[4.269s] -- Up-to-date: /home/sti/ros2/install/cpp_msg/include/cpp_msg/cpp_msg/msg/detail
[4.270s] -- Installing: /home/sti/ros2/install/cpp_msg/include/cpp_msg/cpp_msg/msg/detail/mymsg__rosidl_typesupport_introspection_cpp.hpp
[4.270s] -- Installing: /home/sti/ros2/install/cpp_msg/include/cpp_msg/cpp_msg/msg/detail/mymsg__type_support.cpp
[4.270s] -- Installing: /home/sti/ros2/install/cpp_msg/lib/libcpp_msg__rosidl_typesupport_introspection_cpp.so
[4.270s] -- Set non-toolchain portion of runtime path of "/home/sti/ros2/install/cpp_msg/lib/libcpp_msg__rosidl_typesupport_introspection_cpp.so" to ""
[4.270s] -- Installing: /home/sti/ros2/install/cpp_msg/lib/libcpp_msg__rosidl_typesupport_cpp.so
[4.270s] -- Set non-toolchain portion of runtime path of "/home/sti/ros2/install/cpp_msg/lib/libcpp_msg__rosidl_typesupport_cpp.so" to ""
[4.270s] -- Installing: /home/sti/ros2/install/cpp_msg/share/cpp_msg/environment/pythonpath.sh
[4.270s] -- Installing: /home/sti/ros2/install/cpp_msg/share/cpp_msg/environment/pythonpath.dsv
[4.270s] -- Installing: /home/sti/ros2/install/cpp_msg/lib/python3.12/site-packages/cpp_msg-0.0.0-py3.12.egg-info
[4.270s] -- Installing: /home/sti/ros2/install/cpp_msg/lib/python3.12/site-packages/cpp_msg-0.0.0-py3.12.egg-info/PKG-INFO
[4.270s] -- Installing: /home/sti/ros2/install/cpp_msg/lib/python3.12/site-packages/cpp_msg-0.0.0-py3.12.egg-info/SOURCES.txt
[4.270s] -- Installing: /home/sti/ros2/install/cpp_msg/lib/python3.12/site-packages/cpp_msg-0.0.0-py3.12.egg-info/top_level.txt
[4.270s] -- Installing: /home/sti/ros2/install/cpp_msg/lib/python3.12/site-packages/cpp_msg-0.0.0-py3.12.egg-info/dependency_links.txt
[4.270s] -- Installing: /home/sti/ros2/install/cpp_msg/lib/python3.12/site-packages/cpp_msg
[4.270s] -- Installing: /home/sti/ros2/install/cpp_msg/lib/python3.12/site-packages/cpp_msg/_cpp_msg_s.ep.rosidl_typesupport_fastrtps_c.c
[4.271s] -- Installing: /home/sti/ros2/install/cpp_msg/lib/python3.12/site-packages/cpp_msg/cpp_msg_s__rosidl_typesupport_c.so
[4.271s] -- Installing: /home/sti/ros2/install/cpp_msg/lib/python3.12/site-packages/cpp_msg/__init__.py
[4.271s] -- Installing: /home/sti/ros2/install/cpp_msg/lib/python3.12/site-packages/cpp_msg/cpp_msg_s__rosidl_typesupport_introspection_c.so
[4.271s] -- Installing: /home/sti/ros2/install/cpp_msg/lib/python3.12/site-packages/cpp_msg/msg
[4.271s] -- Installing: /home/sti/ros2/install/cpp_msg/lib/python3.12/site-packages/cpp_msg/msg/_mymsg_s.c
[4.271s] -- Installing: /home/sti/ros2/install/cpp_msg/lib/python3.12/site-packages/cpp_msg/msg/__init__.py
[4.271s] -- Installing: /home/sti/ros2/install/cpp_msg/lib/python3.12/site-packages/cpp_msg/msg/_mymsg.py
[4.271s] -- Installing: /home/sti/ros2/install/cpp_msg/lib/python3.12/site-packages/cpp_msg/_cpp_msg_s.ep.rosidl_typesupport_introspection_c.c
[4.271s] -- Installing: /home/sti/ros2/install/cpp_msg/lib/python3.12/site-packages/cpp_msg/_cpp_msg_s.ep.rosidl_typesupport_c.c
[4.271s] -- Installing: /home/sti/ros2/install/cpp_msg/lib/python3.12/site-packages/cpp_msg/cpp_msg_s__rosidl_typesupport_fastrtps_c.so
[4.297s] Listing '/home/sti/ros2/install/cpp_msg/lib/python3.12/site-packages/cpp_msg'...
[4.298s] Compiling '/home/sti/ros2/install/cpp_msg/lib/python3.12/site-packages/cpp_msg/__init__.py'...
[4.298s] Listing '/home/sti/ros2/install/cpp_msg/lib/python3.12/site-packages/cpp_msg/msg'...
[4.298s] Compiling '/home/sti/ros2/install/cpp_msg/lib/python3.12/site-packages/cpp_msg/msg/__init__.py'...
[4.298s] Compiling '/home/sti/ros2/install/cpp_msg/lib/python3.12/site-packages/cpp_msg/msg/_mymsg.py'...
[4.301s] -- Installing: /home/sti/ros2/install/cpp_msg/lib/python3.12/site-packages/cpp_msg/cpp_msg_s__rosidl_typesupport_fastrtps_c.so
[4.302s] -- Set non-toolchain portion of runtime path of "/home/sti/ros2/install/cpp_msg/lib/python3.12/site-packages/cpp_msg/cpp_msg_s__rosidl_typesupport_fastrtps_c.so" to ""
[4.302s] -- Installing: /home/sti/ros2/install/cpp_msg/lib/python3.12/site-packages/cpp_msg/cpp_msg_s__rosidl_typesupport_introspection_c.so
[4.302s] -- Set non-toolchain portion of runtime path of "/home/sti/ros2/install/cpp_msg/lib/python3.12/site-packages/cpp_msg/cpp_msg_s__rosidl_typesupport_introspection_c.so" to ""
[4.302s] -- Installing: /home/sti/ros2/install/cpp_msg/lib/python3.12/site-packages/cpp_msg/cpp_msg_s__rosidl_typesupport_c.so
[4.302s] -- Set non-toolchain portion of runtime path of "/home/sti/ros2/install/cpp_msg/lib/python3.12/site-packages/cpp_msg/cpp_msg_s__rosidl_typesupport_c.so" to ""
[4.302s] -- Installing: /home/sti/ros2/install/cpp_msg/lib/libcpp_msg__rosidl_generator_py.so
[4.302s] -- Set non-toolchain portion of runtime path of "/home/sti/ros2/install/cpp_msg/lib/libcpp_msg__rosidl_generator_py.so" to ""
[4.302s] -- Installing: /home/sti/ros2/install/cpp_msg/share/ament_index/resource_index/rust_packages/cpp_msg
[4.302s] -- Installing: /home/sti/ros2/install/cpp_msg/share/cpp_msg/rust
[4.302s] -- Installing: /home/sti/ros2/install/cpp_msg/share/cpp_msg/rust/src
[4.302s] -- Installing: /home/sti/ros2/install/cpp_msg/share/cpp_msg/rust/src/msg.rs
[4.302s] -- Installing: /home/sti/ros2/install/cpp_msg/share/cpp_msg/rust/src/msg
[4.302s] -- Installing: /home/sti/ros2/install/cpp_msg/share/cpp_msg/rust/src/msg/rmw.rs
[4.303s] -- Installing: /home/sti/ros2/install/cpp_msg/share/cpp_msg/rust/src/lib.rs
[4.303s] -- Installing: /home/sti/ros2/install/cpp_msg/share/cpp_msg/rust/build.rs
[4.303s] -- Installing: /home/sti/ros2/install/cpp_msg/share/cpp_msg/rust/Cargo.toml
[4.303s] -- Installing: /home/sti/ros2/install/cpp_msg/share/cpp_msg/msg/Mymsg.idl
[4.303s] -- Installing: /home/sti/ros2/install/cpp_msg/share/cpp_msg/msg/Mymsg.msg
[4.303s] -- Installing: /home/sti/ros2/install/cpp_msg/share/ament_index/resource_index/package_run_dependencies/cpp_msg
[4.303s] -- Installing: /home/sti/ros2/install/cpp_msg/share/ament_index/resource_index/parent_prefix_path/cpp_msg
[4.303s] -- Installing: /home/sti/ros2/install/cpp_msg/share/cpp_msg/environment/ament_prefix_path.sh
[4.303s] -- Installing: /home/sti/ros2/install/cpp_msg/share/cpp_msg/environment/ament_prefix_path.dsv
[4.303s] -- Installing: /home/sti/ros2/install/cpp_msg/share/cpp_msg/environment/path.sh
[4.303s] -- Installing: /home/sti/ros2/install/cpp_msg/share/cpp_msg/environment/path.dsv
[4.303s] -- Installing: /home/sti/ros2/install/cpp_msg/share/cpp_msg/local_setup.bash
[4.304s] -- Installing: /home/sti/ros2/install/cpp_msg/share/cpp_msg/local_setup.sh
[4.304s] -- Installing: /home/sti/ros2/install/cpp_msg/share/cpp_msg/local_setup.zsh
[4.304s] -- Installing: /home/sti/ros2/install/cpp_msg/share/cpp_msg/local_setup.dsv
[4.304s] -- Installing: /home/sti/ros2/install/cpp_msg/share/cpp_msg/package.dsv
[4.304s] -- Installing: /home/sti/ros2/install/cpp_msg/share/ament_index/resource_index/packages/cpp_msg
[4.304s] -- Installing: /home/sti/ros2/install/cpp_msg/share/cpp_msg/cmake/export_cpp_msg__rosidl_generator_cExport.cmake
[4.304s] -- Installing: /home/sti/ros2/install/cpp_msg/share/cpp_msg/cmake/export_cpp_msg__rosidl_generator_cExport-noconfig.cmake
[4.304s] -- Installing: /home/sti/ros2/install/cpp_msg/share/cpp_msg/cmake/export_cpp_msg__rosidl_typesupport_fastrtps_cExport.cmake
[4.304s] -- Installing: /home/sti/ros2/install/cpp_msg/share/cpp_msg/cmake/export_cpp_msg__rosidl_typesupport_fastrtps_cExport-noconfig.cmake
[4.304s] -- Installing: /home/sti/ros2/install/cpp_msg/share/cpp_msg/cmake/export_cpp_msg__rosidl_generator_cppExport.cmake
[4.304s] -- Installing: /home/sti/ros2/install/cpp_msg/share/cpp_msg/cmake/export_cpp_msg__rosidl_typesupport_fastrtps_cppExport.cmake
[4.304s] -- Installing: /home/sti/ros2/install/cpp_msg/share/cpp_msg/cmake/export_cpp_msg__rosidl_typesupport_fastrtps_cppExport-noconfig.cmake
[4.305s] -- Installing: /home/sti/ros2/install/cpp_msg/share/cpp_msg/cmake/cpp_msg__rosidl_typesupport_introspection_cExport.cmake
[4.305s] -- Installing: /home/sti/ros2/install/cpp_msg/share/cpp_msg/cmake/cpp_msg__rosidl_typesupport_introspection_cExport-noconfig.cmake
[4.305s] -- Installing: /home/sti/ros2/install/cpp_msg/share/cpp_msg/cmake/cpp_msg__rosidl_typesupport_cExport.cmake
[4.305s] -- Installing: /home/sti/ros2/install/cpp_msg/share/cpp_msg/cmake/cpp_msg__rosidl_typesupport_cExport-noconfig.cmake
[4.305s] -- Installing: /home/sti/ros2/install/cpp_msg/share/cpp_msg/cmake/cpp_msg__rosidl_typesupport_introspection_cppExport.cmake
[4.305s] -- Installing: /home/sti/ros2/install/cpp_msg/share/cpp_msg/cmake/cpp_msg__rosidl_typesupport_introspection_cppExport-noconfig.cmake
[4.305s] -- Installing: /home/sti/ros2/install/cpp_msg/share/cpp_msg/cmake/cpp_msg__rosidl_typesupport_cppExport.cmake
[4.305s] -- Installing: /home/sti/ros2/install/cpp_msg/share/cpp_msg/cmake/cpp_msg__rosidl_typesupport_cppExport-noconfig.cmake
[4.305s] -- Installing: /home/sti/ros2/install/cpp_msg/share/cpp_msg/cmake/export_cpp_msg__rosidl_generator_pyExport.cmake
[4.305s] -- Installing: /home/sti/ros2/install/cpp_msg/share/cpp_msg/cmake/export_cpp_msg__rosidl_generator_pyExport-noconfig.cmake
[4.305s] -- Installing: /home/sti/ros2/install/cpp_msg/share/cpp_msg/cmake/rosidl_cmake-extras.cmake
[4.306s] -- Installing: /home/sti/ros2/install/cpp_msg/share/cpp_msg/cmake/ament_cmake_export_dependencies-extras.cmake
[4.306s] -- Installing: /home/sti/ros2/install/cpp_msg/share/cpp_msg/cmake/ament_cmake_export_include_directories-extras.cmake
[4.306s] -- Installing: /home/sti/ros2/install/cpp_msg/share/cpp_msg/cmake/ament_cmake_export_libraries-extras.cmake
[4.307s] -- Installing: /home/sti/ros2/install/cpp_msg/share/cpp_msg/cmake/ament_cmake_export_targets-extras.cmake
[4.307s] -- Installing: /home/sti/ros2/install/cpp_msg/share/cpp_msg/cmake/rosidl_cmake_export_typesupport_targets-extras.cmake
[4.307s] -- Installing: /home/sti/ros2/install/cpp_msg/share/cpp_msg/cmake/rosidl_cmake_export_typesupport_libraries-extras.cmake
[4.307s] -- Installing: /home/sti/ros2/install/cpp_msg/share/cpp_msg/cmake/cpp_msgConfig.cmake
[4.308s] -- Installing: /home/sti/ros2/install/cpp_msg/share/cpp_msg/cmake/cpp_msgConfig-version.cmake
[4.308s] -- Installing: /home/sti/ros2/install/cpp_msg/share/cpp_msg/package.xml
[4.309s] Invoked command in '/home/sti/ros2/build/cpp_msg' returned '0': CMAKE_PREFIX_PATH=${CMAKE_PREFIX_PATH}:/home/sti/ros2_21_tutorials/install/learning_urdf:/home/sti/ros2_21_tutorials/install/learning_topic:/home/sti/ros2_21_tutorials/install/learning_tf:/home/sti/ros2_21_tutorials/install/learning_service:/home/sti/ros2_21_tutorials/install/learning_qos:/home/sti/ros2_21_tutorials/install/learning_pkg_python:/home/sti/ros2_21_tutorials/install/learning_parameter:/home/sti/ros2_21_tutorials/install/learning_node:/home/sti/ros2_21_tutorials/install/learning_launch:/home/sti/ros2_21_tutorials/install/learning_action:/home/sti/ros2_21_tutorials/install/learning_gazebo:/home/sti/ros2_21_tutorials/install/learning_cv:/home/sti/ros2/install/ros2_test:/home/sti/ros2/install/py_topic_publisher:/home/sti/ros2/install/py_topic:/opt/ros/jazzy DEBUGINFOD_URLS=https://debuginfod.ubuntu.com /usr/bin/cmake --install /home/sti/ros2/build/cpp_msg
