[0.073s] DEBUG:colcon:Command line arguments: ['/usr/bin/colcon', 'build']
[0.074s] DEBUG:colcon:Parsed command line arguments: Namespace(log_base=None, log_level=None, verb_name='build', build_base='build', install_base='install', merge_install=False, symlink_install=False, test_result_base=None, continue_on_error=False, executor='parallel', parallel_workers=14, event_handlers=None, ignore_user_meta=False, metas=['./colcon.meta'], base_paths=['.'], packages_ignore=None, packages_ignore_regex=None, paths=None, packages_up_to=None, packages_up_to_regex=None, packages_above=None, packages_above_and_dependencies=None, packages_above_depth=None, packages_select_by_dep=None, packages_skip_by_dep=None, packages_skip_up_to=None, packages_select_build_failed=False, packages_skip_build_finished=False, packages_select_test_failures=False, packages_skip_test_passed=False, packages_select=None, packages_skip=None, packages_select_regex=None, packages_skip_regex=None, packages_start=None, packages_end=None, allow_overriding=[], cmake_args=None, cmake_target=None, cmake_target_skip_unavailable=False, cmake_clean_cache=False, cmake_clean_first=False, cmake_force_configure=False, ament_cmake_args=None, catkin_cmake_args=None, catkin_skip_building_tests=False, verb_parser=<colcon_defaults.argument_parser.defaults.DefaultArgumentsDecorator object at 0x7abf063280e0>, verb_extension=<colcon_core.verb.build.BuildVerb object at 0x7abf062fbec0>, main=<bound method BuildVerb.main of <colcon_core.verb.build.BuildVerb object at 0x7abf062fbec0>>)
[0.098s] Level 1:colcon.colcon_core.package_discovery:discover_packages(colcon_meta) check parameters
[0.098s] Level 1:colcon.colcon_core.package_discovery:discover_packages(recursive) check parameters
[0.098s] Level 1:colcon.colcon_core.package_discovery:discover_packages(ignore) check parameters
[0.098s] Level 1:colcon.colcon_core.package_discovery:discover_packages(path) check parameters
[0.098s] Level 1:colcon.colcon_core.package_discovery:discover_packages(colcon_meta) discover
[0.098s] Level 1:colcon.colcon_core.package_discovery:discover_packages(recursive) discover
[0.098s] INFO:colcon.colcon_core.package_discovery:Crawling recursively for packages in '/home/sti/ros2'
[0.098s] Level 1:colcon.colcon_core.package_identification:_identify(.) by extensions ['ignore', 'ignore_ament_install']
[0.098s] Level 1:colcon.colcon_core.package_identification:_identify(.) by extension 'ignore'
[0.098s] Level 1:colcon.colcon_core.package_identification:_identify(.) by extension 'ignore_ament_install'
[0.098s] Level 1:colcon.colcon_core.package_identification:_identify(.) by extensions ['colcon_pkg']
[0.098s] Level 1:colcon.colcon_core.package_identification:_identify(.) by extension 'colcon_pkg'
[0.098s] Level 1:colcon.colcon_core.package_identification:_identify(.) by extensions ['colcon_meta']
[0.098s] Level 1:colcon.colcon_core.package_identification:_identify(.) by extension 'colcon_meta'
[0.098s] Level 1:colcon.colcon_core.package_identification:_identify(.) by extensions ['ros']
[0.098s] Level 1:colcon.colcon_core.package_identification:_identify(.) by extension 'ros'
[0.115s] Level 1:colcon.colcon_core.package_identification:_identify(.) by extensions ['cmake', 'python']
[0.115s] Level 1:colcon.colcon_core.package_identification:_identify(.) by extension 'cmake'
[0.115s] Level 1:colcon.colcon_core.package_identification:_identify(.) by extension 'python'
[0.115s] Level 1:colcon.colcon_core.package_identification:_identify(.) by extensions ['python_setup_py']
[0.115s] Level 1:colcon.colcon_core.package_identification:_identify(.) by extension 'python_setup_py'
[0.115s] Level 1:colcon.colcon_core.package_identification:_identify(build) by extensions ['ignore', 'ignore_ament_install']
[0.116s] Level 1:colcon.colcon_core.package_identification:_identify(build) by extension 'ignore'
[0.116s] Level 1:colcon.colcon_core.package_identification:_identify(build) ignored
[0.116s] Level 1:colcon.colcon_core.package_identification:_identify(install) by extensions ['ignore', 'ignore_ament_install']
[0.116s] Level 1:colcon.colcon_core.package_identification:_identify(install) by extension 'ignore'
[0.116s] Level 1:colcon.colcon_core.package_identification:_identify(install) ignored
[0.116s] Level 1:colcon.colcon_core.package_identification:_identify(log) by extensions ['ignore', 'ignore_ament_install']
[0.116s] Level 1:colcon.colcon_core.package_identification:_identify(log) by extension 'ignore'
[0.116s] Level 1:colcon.colcon_core.package_identification:_identify(log) ignored
[0.116s] Level 1:colcon.colcon_core.package_identification:_identify(src) by extensions ['ignore', 'ignore_ament_install']
[0.116s] Level 1:colcon.colcon_core.package_identification:_identify(src) by extension 'ignore'
[0.116s] Level 1:colcon.colcon_core.package_identification:_identify(src) by extension 'ignore_ament_install'
[0.116s] Level 1:colcon.colcon_core.package_identification:_identify(src) by extensions ['colcon_pkg']
[0.116s] Level 1:colcon.colcon_core.package_identification:_identify(src) by extension 'colcon_pkg'
[0.116s] Level 1:colcon.colcon_core.package_identification:_identify(src) by extensions ['colcon_meta']
[0.116s] Level 1:colcon.colcon_core.package_identification:_identify(src) by extension 'colcon_meta'
[0.116s] Level 1:colcon.colcon_core.package_identification:_identify(src) by extensions ['ros']
[0.116s] Level 1:colcon.colcon_core.package_identification:_identify(src) by extension 'ros'
[0.116s] Level 1:colcon.colcon_core.package_identification:_identify(src) by extensions ['cmake', 'python']
[0.116s] Level 1:colcon.colcon_core.package_identification:_identify(src) by extension 'cmake'
[0.116s] Level 1:colcon.colcon_core.package_identification:_identify(src) by extension 'python'
[0.116s] Level 1:colcon.colcon_core.package_identification:_identify(src) by extensions ['python_setup_py']
[0.116s] Level 1:colcon.colcon_core.package_identification:_identify(src) by extension 'python_setup_py'
[0.116s] Level 1:colcon.colcon_core.package_identification:_identify(src/py_topic_publisher) by extensions ['ignore', 'ignore_ament_install']
[0.116s] Level 1:colcon.colcon_core.package_identification:_identify(src/py_topic_publisher) by extension 'ignore'
[0.116s] Level 1:colcon.colcon_core.package_identification:_identify(src/py_topic_publisher) by extension 'ignore_ament_install'
[0.116s] Level 1:colcon.colcon_core.package_identification:_identify(src/py_topic_publisher) by extensions ['colcon_pkg']
[0.116s] Level 1:colcon.colcon_core.package_identification:_identify(src/py_topic_publisher) by extension 'colcon_pkg'
[0.116s] Level 1:colcon.colcon_core.package_identification:_identify(src/py_topic_publisher) by extensions ['colcon_meta']
[0.116s] Level 1:colcon.colcon_core.package_identification:_identify(src/py_topic_publisher) by extension 'colcon_meta'
[0.116s] Level 1:colcon.colcon_core.package_identification:_identify(src/py_topic_publisher) by extensions ['ros']
[0.116s] Level 1:colcon.colcon_core.package_identification:_identify(src/py_topic_publisher) by extension 'ros'
[0.118s] DEBUG:colcon.colcon_core.package_identification:Package 'src/py_topic_publisher' with type 'ros.ament_python' and name 'py_topic_publisher'
[0.118s] Level 1:colcon.colcon_core.package_identification:_identify(src/ros2_test) by extensions ['ignore', 'ignore_ament_install']
[0.118s] Level 1:colcon.colcon_core.package_identification:_identify(src/ros2_test) by extension 'ignore'
[0.118s] Level 1:colcon.colcon_core.package_identification:_identify(src/ros2_test) by extension 'ignore_ament_install'
[0.118s] Level 1:colcon.colcon_core.package_identification:_identify(src/ros2_test) by extensions ['colcon_pkg']
[0.118s] Level 1:colcon.colcon_core.package_identification:_identify(src/ros2_test) by extension 'colcon_pkg'
[0.118s] Level 1:colcon.colcon_core.package_identification:_identify(src/ros2_test) by extensions ['colcon_meta']
[0.118s] Level 1:colcon.colcon_core.package_identification:_identify(src/ros2_test) by extension 'colcon_meta'
[0.118s] Level 1:colcon.colcon_core.package_identification:_identify(src/ros2_test) by extensions ['ros']
[0.118s] Level 1:colcon.colcon_core.package_identification:_identify(src/ros2_test) by extension 'ros'
[0.119s] DEBUG:colcon.colcon_core.package_identification:Package 'src/ros2_test' with type 'ros.ament_python' and name 'ros2_test'
[0.119s] Level 1:colcon.colcon_core.package_identification:_identify(src/ros2_test_cpp) by extensions ['ignore', 'ignore_ament_install']
[0.119s] Level 1:colcon.colcon_core.package_identification:_identify(src/ros2_test_cpp) by extension 'ignore'
[0.119s] Level 1:colcon.colcon_core.package_identification:_identify(src/ros2_test_cpp) by extension 'ignore_ament_install'
[0.119s] Level 1:colcon.colcon_core.package_identification:_identify(src/ros2_test_cpp) by extensions ['colcon_pkg']
[0.119s] Level 1:colcon.colcon_core.package_identification:_identify(src/ros2_test_cpp) by extension 'colcon_pkg'
[0.119s] Level 1:colcon.colcon_core.package_identification:_identify(src/ros2_test_cpp) by extensions ['colcon_meta']
[0.119s] Level 1:colcon.colcon_core.package_identification:_identify(src/ros2_test_cpp) by extension 'colcon_meta'
[0.119s] Level 1:colcon.colcon_core.package_identification:_identify(src/ros2_test_cpp) by extensions ['ros']
[0.119s] Level 1:colcon.colcon_core.package_identification:_identify(src/ros2_test_cpp) by extension 'ros'
[0.119s] DEBUG:colcon.colcon_core.package_identification:Package 'src/ros2_test_cpp' with type 'ros.ament_cmake' and name 'ros2_test_cpp'
[0.119s] Level 1:colcon.colcon_core.package_discovery:discover_packages(recursive) using defaults
[0.119s] Level 1:colcon.colcon_core.package_discovery:discover_packages(ignore) discover
[0.119s] Level 1:colcon.colcon_core.package_discovery:discover_packages(ignore) using defaults
[0.119s] Level 1:colcon.colcon_core.package_discovery:discover_packages(path) discover
[0.119s] Level 1:colcon.colcon_core.package_discovery:discover_packages(path) using defaults
[0.132s] Level 1:colcon.colcon_core.package_discovery:discover_packages(prefix_path) check parameters
[0.132s] Level 1:colcon.colcon_core.package_discovery:discover_packages(prefix_path) discover
[0.132s] WARNING:colcon.colcon_core.prefix_path.colcon:The path '/home/sti/ros2/src/install' in the environment variable COLCON_PREFIX_PATH doesn't exist
[0.133s] WARNING:colcon.colcon_ros.prefix_path.ament:The path '/home/sti/ros2/src/install/ros2_test_cpp' in the environment variable AMENT_PREFIX_PATH doesn't exist
[0.133s] WARNING:colcon.colcon_ros.prefix_path.ament:The path '/home/sti/ros2/src/install/ros2_test' in the environment variable AMENT_PREFIX_PATH doesn't exist
[0.133s] WARNING:colcon.colcon_ros.prefix_path.ament:The path '/home/sti/ros2/src/install/py_topic_publisher' in the environment variable AMENT_PREFIX_PATH doesn't exist
[0.133s] WARNING:colcon.colcon_ros.prefix_path.catkin:The path '/home/sti/ros2/src/install/ros2_test_cpp' in the environment variable CMAKE_PREFIX_PATH doesn't exist
[0.133s] DEBUG:colcon.colcon_installed_package_information.package_discovery:Found 2 installed packages in /home/sti/ros2/install
[0.134s] DEBUG:colcon.colcon_installed_package_information.package_discovery:Found 19 installed packages in /home/sti/ros2_21_tutorials/install
[0.135s] DEBUG:colcon.colcon_installed_package_information.package_discovery:Found 287 installed packages in /opt/ros/jazzy
[0.135s] Level 1:colcon.colcon_core.package_discovery:discover_packages(prefix_path) using defaults
[0.159s] Level 5:colcon.colcon_core.verb:set package 'py_topic_publisher' build argument 'cmake_args' from command line to 'None'
[0.160s] Level 5:colcon.colcon_core.verb:set package 'py_topic_publisher' build argument 'cmake_target' from command line to 'None'
[0.160s] Level 5:colcon.colcon_core.verb:set package 'py_topic_publisher' build argument 'cmake_target_skip_unavailable' from command line to 'False'
[0.160s] Level 5:colcon.colcon_core.verb:set package 'py_topic_publisher' build argument 'cmake_clean_cache' from command line to 'False'
[0.160s] Level 5:colcon.colcon_core.verb:set package 'py_topic_publisher' build argument 'cmake_clean_first' from command line to 'False'
[0.160s] Level 5:colcon.colcon_core.verb:set package 'py_topic_publisher' build argument 'cmake_force_configure' from command line to 'False'
[0.160s] Level 5:colcon.colcon_core.verb:set package 'py_topic_publisher' build argument 'ament_cmake_args' from command line to 'None'
[0.160s] Level 5:colcon.colcon_core.verb:set package 'py_topic_publisher' build argument 'catkin_cmake_args' from command line to 'None'
[0.160s] Level 5:colcon.colcon_core.verb:set package 'py_topic_publisher' build argument 'catkin_skip_building_tests' from command line to 'False'
[0.160s] DEBUG:colcon.colcon_core.verb:Building package 'py_topic_publisher' with the following arguments: {'ament_cmake_args': None, 'build_base': '/home/sti/ros2/build/py_topic_publisher', 'catkin_cmake_args': None, 'catkin_skip_building_tests': False, 'cmake_args': None, 'cmake_clean_cache': False, 'cmake_clean_first': False, 'cmake_force_configure': False, 'cmake_target': None, 'cmake_target_skip_unavailable': False, 'install_base': '/home/sti/ros2/install/py_topic_publisher', 'merge_install': False, 'path': '/home/sti/ros2/src/py_topic_publisher', 'symlink_install': False, 'test_result_base': None}
[0.160s] Level 5:colcon.colcon_core.verb:set package 'ros2_test' build argument 'cmake_args' from command line to 'None'
[0.160s] Level 5:colcon.colcon_core.verb:set package 'ros2_test' build argument 'cmake_target' from command line to 'None'
[0.160s] Level 5:colcon.colcon_core.verb:set package 'ros2_test' build argument 'cmake_target_skip_unavailable' from command line to 'False'
[0.160s] Level 5:colcon.colcon_core.verb:set package 'ros2_test' build argument 'cmake_clean_cache' from command line to 'False'
[0.160s] Level 5:colcon.colcon_core.verb:set package 'ros2_test' build argument 'cmake_clean_first' from command line to 'False'
[0.160s] Level 5:colcon.colcon_core.verb:set package 'ros2_test' build argument 'cmake_force_configure' from command line to 'False'
[0.160s] Level 5:colcon.colcon_core.verb:set package 'ros2_test' build argument 'ament_cmake_args' from command line to 'None'
[0.160s] Level 5:colcon.colcon_core.verb:set package 'ros2_test' build argument 'catkin_cmake_args' from command line to 'None'
[0.160s] Level 5:colcon.colcon_core.verb:set package 'ros2_test' build argument 'catkin_skip_building_tests' from command line to 'False'
[0.160s] DEBUG:colcon.colcon_core.verb:Building package 'ros2_test' with the following arguments: {'ament_cmake_args': None, 'build_base': '/home/sti/ros2/build/ros2_test', 'catkin_cmake_args': None, 'catkin_skip_building_tests': False, 'cmake_args': None, 'cmake_clean_cache': False, 'cmake_clean_first': False, 'cmake_force_configure': False, 'cmake_target': None, 'cmake_target_skip_unavailable': False, 'install_base': '/home/sti/ros2/install/ros2_test', 'merge_install': False, 'path': '/home/sti/ros2/src/ros2_test', 'symlink_install': False, 'test_result_base': None}
[0.160s] Level 5:colcon.colcon_core.verb:set package 'ros2_test_cpp' build argument 'cmake_args' from command line to 'None'
[0.160s] Level 5:colcon.colcon_core.verb:set package 'ros2_test_cpp' build argument 'cmake_target' from command line to 'None'
[0.160s] Level 5:colcon.colcon_core.verb:set package 'ros2_test_cpp' build argument 'cmake_target_skip_unavailable' from command line to 'False'
[0.160s] Level 5:colcon.colcon_core.verb:set package 'ros2_test_cpp' build argument 'cmake_clean_cache' from command line to 'False'
[0.160s] Level 5:colcon.colcon_core.verb:set package 'ros2_test_cpp' build argument 'cmake_clean_first' from command line to 'False'
[0.160s] Level 5:colcon.colcon_core.verb:set package 'ros2_test_cpp' build argument 'cmake_force_configure' from command line to 'False'
[0.160s] Level 5:colcon.colcon_core.verb:set package 'ros2_test_cpp' build argument 'ament_cmake_args' from command line to 'None'
[0.160s] Level 5:colcon.colcon_core.verb:set package 'ros2_test_cpp' build argument 'catkin_cmake_args' from command line to 'None'
[0.160s] Level 5:colcon.colcon_core.verb:set package 'ros2_test_cpp' build argument 'catkin_skip_building_tests' from command line to 'False'
[0.160s] DEBUG:colcon.colcon_core.verb:Building package 'ros2_test_cpp' with the following arguments: {'ament_cmake_args': None, 'build_base': '/home/sti/ros2/build/ros2_test_cpp', 'catkin_cmake_args': None, 'catkin_skip_building_tests': False, 'cmake_args': None, 'cmake_clean_cache': False, 'cmake_clean_first': False, 'cmake_force_configure': False, 'cmake_target': None, 'cmake_target_skip_unavailable': False, 'install_base': '/home/sti/ros2/install/ros2_test_cpp', 'merge_install': False, 'path': '/home/sti/ros2/src/ros2_test_cpp', 'symlink_install': False, 'test_result_base': None}
[0.160s] INFO:colcon.colcon_core.executor:Executing jobs using 'parallel' executor
[0.161s] DEBUG:colcon.colcon_parallel_executor.executor.parallel:run_until_complete
[0.161s] INFO:colcon.colcon_ros.task.ament_python.build:Building ROS package in '/home/sti/ros2/src/py_topic_publisher' with build type 'ament_python'
[0.161s] Level 1:colcon.colcon_core.shell:create_environment_hook('py_topic_publisher', 'ament_prefix_path')
[0.163s] INFO:colcon.colcon_core.plugin_system:Skipping extension 'colcon_core.shell.bat': Not used on non-Windows systems
[0.164s] INFO:colcon.colcon_core.shell:Creating environment hook '/home/sti/ros2/install/py_topic_publisher/share/py_topic_publisher/hook/ament_prefix_path.ps1'
[0.164s] INFO:colcon.colcon_core.shell:Creating environment descriptor '/home/sti/ros2/install/py_topic_publisher/share/py_topic_publisher/hook/ament_prefix_path.dsv'
[0.165s] INFO:colcon.colcon_core.shell:Creating environment hook '/home/sti/ros2/install/py_topic_publisher/share/py_topic_publisher/hook/ament_prefix_path.sh'
[0.165s] INFO:colcon.colcon_core.shell:Skip shell extension 'powershell' for command environment: Not usable outside of PowerShell
[0.165s] DEBUG:colcon.colcon_core.shell:Skip shell extension 'dsv' for command environment
[0.171s] INFO:colcon.colcon_ros.task.ament_python.build:Building ROS package in '/home/sti/ros2/src/ros2_test' with build type 'ament_python'
[0.171s] Level 1:colcon.colcon_core.shell:create_environment_hook('ros2_test', 'ament_prefix_path')
[0.171s] INFO:colcon.colcon_core.shell:Creating environment hook '/home/sti/ros2/install/ros2_test/share/ros2_test/hook/ament_prefix_path.ps1'
[0.172s] INFO:colcon.colcon_core.shell:Creating environment descriptor '/home/sti/ros2/install/ros2_test/share/ros2_test/hook/ament_prefix_path.dsv'
[0.172s] INFO:colcon.colcon_core.shell:Creating environment hook '/home/sti/ros2/install/ros2_test/share/ros2_test/hook/ament_prefix_path.sh'
[0.173s] INFO:colcon.colcon_core.shell:Skip shell extension 'powershell' for command environment: Not usable outside of PowerShell
[0.173s] DEBUG:colcon.colcon_core.shell:Skip shell extension 'dsv' for command environment
[0.178s] INFO:colcon.colcon_ros.task.ament_cmake.build:Building ROS package in '/home/sti/ros2/src/ros2_test_cpp' with build type 'ament_cmake'
[0.178s] INFO:colcon.colcon_cmake.task.cmake.build:Building CMake package in '/home/sti/ros2/src/ros2_test_cpp'
[0.178s] INFO:colcon.colcon_core.shell:Skip shell extension 'powershell' for command environment: Not usable outside of PowerShell
[0.178s] DEBUG:colcon.colcon_core.shell:Skip shell extension 'dsv' for command environment
[0.340s] INFO:colcon.colcon_core.task.python.build:Building Python package in '/home/sti/ros2/src/py_topic_publisher'
[0.340s] INFO:colcon.colcon_core.shell:Skip shell extension 'powershell' for command environment: Not usable outside of PowerShell
[0.340s] DEBUG:colcon.colcon_core.shell:Skip shell extension 'dsv' for command environment
[0.482s] INFO:colcon.colcon_core.task.python.build:Building Python package in '/home/sti/ros2/src/ros2_test'
[0.482s] INFO:colcon.colcon_core.shell:Skip shell extension 'powershell' for command environment: Not usable outside of PowerShell
[0.482s] DEBUG:colcon.colcon_core.shell:Skip shell extension 'dsv' for command environment
[0.490s] DEBUG:colcon.colcon_core.event_handler.log_command:Invoking command in '/home/sti/ros2/build/ros2_test_cpp': CMAKE_PREFIX_PATH=${CMAKE_PREFIX_PATH}:/home/sti/ros2/src/install/ros2_test:/home/sti/ros2/src/install/py_topic_publisher:/home/sti/ros2_21_tutorials/install/learning_urdf:/home/sti/ros2_21_tutorials/install/learning_topic:/home/sti/ros2_21_tutorials/install/learning_tf:/home/sti/ros2_21_tutorials/install/learning_service:/home/sti/ros2_21_tutorials/install/learning_qos:/home/sti/ros2_21_tutorials/install/learning_pkg_python:/home/sti/ros2_21_tutorials/install/learning_parameter:/home/sti/ros2_21_tutorials/install/learning_node:/home/sti/ros2_21_tutorials/install/learning_launch:/home/sti/ros2_21_tutorials/install/learning_action:/home/sti/ros2_21_tutorials/install/learning_gazebo:/home/sti/ros2_21_tutorials/install/learning_cv:/home/sti/ros2/install/ros2_test:/opt/ros/jazzy DEBUGINFOD_URLS=https://debuginfod.ubuntu.com /usr/bin/cmake --build /home/sti/ros2/build/ros2_test_cpp -- -j14 -l14
[0.553s] DEBUG:colcon.colcon_core.event_handler.log_command:Invoked command in '/home/sti/ros2/build/ros2_test_cpp' returned '0': CMAKE_PREFIX_PATH=${CMAKE_PREFIX_PATH}:/home/sti/ros2/src/install/ros2_test:/home/sti/ros2/src/install/py_topic_publisher:/home/sti/ros2_21_tutorials/install/learning_urdf:/home/sti/ros2_21_tutorials/install/learning_topic:/home/sti/ros2_21_tutorials/install/learning_tf:/home/sti/ros2_21_tutorials/install/learning_service:/home/sti/ros2_21_tutorials/install/learning_qos:/home/sti/ros2_21_tutorials/install/learning_pkg_python:/home/sti/ros2_21_tutorials/install/learning_parameter:/home/sti/ros2_21_tutorials/install/learning_node:/home/sti/ros2_21_tutorials/install/learning_launch:/home/sti/ros2_21_tutorials/install/learning_action:/home/sti/ros2_21_tutorials/install/learning_gazebo:/home/sti/ros2_21_tutorials/install/learning_cv:/home/sti/ros2/install/ros2_test:/opt/ros/jazzy DEBUGINFOD_URLS=https://debuginfod.ubuntu.com /usr/bin/cmake --build /home/sti/ros2/build/ros2_test_cpp -- -j14 -l14
[0.567s] DEBUG:colcon.colcon_core.event_handler.log_command:Invoking command in '/home/sti/ros2/build/ros2_test_cpp': CMAKE_PREFIX_PATH=${CMAKE_PREFIX_PATH}:/home/sti/ros2/src/install/ros2_test:/home/sti/ros2/src/install/py_topic_publisher:/home/sti/ros2_21_tutorials/install/learning_urdf:/home/sti/ros2_21_tutorials/install/learning_topic:/home/sti/ros2_21_tutorials/install/learning_tf:/home/sti/ros2_21_tutorials/install/learning_service:/home/sti/ros2_21_tutorials/install/learning_qos:/home/sti/ros2_21_tutorials/install/learning_pkg_python:/home/sti/ros2_21_tutorials/install/learning_parameter:/home/sti/ros2_21_tutorials/install/learning_node:/home/sti/ros2_21_tutorials/install/learning_launch:/home/sti/ros2_21_tutorials/install/learning_action:/home/sti/ros2_21_tutorials/install/learning_gazebo:/home/sti/ros2_21_tutorials/install/learning_cv:/home/sti/ros2/install/ros2_test:/opt/ros/jazzy DEBUGINFOD_URLS=https://debuginfod.ubuntu.com /usr/bin/cmake --install /home/sti/ros2/build/ros2_test_cpp
[0.581s] Level 1:colcon.colcon_core.environment:create_environment_scripts_only(ros2_test_cpp)
[0.586s] Level 1:colcon.colcon_core.environment:checking '/home/sti/ros2/install/ros2_test_cpp' for CMake module files
[0.587s] Level 1:colcon.colcon_core.environment:checking '/home/sti/ros2/install/ros2_test_cpp' for CMake config files
[0.587s] Level 1:colcon.colcon_core.shell:create_environment_hook('ros2_test_cpp', 'cmake_prefix_path')
[0.587s] INFO:colcon.colcon_core.shell:Creating environment hook '/home/sti/ros2/install/ros2_test_cpp/share/ros2_test_cpp/hook/cmake_prefix_path.ps1'
[0.588s] INFO:colcon.colcon_core.shell:Creating environment descriptor '/home/sti/ros2/install/ros2_test_cpp/share/ros2_test_cpp/hook/cmake_prefix_path.dsv'
[0.589s] INFO:colcon.colcon_core.shell:Creating environment hook '/home/sti/ros2/install/ros2_test_cpp/share/ros2_test_cpp/hook/cmake_prefix_path.sh'
[0.590s] Level 1:colcon.colcon_core.environment:checking '/home/sti/ros2/install/ros2_test_cpp/lib'
[0.590s] Level 1:colcon.colcon_core.environment:checking '/home/sti/ros2/install/ros2_test_cpp/bin'
[0.590s] Level 1:colcon.colcon_core.environment:checking '/home/sti/ros2/install/ros2_test_cpp/lib/pkgconfig/ros2_test_cpp.pc'
[0.590s] Level 1:colcon.colcon_core.environment:checking '/home/sti/ros2/install/ros2_test_cpp/lib/python3.12/site-packages'
[0.591s] Level 1:colcon.colcon_core.environment:checking '/home/sti/ros2/install/ros2_test_cpp/bin'
[0.591s] INFO:colcon.colcon_core.shell:Creating package script '/home/sti/ros2/install/ros2_test_cpp/share/ros2_test_cpp/package.ps1'
[0.592s] INFO:colcon.colcon_core.shell:Creating package descriptor '/home/sti/ros2/install/ros2_test_cpp/share/ros2_test_cpp/package.dsv'
[0.592s] DEBUG:colcon.colcon_core.event_handler.log_command:Invoked command in '/home/sti/ros2/build/ros2_test_cpp' returned '0': CMAKE_PREFIX_PATH=${CMAKE_PREFIX_PATH}:/home/sti/ros2/src/install/ros2_test:/home/sti/ros2/src/install/py_topic_publisher:/home/sti/ros2_21_tutorials/install/learning_urdf:/home/sti/ros2_21_tutorials/install/learning_topic:/home/sti/ros2_21_tutorials/install/learning_tf:/home/sti/ros2_21_tutorials/install/learning_service:/home/sti/ros2_21_tutorials/install/learning_qos:/home/sti/ros2_21_tutorials/install/learning_pkg_python:/home/sti/ros2_21_tutorials/install/learning_parameter:/home/sti/ros2_21_tutorials/install/learning_node:/home/sti/ros2_21_tutorials/install/learning_launch:/home/sti/ros2_21_tutorials/install/learning_action:/home/sti/ros2_21_tutorials/install/learning_gazebo:/home/sti/ros2_21_tutorials/install/learning_cv:/home/sti/ros2/install/ros2_test:/opt/ros/jazzy DEBUGINFOD_URLS=https://debuginfod.ubuntu.com /usr/bin/cmake --install /home/sti/ros2/build/ros2_test_cpp
[0.593s] INFO:colcon.colcon_core.shell:Creating package script '/home/sti/ros2/install/ros2_test_cpp/share/ros2_test_cpp/package.sh'
[0.593s] INFO:colcon.colcon_core.shell:Creating package script '/home/sti/ros2/install/ros2_test_cpp/share/ros2_test_cpp/package.bash'
[0.594s] INFO:colcon.colcon_core.shell:Creating package script '/home/sti/ros2/install/ros2_test_cpp/share/ros2_test_cpp/package.zsh'
[0.594s] Level 1:colcon.colcon_core.environment:create_file_with_runtime_dependencies(/home/sti/ros2/install/ros2_test_cpp/share/colcon-core/packages/ros2_test_cpp)
[0.595s] Level 1:colcon.colcon_core.environment:create_environment_scripts_only(ros2_test_cpp)
[0.595s] Level 1:colcon.colcon_core.environment:checking '/home/sti/ros2/install/ros2_test_cpp' for CMake module files
[0.596s] Level 1:colcon.colcon_core.environment:checking '/home/sti/ros2/install/ros2_test_cpp' for CMake config files
[0.596s] Level 1:colcon.colcon_core.shell:create_environment_hook('ros2_test_cpp', 'cmake_prefix_path')
[0.596s] INFO:colcon.colcon_core.shell:Creating environment hook '/home/sti/ros2/install/ros2_test_cpp/share/ros2_test_cpp/hook/cmake_prefix_path.ps1'
[0.597s] INFO:colcon.colcon_core.shell:Creating environment descriptor '/home/sti/ros2/install/ros2_test_cpp/share/ros2_test_cpp/hook/cmake_prefix_path.dsv'
[0.597s] INFO:colcon.colcon_core.shell:Creating environment hook '/home/sti/ros2/install/ros2_test_cpp/share/ros2_test_cpp/hook/cmake_prefix_path.sh'
[0.598s] Level 1:colcon.colcon_core.environment:checking '/home/sti/ros2/install/ros2_test_cpp/lib'
[0.598s] Level 1:colcon.colcon_core.environment:checking '/home/sti/ros2/install/ros2_test_cpp/bin'
[0.598s] Level 1:colcon.colcon_core.environment:checking '/home/sti/ros2/install/ros2_test_cpp/lib/pkgconfig/ros2_test_cpp.pc'
[0.598s] Level 1:colcon.colcon_core.environment:checking '/home/sti/ros2/install/ros2_test_cpp/lib/python3.12/site-packages'
[0.598s] Level 1:colcon.colcon_core.environment:checking '/home/sti/ros2/install/ros2_test_cpp/bin'
[0.599s] INFO:colcon.colcon_core.shell:Creating package script '/home/sti/ros2/install/ros2_test_cpp/share/ros2_test_cpp/package.ps1'
[0.599s] INFO:colcon.colcon_core.shell:Creating package descriptor '/home/sti/ros2/install/ros2_test_cpp/share/ros2_test_cpp/package.dsv'
[0.600s] INFO:colcon.colcon_core.shell:Creating package script '/home/sti/ros2/install/ros2_test_cpp/share/ros2_test_cpp/package.sh'
[0.600s] INFO:colcon.colcon_core.shell:Creating package script '/home/sti/ros2/install/ros2_test_cpp/share/ros2_test_cpp/package.bash'
[0.601s] INFO:colcon.colcon_core.shell:Creating package script '/home/sti/ros2/install/ros2_test_cpp/share/ros2_test_cpp/package.zsh'
[0.601s] Level 1:colcon.colcon_core.environment:create_file_with_runtime_dependencies(/home/sti/ros2/install/ros2_test_cpp/share/colcon-core/packages/ros2_test_cpp)
[0.937s] DEBUG:colcon.colcon_core.event_handler.log_command:Invoking command in '/home/sti/ros2/src/py_topic_publisher': DEBUGINFOD_URLS=https://debuginfod.ubuntu.com PYTHONPATH=/home/sti/ros2/build/py_topic_publisher/prefix_override:/usr/lib/python3/dist-packages/colcon_core/task/python/colcon_distutils_commands:/home/sti/ros2/install/py_topic_publisher/lib/python3.12/site-packages:${PYTHONPATH} /usr/bin/python3 -W ignore:setup.py install is deprecated -W ignore:easy_install command is deprecated setup.py egg_info --egg-base ../../build/py_topic_publisher build --build-base /home/sti/ros2/build/py_topic_publisher/build install --record /home/sti/ros2/build/py_topic_publisher/install.log --single-version-externally-managed install_data
[0.998s] DEBUG:colcon.colcon_core.event_handler.log_command:Invoking command in '/home/sti/ros2/src/ros2_test': DEBUGINFOD_URLS=https://debuginfod.ubuntu.com PYTHONPATH=/home/sti/ros2/build/ros2_test/prefix_override:/usr/lib/python3/dist-packages/colcon_core/task/python/colcon_distutils_commands:/home/sti/ros2/install/ros2_test/lib/python3.12/site-packages:${PYTHONPATH} /usr/bin/python3 -W ignore:setup.py install is deprecated -W ignore:easy_install command is deprecated setup.py egg_info --egg-base ../../build/ros2_test build --build-base /home/sti/ros2/build/ros2_test/build install --record /home/sti/ros2/build/ros2_test/install.log --single-version-externally-managed install_data
[1.291s] Level 1:colcon.colcon_core.environment:checking '/home/sti/ros2/install/py_topic_publisher' for CMake module files
[1.291s] Level 1:colcon.colcon_core.environment:checking '/home/sti/ros2/install/py_topic_publisher' for CMake config files
[1.292s] DEBUG:colcon.colcon_core.event_handler.log_command:Invoked command in '/home/sti/ros2/src/py_topic_publisher' returned '0': DEBUGINFOD_URLS=https://debuginfod.ubuntu.com PYTHONPATH=/home/sti/ros2/build/py_topic_publisher/prefix_override:/usr/lib/python3/dist-packages/colcon_core/task/python/colcon_distutils_commands:/home/sti/ros2/install/py_topic_publisher/lib/python3.12/site-packages:${PYTHONPATH} /usr/bin/python3 -W ignore:setup.py install is deprecated -W ignore:easy_install command is deprecated setup.py egg_info --egg-base ../../build/py_topic_publisher build --build-base /home/sti/ros2/build/py_topic_publisher/build install --record /home/sti/ros2/build/py_topic_publisher/install.log --single-version-externally-managed install_data
[1.292s] Level 1:colcon.colcon_core.environment:checking '/home/sti/ros2/install/py_topic_publisher/lib'
[1.292s] Level 1:colcon.colcon_core.environment:checking '/home/sti/ros2/install/py_topic_publisher/bin'
[1.293s] Level 1:colcon.colcon_core.environment:checking '/home/sti/ros2/install/py_topic_publisher/lib/pkgconfig/py_topic_publisher.pc'
[1.293s] Level 1:colcon.colcon_core.environment:checking '/home/sti/ros2/install/py_topic_publisher/lib/python3.12/site-packages'
[1.293s] Level 1:colcon.colcon_core.shell:create_environment_hook('py_topic_publisher', 'pythonpath')
[1.293s] INFO:colcon.colcon_core.shell:Creating environment hook '/home/sti/ros2/install/py_topic_publisher/share/py_topic_publisher/hook/pythonpath.ps1'
[1.293s] INFO:colcon.colcon_core.shell:Creating environment descriptor '/home/sti/ros2/install/py_topic_publisher/share/py_topic_publisher/hook/pythonpath.dsv'
[1.294s] INFO:colcon.colcon_core.shell:Creating environment hook '/home/sti/ros2/install/py_topic_publisher/share/py_topic_publisher/hook/pythonpath.sh'
[1.294s] Level 1:colcon.colcon_core.environment:checking '/home/sti/ros2/install/py_topic_publisher/bin'
[1.294s] Level 1:colcon.colcon_core.environment:create_environment_scripts_only(py_topic_publisher)
[1.295s] INFO:colcon.colcon_core.shell:Creating package script '/home/sti/ros2/install/py_topic_publisher/share/py_topic_publisher/package.ps1'
[1.296s] INFO:colcon.colcon_core.shell:Creating package descriptor '/home/sti/ros2/install/py_topic_publisher/share/py_topic_publisher/package.dsv'
[1.297s] INFO:colcon.colcon_core.shell:Creating package script '/home/sti/ros2/install/py_topic_publisher/share/py_topic_publisher/package.sh'
[1.297s] INFO:colcon.colcon_core.shell:Creating package script '/home/sti/ros2/install/py_topic_publisher/share/py_topic_publisher/package.bash'
[1.297s] INFO:colcon.colcon_core.shell:Creating package script '/home/sti/ros2/install/py_topic_publisher/share/py_topic_publisher/package.zsh'
[1.298s] Level 1:colcon.colcon_core.environment:create_file_with_runtime_dependencies(/home/sti/ros2/install/py_topic_publisher/share/colcon-core/packages/py_topic_publisher)
[1.317s] Level 1:colcon.colcon_core.environment:checking '/home/sti/ros2/install/ros2_test' for CMake module files
[1.318s] Level 1:colcon.colcon_core.environment:checking '/home/sti/ros2/install/ros2_test' for CMake config files
[1.318s] Level 1:colcon.colcon_core.environment:checking '/home/sti/ros2/install/ros2_test/lib'
[1.318s] Level 1:colcon.colcon_core.environment:checking '/home/sti/ros2/install/ros2_test/bin'
[1.318s] Level 1:colcon.colcon_core.environment:checking '/home/sti/ros2/install/ros2_test/lib/pkgconfig/ros2_test.pc'
[1.319s] Level 1:colcon.colcon_core.environment:checking '/home/sti/ros2/install/ros2_test/lib/python3.12/site-packages'
[1.319s] Level 1:colcon.colcon_core.shell:create_environment_hook('ros2_test', 'pythonpath')
[1.319s] INFO:colcon.colcon_core.shell:Creating environment hook '/home/sti/ros2/install/ros2_test/share/ros2_test/hook/pythonpath.ps1'
[1.319s] INFO:colcon.colcon_core.shell:Creating environment descriptor '/home/sti/ros2/install/ros2_test/share/ros2_test/hook/pythonpath.dsv'
[1.320s] DEBUG:colcon.colcon_core.event_handler.log_command:Invoked command in '/home/sti/ros2/src/ros2_test' returned '0': DEBUGINFOD_URLS=https://debuginfod.ubuntu.com PYTHONPATH=/home/sti/ros2/build/ros2_test/prefix_override:/usr/lib/python3/dist-packages/colcon_core/task/python/colcon_distutils_commands:/home/sti/ros2/install/ros2_test/lib/python3.12/site-packages:${PYTHONPATH} /usr/bin/python3 -W ignore:setup.py install is deprecated -W ignore:easy_install command is deprecated setup.py egg_info --egg-base ../../build/ros2_test build --build-base /home/sti/ros2/build/ros2_test/build install --record /home/sti/ros2/build/ros2_test/install.log --single-version-externally-managed install_data
[1.321s] INFO:colcon.colcon_core.shell:Creating environment hook '/home/sti/ros2/install/ros2_test/share/ros2_test/hook/pythonpath.sh'
[1.322s] Level 1:colcon.colcon_core.environment:checking '/home/sti/ros2/install/ros2_test/bin'
[1.322s] Level 1:colcon.colcon_core.environment:create_environment_scripts_only(ros2_test)
[1.323s] INFO:colcon.colcon_core.shell:Creating package script '/home/sti/ros2/install/ros2_test/share/ros2_test/package.ps1'
[1.324s] INFO:colcon.colcon_core.shell:Creating package descriptor '/home/sti/ros2/install/ros2_test/share/ros2_test/package.dsv'
[1.325s] INFO:colcon.colcon_core.shell:Creating package script '/home/sti/ros2/install/ros2_test/share/ros2_test/package.sh'
[1.326s] INFO:colcon.colcon_core.shell:Creating package script '/home/sti/ros2/install/ros2_test/share/ros2_test/package.bash'
[1.327s] INFO:colcon.colcon_core.shell:Creating package script '/home/sti/ros2/install/ros2_test/share/ros2_test/package.zsh'
[1.328s] Level 1:colcon.colcon_core.environment:create_file_with_runtime_dependencies(/home/sti/ros2/install/ros2_test/share/colcon-core/packages/ros2_test)
[1.328s] DEBUG:colcon.colcon_parallel_executor.executor.parallel:closing loop
[1.329s] DEBUG:colcon.colcon_parallel_executor.executor.parallel:loop closed
[1.329s] DEBUG:colcon.colcon_parallel_executor.executor.parallel:run_until_complete finished with '0'
[1.329s] DEBUG:colcon.colcon_core.event_reactor:joining thread
[1.335s] INFO:colcon.colcon_core.plugin_system:Skipping extension 'colcon_notification.desktop_notification.terminal_notifier': Not used on non-Darwin systems
[1.335s] INFO:colcon.colcon_core.plugin_system:Skipping extension 'colcon_notification.desktop_notification.win32': Not used on non-Windows systems
[1.335s] INFO:colcon.colcon_notification.desktop_notification:Sending desktop notification using 'notify2'
[1.345s] DEBUG:colcon.colcon_core.event_reactor:joined thread
[1.346s] INFO:colcon.colcon_core.shell:Creating prefix script '/home/sti/ros2/install/local_setup.ps1'
[1.347s] INFO:colcon.colcon_core.shell:Creating prefix util module '/home/sti/ros2/install/_local_setup_util_ps1.py'
[1.348s] INFO:colcon.colcon_core.shell:Creating prefix chain script '/home/sti/ros2/install/setup.ps1'
[1.350s] INFO:colcon.colcon_core.shell:Creating prefix script '/home/sti/ros2/install/local_setup.sh'
[1.351s] INFO:colcon.colcon_core.shell:Creating prefix util module '/home/sti/ros2/install/_local_setup_util_sh.py'
[1.352s] INFO:colcon.colcon_core.shell:Creating prefix chain script '/home/sti/ros2/install/setup.sh'
[1.353s] INFO:colcon.colcon_core.shell:Creating prefix script '/home/sti/ros2/install/local_setup.bash'
[1.354s] INFO:colcon.colcon_core.shell:Creating prefix chain script '/home/sti/ros2/install/setup.bash'
[1.356s] INFO:colcon.colcon_core.shell:Creating prefix script '/home/sti/ros2/install/local_setup.zsh'
[1.356s] INFO:colcon.colcon_core.shell:Creating prefix chain script '/home/sti/ros2/install/setup.zsh'
