[0.760s] Invoking command in '/home/sti/ros2/src/py_topic': DEBUGINFOD_URLS=https://debuginfod.ubuntu.com PYTHONPATH=/home/sti/ros2/build/py_topic/prefix_override:/usr/lib/python3/dist-packages/colcon_core/task/python/colcon_distutils_commands:/home/sti/ros2/install/py_topic/lib/python3.12/site-packages:${PYTHONPATH} /usr/bin/python3 -W ignore:setup.py install is deprecated -W ignore:easy_install command is deprecated setup.py egg_info --egg-base ../../build/py_topic build --build-base /home/sti/ros2/build/py_topic/build install --record /home/sti/ros2/build/py_topic/install.log --single-version-externally-managed install_data
[0.961s] running egg_info
[0.962s] creating ../../build/py_topic/py_topic.egg-info
[0.971s] writing ../../build/py_topic/py_topic.egg-info/PKG-INFO
[0.971s] writing dependency_links to ../../build/py_topic/py_topic.egg-info/dependency_links.txt
[0.971s] writing entry points to ../../build/py_topic/py_topic.egg-info/entry_points.txt
[0.971s] writing requirements to ../../build/py_topic/py_topic.egg-info/requires.txt
[0.971s] writing top-level names to ../../build/py_topic/py_topic.egg-info/top_level.txt
[0.971s] writing manifest file '../../build/py_topic/py_topic.egg-info/SOURCES.txt'
[0.992s] reading manifest file '../../build/py_topic/py_topic.egg-info/SOURCES.txt'
[0.992s] writing manifest file '../../build/py_topic/py_topic.egg-info/SOURCES.txt'
[0.992s] running build
[0.993s] running build_py
[0.993s] creating /home/sti/ros2/build/py_topic/build
[0.993s] creating /home/sti/ros2/build/py_topic/build/lib
[0.993s] creating /home/sti/ros2/build/py_topic/build/lib/py_topic
[0.993s] copying py_topic/py_topic.py -> /home/sti/ros2/build/py_topic/build/lib/py_topic
[0.993s] copying py_topic/__init__.py -> /home/sti/ros2/build/py_topic/build/lib/py_topic
[0.993s] running install
[0.997s] running install_lib
[1.007s] creating /home/sti/ros2/install/py_topic/lib/python3.12/site-packages/py_topic
[1.007s] copying /home/sti/ros2/build/py_topic/build/lib/py_topic/py_topic.py -> /home/sti/ros2/install/py_topic/lib/python3.12/site-packages/py_topic
[1.007s] copying /home/sti/ros2/build/py_topic/build/lib/py_topic/__init__.py -> /home/sti/ros2/install/py_topic/lib/python3.12/site-packages/py_topic
[1.008s] byte-compiling /home/sti/ros2/install/py_topic/lib/python3.12/site-packages/py_topic/py_topic.py to py_topic.cpython-312.pyc
[1.008s] byte-compiling /home/sti/ros2/install/py_topic/lib/python3.12/site-packages/py_topic/__init__.py to __init__.cpython-312.pyc
[1.009s] running install_data
[1.009s] creating /home/sti/ros2/install/py_topic/share/ament_index
[1.009s] creating /home/sti/ros2/install/py_topic/share/ament_index/resource_index
[1.009s] creating /home/sti/ros2/install/py_topic/share/ament_index/resource_index/packages
[1.009s] copying resource/py_topic -> /home/sti/ros2/install/py_topic/share/ament_index/resource_index/packages
[1.009s] copying package.xml -> /home/sti/ros2/install/py_topic/share/py_topic
[1.009s] running install_egg_info
[1.030s] Copying ../../build/py_topic/py_topic.egg-info to /home/sti/ros2/install/py_topic/lib/python3.12/site-packages/py_topic-0.0.0-py3.12.egg-info
[1.031s] running install_scripts
[1.120s] Installing publisher script to /home/sti/ros2/install/py_topic/lib/py_topic
[1.120s] writing list of installed files to '/home/sti/ros2/build/py_topic/install.log'
[1.145s] Invoked command in '/home/sti/ros2/src/py_topic' returned '0': DEBUGINFOD_URLS=https://debuginfod.ubuntu.com PYTHONPATH=/home/sti/ros2/build/py_topic/prefix_override:/usr/lib/python3/dist-packages/colcon_core/task/python/colcon_distutils_commands:/home/sti/ros2/install/py_topic/lib/python3.12/site-packages:${PYTHONPATH} /usr/bin/python3 -W ignore:setup.py install is deprecated -W ignore:easy_install command is deprecated setup.py egg_info --egg-base ../../build/py_topic build --build-base /home/sti/ros2/build/py_topic/build install --record /home/sti/ros2/build/py_topic/install.log --single-version-externally-managed install_data
