[0.067s] DEBUG:colcon:Command line arguments: ['/usr/bin/colcon', 'build']
[0.067s] DEBUG:colcon:Parsed command line arguments: Namespace(log_base=None, log_level=None, verb_name='build', build_base='build', install_base='install', merge_install=False, symlink_install=False, test_result_base=None, continue_on_error=False, executor='parallel', parallel_workers=14, event_handlers=None, ignore_user_meta=False, metas=['./colcon.meta'], base_paths=['.'], packages_ignore=None, packages_ignore_regex=None, paths=None, packages_up_to=None, packages_up_to_regex=None, packages_above=None, packages_above_and_dependencies=None, packages_above_depth=None, packages_select_by_dep=None, packages_skip_by_dep=None, packages_skip_up_to=None, packages_select_build_failed=False, packages_skip_build_finished=False, packages_select_test_failures=False, packages_skip_test_passed=False, packages_select=None, packages_skip=None, packages_select_regex=None, packages_skip_regex=None, packages_start=None, packages_end=None, allow_overriding=[], cmake_args=None, cmake_target=None, cmake_target_skip_unavailable=False, cmake_clean_cache=False, cmake_clean_first=False, cmake_force_configure=False, ament_cmake_args=None, catkin_cmake_args=None, catkin_skip_building_tests=False, verb_parser=<colcon_defaults.argument_parser.defaults.DefaultArgumentsDecorator object at 0x78ada4e64080>, verb_extension=<colcon_core.verb.build.BuildVerb object at 0x78ada4e64200>, main=<bound method BuildVerb.main of <colcon_core.verb.build.BuildVerb object at 0x78ada4e64200>>)
[0.091s] Level 1:colcon.colcon_core.package_discovery:discover_packages(colcon_meta) check parameters
[0.091s] Level 1:colcon.colcon_core.package_discovery:discover_packages(recursive) check parameters
[0.091s] Level 1:colcon.colcon_core.package_discovery:discover_packages(ignore) check parameters
[0.091s] Level 1:colcon.colcon_core.package_discovery:discover_packages(path) check parameters
[0.091s] Level 1:colcon.colcon_core.package_discovery:discover_packages(colcon_meta) discover
[0.091s] Level 1:colcon.colcon_core.package_discovery:discover_packages(recursive) discover
[0.091s] INFO:colcon.colcon_core.package_discovery:Crawling recursively for packages in '/home/sti/ros2'
[0.091s] Level 1:colcon.colcon_core.package_identification:_identify(.) by extensions ['ignore', 'ignore_ament_install']
[0.091s] Level 1:colcon.colcon_core.package_identification:_identify(.) by extension 'ignore'
[0.091s] Level 1:colcon.colcon_core.package_identification:_identify(.) by extension 'ignore_ament_install'
[0.091s] Level 1:colcon.colcon_core.package_identification:_identify(.) by extensions ['colcon_pkg']
[0.091s] Level 1:colcon.colcon_core.package_identification:_identify(.) by extension 'colcon_pkg'
[0.091s] Level 1:colcon.colcon_core.package_identification:_identify(.) by extensions ['colcon_meta']
[0.091s] Level 1:colcon.colcon_core.package_identification:_identify(.) by extension 'colcon_meta'
[0.091s] Level 1:colcon.colcon_core.package_identification:_identify(.) by extensions ['ros']
[0.091s] Level 1:colcon.colcon_core.package_identification:_identify(.) by extension 'ros'
[0.107s] Level 1:colcon.colcon_core.package_identification:_identify(.) by extensions ['cmake', 'python']
[0.107s] Level 1:colcon.colcon_core.package_identification:_identify(.) by extension 'cmake'
[0.107s] Level 1:colcon.colcon_core.package_identification:_identify(.) by extension 'python'
[0.107s] Level 1:colcon.colcon_core.package_identification:_identify(.) by extensions ['python_setup_py']
[0.107s] Level 1:colcon.colcon_core.package_identification:_identify(.) by extension 'python_setup_py'
[0.107s] Level 1:colcon.colcon_core.package_identification:_identify(build) by extensions ['ignore', 'ignore_ament_install']
[0.107s] Level 1:colcon.colcon_core.package_identification:_identify(build) by extension 'ignore'
[0.108s] Level 1:colcon.colcon_core.package_identification:_identify(build) ignored
[0.108s] Level 1:colcon.colcon_core.package_identification:_identify(install) by extensions ['ignore', 'ignore_ament_install']
[0.108s] Level 1:colcon.colcon_core.package_identification:_identify(install) by extension 'ignore'
[0.108s] Level 1:colcon.colcon_core.package_identification:_identify(install) ignored
[0.108s] Level 1:colcon.colcon_core.package_identification:_identify(log) by extensions ['ignore', 'ignore_ament_install']
[0.108s] Level 1:colcon.colcon_core.package_identification:_identify(log) by extension 'ignore'
[0.108s] Level 1:colcon.colcon_core.package_identification:_identify(log) ignored
[0.108s] Level 1:colcon.colcon_core.package_identification:_identify(src) by extensions ['ignore', 'ignore_ament_install']
[0.108s] Level 1:colcon.colcon_core.package_identification:_identify(src) by extension 'ignore'
[0.108s] Level 1:colcon.colcon_core.package_identification:_identify(src) by extension 'ignore_ament_install'
[0.108s] Level 1:colcon.colcon_core.package_identification:_identify(src) by extensions ['colcon_pkg']
[0.108s] Level 1:colcon.colcon_core.package_identification:_identify(src) by extension 'colcon_pkg'
[0.108s] Level 1:colcon.colcon_core.package_identification:_identify(src) by extensions ['colcon_meta']
[0.108s] Level 1:colcon.colcon_core.package_identification:_identify(src) by extension 'colcon_meta'
[0.108s] Level 1:colcon.colcon_core.package_identification:_identify(src) by extensions ['ros']
[0.108s] Level 1:colcon.colcon_core.package_identification:_identify(src) by extension 'ros'
[0.108s] Level 1:colcon.colcon_core.package_identification:_identify(src) by extensions ['cmake', 'python']
[0.108s] Level 1:colcon.colcon_core.package_identification:_identify(src) by extension 'cmake'
[0.108s] Level 1:colcon.colcon_core.package_identification:_identify(src) by extension 'python'
[0.108s] Level 1:colcon.colcon_core.package_identification:_identify(src) by extensions ['python_setup_py']
[0.108s] Level 1:colcon.colcon_core.package_identification:_identify(src) by extension 'python_setup_py'
[0.108s] Level 1:colcon.colcon_core.package_identification:_identify(src/cpp_topic) by extensions ['ignore', 'ignore_ament_install']
[0.108s] Level 1:colcon.colcon_core.package_identification:_identify(src/cpp_topic) by extension 'ignore'
[0.108s] Level 1:colcon.colcon_core.package_identification:_identify(src/cpp_topic) by extension 'ignore_ament_install'
[0.108s] Level 1:colcon.colcon_core.package_identification:_identify(src/cpp_topic) by extensions ['colcon_pkg']
[0.108s] Level 1:colcon.colcon_core.package_identification:_identify(src/cpp_topic) by extension 'colcon_pkg'
[0.108s] Level 1:colcon.colcon_core.package_identification:_identify(src/cpp_topic) by extensions ['colcon_meta']
[0.108s] Level 1:colcon.colcon_core.package_identification:_identify(src/cpp_topic) by extension 'colcon_meta'
[0.108s] Level 1:colcon.colcon_core.package_identification:_identify(src/cpp_topic) by extensions ['ros']
[0.108s] Level 1:colcon.colcon_core.package_identification:_identify(src/cpp_topic) by extension 'ros'
[0.110s] DEBUG:colcon.colcon_core.package_identification:Package 'src/cpp_topic' with type 'ros.ament_cmake' and name 'cpp_topic'
[0.110s] Level 1:colcon.colcon_core.package_identification:_identify(src/py_topic) by extensions ['ignore', 'ignore_ament_install']
[0.110s] Level 1:colcon.colcon_core.package_identification:_identify(src/py_topic) by extension 'ignore'
[0.110s] Level 1:colcon.colcon_core.package_identification:_identify(src/py_topic) by extension 'ignore_ament_install'
[0.110s] Level 1:colcon.colcon_core.package_identification:_identify(src/py_topic) by extensions ['colcon_pkg']
[0.110s] Level 1:colcon.colcon_core.package_identification:_identify(src/py_topic) by extension 'colcon_pkg'
[0.110s] Level 1:colcon.colcon_core.package_identification:_identify(src/py_topic) by extensions ['colcon_meta']
[0.110s] Level 1:colcon.colcon_core.package_identification:_identify(src/py_topic) by extension 'colcon_meta'
[0.110s] Level 1:colcon.colcon_core.package_identification:_identify(src/py_topic) by extensions ['ros']
[0.110s] Level 1:colcon.colcon_core.package_identification:_identify(src/py_topic) by extension 'ros'
[0.110s] DEBUG:colcon.colcon_core.package_identification:Package 'src/py_topic' with type 'ros.ament_python' and name 'py_topic'
[0.110s] Level 1:colcon.colcon_core.package_identification:_identify(src/ros2_test) by extensions ['ignore', 'ignore_ament_install']
[0.110s] Level 1:colcon.colcon_core.package_identification:_identify(src/ros2_test) by extension 'ignore'
[0.110s] Level 1:colcon.colcon_core.package_identification:_identify(src/ros2_test) by extension 'ignore_ament_install'
[0.110s] Level 1:colcon.colcon_core.package_identification:_identify(src/ros2_test) by extensions ['colcon_pkg']
[0.110s] Level 1:colcon.colcon_core.package_identification:_identify(src/ros2_test) by extension 'colcon_pkg'
[0.111s] Level 1:colcon.colcon_core.package_identification:_identify(src/ros2_test) by extensions ['colcon_meta']
[0.111s] Level 1:colcon.colcon_core.package_identification:_identify(src/ros2_test) by extension 'colcon_meta'
[0.111s] Level 1:colcon.colcon_core.package_identification:_identify(src/ros2_test) by extensions ['ros']
[0.111s] Level 1:colcon.colcon_core.package_identification:_identify(src/ros2_test) by extension 'ros'
[0.111s] DEBUG:colcon.colcon_core.package_identification:Package 'src/ros2_test' with type 'ros.ament_python' and name 'ros2_test'
[0.111s] Level 1:colcon.colcon_core.package_identification:_identify(src/ros2_test_cpp) by extensions ['ignore', 'ignore_ament_install']
[0.111s] Level 1:colcon.colcon_core.package_identification:_identify(src/ros2_test_cpp) by extension 'ignore'
[0.111s] Level 1:colcon.colcon_core.package_identification:_identify(src/ros2_test_cpp) by extension 'ignore_ament_install'
[0.111s] Level 1:colcon.colcon_core.package_identification:_identify(src/ros2_test_cpp) by extensions ['colcon_pkg']
[0.111s] Level 1:colcon.colcon_core.package_identification:_identify(src/ros2_test_cpp) by extension 'colcon_pkg'
[0.111s] Level 1:colcon.colcon_core.package_identification:_identify(src/ros2_test_cpp) by extensions ['colcon_meta']
[0.111s] Level 1:colcon.colcon_core.package_identification:_identify(src/ros2_test_cpp) by extension 'colcon_meta'
[0.111s] Level 1:colcon.colcon_core.package_identification:_identify(src/ros2_test_cpp) by extensions ['ros']
[0.111s] Level 1:colcon.colcon_core.package_identification:_identify(src/ros2_test_cpp) by extension 'ros'
[0.111s] DEBUG:colcon.colcon_core.package_identification:Package 'src/ros2_test_cpp' with type 'ros.ament_cmake' and name 'ros2_test_cpp'
[0.111s] Level 1:colcon.colcon_core.package_discovery:discover_packages(recursive) using defaults
[0.111s] Level 1:colcon.colcon_core.package_discovery:discover_packages(ignore) discover
[0.111s] Level 1:colcon.colcon_core.package_discovery:discover_packages(ignore) using defaults
[0.111s] Level 1:colcon.colcon_core.package_discovery:discover_packages(path) discover
[0.111s] Level 1:colcon.colcon_core.package_discovery:discover_packages(path) using defaults
[0.123s] Level 1:colcon.colcon_core.package_discovery:discover_packages(prefix_path) check parameters
[0.123s] Level 1:colcon.colcon_core.package_discovery:discover_packages(prefix_path) discover
[0.124s] DEBUG:colcon.colcon_installed_package_information.package_discovery:Found 5 installed packages in /home/sti/ros2/install
[0.125s] DEBUG:colcon.colcon_installed_package_information.package_discovery:Found 19 installed packages in /home/sti/ros2_21_tutorials/install
[0.126s] DEBUG:colcon.colcon_installed_package_information.package_discovery:Found 287 installed packages in /opt/ros/jazzy
[0.126s] Level 1:colcon.colcon_core.package_discovery:discover_packages(prefix_path) using defaults
[0.149s] Level 5:colcon.colcon_core.verb:set package 'cpp_topic' build argument 'cmake_args' from command line to 'None'
[0.149s] Level 5:colcon.colcon_core.verb:set package 'cpp_topic' build argument 'cmake_target' from command line to 'None'
[0.149s] Level 5:colcon.colcon_core.verb:set package 'cpp_topic' build argument 'cmake_target_skip_unavailable' from command line to 'False'
[0.149s] Level 5:colcon.colcon_core.verb:set package 'cpp_topic' build argument 'cmake_clean_cache' from command line to 'False'
[0.149s] Level 5:colcon.colcon_core.verb:set package 'cpp_topic' build argument 'cmake_clean_first' from command line to 'False'
[0.149s] Level 5:colcon.colcon_core.verb:set package 'cpp_topic' build argument 'cmake_force_configure' from command line to 'False'
[0.149s] Level 5:colcon.colcon_core.verb:set package 'cpp_topic' build argument 'ament_cmake_args' from command line to 'None'
[0.149s] Level 5:colcon.colcon_core.verb:set package 'cpp_topic' build argument 'catkin_cmake_args' from command line to 'None'
[0.149s] Level 5:colcon.colcon_core.verb:set package 'cpp_topic' build argument 'catkin_skip_building_tests' from command line to 'False'
[0.149s] DEBUG:colcon.colcon_core.verb:Building package 'cpp_topic' with the following arguments: {'ament_cmake_args': None, 'build_base': '/home/sti/ros2/build/cpp_topic', 'catkin_cmake_args': None, 'catkin_skip_building_tests': False, 'cmake_args': None, 'cmake_clean_cache': False, 'cmake_clean_first': False, 'cmake_force_configure': False, 'cmake_target': None, 'cmake_target_skip_unavailable': False, 'install_base': '/home/sti/ros2/install/cpp_topic', 'merge_install': False, 'path': '/home/sti/ros2/src/cpp_topic', 'symlink_install': False, 'test_result_base': None}
[0.149s] Level 5:colcon.colcon_core.verb:set package 'py_topic' build argument 'cmake_args' from command line to 'None'
[0.149s] Level 5:colcon.colcon_core.verb:set package 'py_topic' build argument 'cmake_target' from command line to 'None'
[0.150s] Level 5:colcon.colcon_core.verb:set package 'py_topic' build argument 'cmake_target_skip_unavailable' from command line to 'False'
[0.150s] Level 5:colcon.colcon_core.verb:set package 'py_topic' build argument 'cmake_clean_cache' from command line to 'False'
[0.150s] Level 5:colcon.colcon_core.verb:set package 'py_topic' build argument 'cmake_clean_first' from command line to 'False'
[0.150s] Level 5:colcon.colcon_core.verb:set package 'py_topic' build argument 'cmake_force_configure' from command line to 'False'
[0.150s] Level 5:colcon.colcon_core.verb:set package 'py_topic' build argument 'ament_cmake_args' from command line to 'None'
[0.150s] Level 5:colcon.colcon_core.verb:set package 'py_topic' build argument 'catkin_cmake_args' from command line to 'None'
[0.150s] Level 5:colcon.colcon_core.verb:set package 'py_topic' build argument 'catkin_skip_building_tests' from command line to 'False'
[0.150s] DEBUG:colcon.colcon_core.verb:Building package 'py_topic' with the following arguments: {'ament_cmake_args': None, 'build_base': '/home/sti/ros2/build/py_topic', 'catkin_cmake_args': None, 'catkin_skip_building_tests': False, 'cmake_args': None, 'cmake_clean_cache': False, 'cmake_clean_first': False, 'cmake_force_configure': False, 'cmake_target': None, 'cmake_target_skip_unavailable': False, 'install_base': '/home/sti/ros2/install/py_topic', 'merge_install': False, 'path': '/home/sti/ros2/src/py_topic', 'symlink_install': False, 'test_result_base': None}
[0.150s] Level 5:colcon.colcon_core.verb:set package 'ros2_test' build argument 'cmake_args' from command line to 'None'
[0.150s] Level 5:colcon.colcon_core.verb:set package 'ros2_test' build argument 'cmake_target' from command line to 'None'
[0.150s] Level 5:colcon.colcon_core.verb:set package 'ros2_test' build argument 'cmake_target_skip_unavailable' from command line to 'False'
[0.150s] Level 5:colcon.colcon_core.verb:set package 'ros2_test' build argument 'cmake_clean_cache' from command line to 'False'
[0.150s] Level 5:colcon.colcon_core.verb:set package 'ros2_test' build argument 'cmake_clean_first' from command line to 'False'
[0.150s] Level 5:colcon.colcon_core.verb:set package 'ros2_test' build argument 'cmake_force_configure' from command line to 'False'
[0.150s] Level 5:colcon.colcon_core.verb:set package 'ros2_test' build argument 'ament_cmake_args' from command line to 'None'
[0.150s] Level 5:colcon.colcon_core.verb:set package 'ros2_test' build argument 'catkin_cmake_args' from command line to 'None'
[0.150s] Level 5:colcon.colcon_core.verb:set package 'ros2_test' build argument 'catkin_skip_building_tests' from command line to 'False'
[0.150s] DEBUG:colcon.colcon_core.verb:Building package 'ros2_test' with the following arguments: {'ament_cmake_args': None, 'build_base': '/home/sti/ros2/build/ros2_test', 'catkin_cmake_args': None, 'catkin_skip_building_tests': False, 'cmake_args': None, 'cmake_clean_cache': False, 'cmake_clean_first': False, 'cmake_force_configure': False, 'cmake_target': None, 'cmake_target_skip_unavailable': False, 'install_base': '/home/sti/ros2/install/ros2_test', 'merge_install': False, 'path': '/home/sti/ros2/src/ros2_test', 'symlink_install': False, 'test_result_base': None}
[0.150s] Level 5:colcon.colcon_core.verb:set package 'ros2_test_cpp' build argument 'cmake_args' from command line to 'None'
[0.150s] Level 5:colcon.colcon_core.verb:set package 'ros2_test_cpp' build argument 'cmake_target' from command line to 'None'
[0.150s] Level 5:colcon.colcon_core.verb:set package 'ros2_test_cpp' build argument 'cmake_target_skip_unavailable' from command line to 'False'
[0.150s] Level 5:colcon.colcon_core.verb:set package 'ros2_test_cpp' build argument 'cmake_clean_cache' from command line to 'False'
[0.150s] Level 5:colcon.colcon_core.verb:set package 'ros2_test_cpp' build argument 'cmake_clean_first' from command line to 'False'
[0.150s] Level 5:colcon.colcon_core.verb:set package 'ros2_test_cpp' build argument 'cmake_force_configure' from command line to 'False'
[0.150s] Level 5:colcon.colcon_core.verb:set package 'ros2_test_cpp' build argument 'ament_cmake_args' from command line to 'None'
[0.150s] Level 5:colcon.colcon_core.verb:set package 'ros2_test_cpp' build argument 'catkin_cmake_args' from command line to 'None'
[0.150s] Level 5:colcon.colcon_core.verb:set package 'ros2_test_cpp' build argument 'catkin_skip_building_tests' from command line to 'False'
[0.150s] DEBUG:colcon.colcon_core.verb:Building package 'ros2_test_cpp' with the following arguments: {'ament_cmake_args': None, 'build_base': '/home/sti/ros2/build/ros2_test_cpp', 'catkin_cmake_args': None, 'catkin_skip_building_tests': False, 'cmake_args': None, 'cmake_clean_cache': False, 'cmake_clean_first': False, 'cmake_force_configure': False, 'cmake_target': None, 'cmake_target_skip_unavailable': False, 'install_base': '/home/sti/ros2/install/ros2_test_cpp', 'merge_install': False, 'path': '/home/sti/ros2/src/ros2_test_cpp', 'symlink_install': False, 'test_result_base': None}
[0.150s] INFO:colcon.colcon_core.executor:Executing jobs using 'parallel' executor
[0.151s] DEBUG:colcon.colcon_parallel_executor.executor.parallel:run_until_complete
[0.152s] INFO:colcon.colcon_ros.task.ament_cmake.build:Building ROS package in '/home/sti/ros2/src/cpp_topic' with build type 'ament_cmake'
[0.152s] INFO:colcon.colcon_cmake.task.cmake.build:Building CMake package in '/home/sti/ros2/src/cpp_topic'
[0.153s] INFO:colcon.colcon_core.plugin_system:Skipping extension 'colcon_core.shell.bat': Not used on non-Windows systems
[0.154s] INFO:colcon.colcon_core.shell:Skip shell extension 'powershell' for command environment: Not usable outside of PowerShell
[0.154s] DEBUG:colcon.colcon_core.shell:Skip shell extension 'dsv' for command environment
[0.157s] INFO:colcon.colcon_ros.task.ament_python.build:Building ROS package in '/home/sti/ros2/src/py_topic' with build type 'ament_python'
[0.157s] Level 1:colcon.colcon_core.shell:create_environment_hook('py_topic', 'ament_prefix_path')
[0.157s] INFO:colcon.colcon_core.shell:Creating environment hook '/home/sti/ros2/install/py_topic/share/py_topic/hook/ament_prefix_path.ps1'
[0.157s] INFO:colcon.colcon_core.shell:Creating environment descriptor '/home/sti/ros2/install/py_topic/share/py_topic/hook/ament_prefix_path.dsv'
[0.158s] INFO:colcon.colcon_core.shell:Creating environment hook '/home/sti/ros2/install/py_topic/share/py_topic/hook/ament_prefix_path.sh'
[0.158s] INFO:colcon.colcon_core.shell:Skip shell extension 'powershell' for command environment: Not usable outside of PowerShell
[0.158s] DEBUG:colcon.colcon_core.shell:Skip shell extension 'dsv' for command environment
[0.161s] INFO:colcon.colcon_ros.task.ament_python.build:Building ROS package in '/home/sti/ros2/src/ros2_test' with build type 'ament_python'
[0.161s] Level 1:colcon.colcon_core.shell:create_environment_hook('ros2_test', 'ament_prefix_path')
[0.161s] INFO:colcon.colcon_core.shell:Creating environment hook '/home/sti/ros2/install/ros2_test/share/ros2_test/hook/ament_prefix_path.ps1'
[0.161s] INFO:colcon.colcon_core.shell:Creating environment descriptor '/home/sti/ros2/install/ros2_test/share/ros2_test/hook/ament_prefix_path.dsv'
[0.162s] INFO:colcon.colcon_core.shell:Creating environment hook '/home/sti/ros2/install/ros2_test/share/ros2_test/hook/ament_prefix_path.sh'
[0.162s] INFO:colcon.colcon_core.shell:Skip shell extension 'powershell' for command environment: Not usable outside of PowerShell
[0.162s] DEBUG:colcon.colcon_core.shell:Skip shell extension 'dsv' for command environment
[0.167s] INFO:colcon.colcon_ros.task.ament_cmake.build:Building ROS package in '/home/sti/ros2/src/ros2_test_cpp' with build type 'ament_cmake'
[0.167s] INFO:colcon.colcon_cmake.task.cmake.build:Building CMake package in '/home/sti/ros2/src/ros2_test_cpp'
[0.168s] INFO:colcon.colcon_core.shell:Skip shell extension 'powershell' for command environment: Not usable outside of PowerShell
[0.168s] DEBUG:colcon.colcon_core.shell:Skip shell extension 'dsv' for command environment
[0.175s] DEBUG:colcon.colcon_core.event_handler.log_command:Invoking command in '/home/sti/ros2/build/cpp_topic': CMAKE_PREFIX_PATH=${CMAKE_PREFIX_PATH}:/home/sti/ros2/install/py_topic_publisher:/home/sti/ros2/install/py_topic:/home/sti/ros2_21_tutorials/install/learning_urdf:/home/sti/ros2_21_tutorials/install/learning_topic:/home/sti/ros2_21_tutorials/install/learning_tf:/home/sti/ros2_21_tutorials/install/learning_service:/home/sti/ros2_21_tutorials/install/learning_qos:/home/sti/ros2_21_tutorials/install/learning_pkg_python:/home/sti/ros2_21_tutorials/install/learning_parameter:/home/sti/ros2_21_tutorials/install/learning_node:/home/sti/ros2_21_tutorials/install/learning_launch:/home/sti/ros2_21_tutorials/install/learning_action:/home/sti/ros2_21_tutorials/install/learning_gazebo:/home/sti/ros2_21_tutorials/install/learning_cv:/home/sti/ros2/install/ros2_test:/opt/ros/jazzy DEBUGINFOD_URLS=https://debuginfod.ubuntu.com /usr/bin/cmake --build /home/sti/ros2/build/cpp_topic -- -j14 -l14
[0.334s] INFO:colcon.colcon_core.task.python.build:Building Python package in '/home/sti/ros2/src/py_topic'
[0.334s] INFO:colcon.colcon_core.shell:Skip shell extension 'powershell' for command environment: Not usable outside of PowerShell
[0.334s] DEBUG:colcon.colcon_core.shell:Skip shell extension 'dsv' for command environment
[0.526s] INFO:colcon.colcon_core.task.python.build:Building Python package in '/home/sti/ros2/src/ros2_test'
[0.526s] INFO:colcon.colcon_core.shell:Skip shell extension 'powershell' for command environment: Not usable outside of PowerShell
[0.526s] DEBUG:colcon.colcon_core.shell:Skip shell extension 'dsv' for command environment
[0.532s] DEBUG:colcon.colcon_core.event_handler.log_command:Invoking command in '/home/sti/ros2/build/ros2_test_cpp': CMAKE_PREFIX_PATH=${CMAKE_PREFIX_PATH}:/home/sti/ros2/install/py_topic_publisher:/home/sti/ros2/install/py_topic:/home/sti/ros2_21_tutorials/install/learning_urdf:/home/sti/ros2_21_tutorials/install/learning_topic:/home/sti/ros2_21_tutorials/install/learning_tf:/home/sti/ros2_21_tutorials/install/learning_service:/home/sti/ros2_21_tutorials/install/learning_qos:/home/sti/ros2_21_tutorials/install/learning_pkg_python:/home/sti/ros2_21_tutorials/install/learning_parameter:/home/sti/ros2_21_tutorials/install/learning_node:/home/sti/ros2_21_tutorials/install/learning_launch:/home/sti/ros2_21_tutorials/install/learning_action:/home/sti/ros2_21_tutorials/install/learning_gazebo:/home/sti/ros2_21_tutorials/install/learning_cv:/home/sti/ros2/install/ros2_test:/opt/ros/jazzy DEBUGINFOD_URLS=https://debuginfod.ubuntu.com /usr/bin/cmake --build /home/sti/ros2/build/ros2_test_cpp -- -j14 -l14
[0.607s] DEBUG:colcon.colcon_core.event_handler.log_command:Invoked command in '/home/sti/ros2/build/ros2_test_cpp' returned '0': CMAKE_PREFIX_PATH=${CMAKE_PREFIX_PATH}:/home/sti/ros2/install/py_topic_publisher:/home/sti/ros2/install/py_topic:/home/sti/ros2_21_tutorials/install/learning_urdf:/home/sti/ros2_21_tutorials/install/learning_topic:/home/sti/ros2_21_tutorials/install/learning_tf:/home/sti/ros2_21_tutorials/install/learning_service:/home/sti/ros2_21_tutorials/install/learning_qos:/home/sti/ros2_21_tutorials/install/learning_pkg_python:/home/sti/ros2_21_tutorials/install/learning_parameter:/home/sti/ros2_21_tutorials/install/learning_node:/home/sti/ros2_21_tutorials/install/learning_launch:/home/sti/ros2_21_tutorials/install/learning_action:/home/sti/ros2_21_tutorials/install/learning_gazebo:/home/sti/ros2_21_tutorials/install/learning_cv:/home/sti/ros2/install/ros2_test:/opt/ros/jazzy DEBUGINFOD_URLS=https://debuginfod.ubuntu.com /usr/bin/cmake --build /home/sti/ros2/build/ros2_test_cpp -- -j14 -l14
[0.619s] DEBUG:colcon.colcon_core.event_handler.log_command:Invoking command in '/home/sti/ros2/build/ros2_test_cpp': CMAKE_PREFIX_PATH=${CMAKE_PREFIX_PATH}:/home/sti/ros2/install/py_topic_publisher:/home/sti/ros2/install/py_topic:/home/sti/ros2_21_tutorials/install/learning_urdf:/home/sti/ros2_21_tutorials/install/learning_topic:/home/sti/ros2_21_tutorials/install/learning_tf:/home/sti/ros2_21_tutorials/install/learning_service:/home/sti/ros2_21_tutorials/install/learning_qos:/home/sti/ros2_21_tutorials/install/learning_pkg_python:/home/sti/ros2_21_tutorials/install/learning_parameter:/home/sti/ros2_21_tutorials/install/learning_node:/home/sti/ros2_21_tutorials/install/learning_launch:/home/sti/ros2_21_tutorials/install/learning_action:/home/sti/ros2_21_tutorials/install/learning_gazebo:/home/sti/ros2_21_tutorials/install/learning_cv:/home/sti/ros2/install/ros2_test:/opt/ros/jazzy DEBUGINFOD_URLS=https://debuginfod.ubuntu.com /usr/bin/cmake --install /home/sti/ros2/build/ros2_test_cpp
[0.630s] Level 1:colcon.colcon_core.environment:create_environment_scripts_only(ros2_test_cpp)
[0.630s] DEBUG:colcon.colcon_core.event_handler.log_command:Invoked command in '/home/sti/ros2/build/ros2_test_cpp' returned '0': CMAKE_PREFIX_PATH=${CMAKE_PREFIX_PATH}:/home/sti/ros2/install/py_topic_publisher:/home/sti/ros2/install/py_topic:/home/sti/ros2_21_tutorials/install/learning_urdf:/home/sti/ros2_21_tutorials/install/learning_topic:/home/sti/ros2_21_tutorials/install/learning_tf:/home/sti/ros2_21_tutorials/install/learning_service:/home/sti/ros2_21_tutorials/install/learning_qos:/home/sti/ros2_21_tutorials/install/learning_pkg_python:/home/sti/ros2_21_tutorials/install/learning_parameter:/home/sti/ros2_21_tutorials/install/learning_node:/home/sti/ros2_21_tutorials/install/learning_launch:/home/sti/ros2_21_tutorials/install/learning_action:/home/sti/ros2_21_tutorials/install/learning_gazebo:/home/sti/ros2_21_tutorials/install/learning_cv:/home/sti/ros2/install/ros2_test:/opt/ros/jazzy DEBUGINFOD_URLS=https://debuginfod.ubuntu.com /usr/bin/cmake --install /home/sti/ros2/build/ros2_test_cpp
[0.633s] Level 1:colcon.colcon_core.environment:checking '/home/sti/ros2/install/ros2_test_cpp' for CMake module files
[0.633s] Level 1:colcon.colcon_core.environment:checking '/home/sti/ros2/install/ros2_test_cpp' for CMake config files
[0.633s] Level 1:colcon.colcon_core.shell:create_environment_hook('ros2_test_cpp', 'cmake_prefix_path')
[0.634s] INFO:colcon.colcon_core.shell:Creating environment hook '/home/sti/ros2/install/ros2_test_cpp/share/ros2_test_cpp/hook/cmake_prefix_path.ps1'
[0.634s] INFO:colcon.colcon_core.shell:Creating environment descriptor '/home/sti/ros2/install/ros2_test_cpp/share/ros2_test_cpp/hook/cmake_prefix_path.dsv'
[0.635s] INFO:colcon.colcon_core.shell:Creating environment hook '/home/sti/ros2/install/ros2_test_cpp/share/ros2_test_cpp/hook/cmake_prefix_path.sh'
[0.635s] Level 1:colcon.colcon_core.environment:checking '/home/sti/ros2/install/ros2_test_cpp/lib'
[0.635s] Level 1:colcon.colcon_core.environment:checking '/home/sti/ros2/install/ros2_test_cpp/bin'
[0.635s] Level 1:colcon.colcon_core.environment:checking '/home/sti/ros2/install/ros2_test_cpp/lib/pkgconfig/ros2_test_cpp.pc'
[0.636s] Level 1:colcon.colcon_core.environment:checking '/home/sti/ros2/install/ros2_test_cpp/lib/python3.12/site-packages'
[0.636s] Level 1:colcon.colcon_core.environment:checking '/home/sti/ros2/install/ros2_test_cpp/bin'
[0.636s] INFO:colcon.colcon_core.shell:Creating package script '/home/sti/ros2/install/ros2_test_cpp/share/ros2_test_cpp/package.ps1'
[0.637s] INFO:colcon.colcon_core.shell:Creating package descriptor '/home/sti/ros2/install/ros2_test_cpp/share/ros2_test_cpp/package.dsv'
[0.638s] INFO:colcon.colcon_core.shell:Creating package script '/home/sti/ros2/install/ros2_test_cpp/share/ros2_test_cpp/package.sh'
[0.638s] INFO:colcon.colcon_core.shell:Creating package script '/home/sti/ros2/install/ros2_test_cpp/share/ros2_test_cpp/package.bash'
[0.639s] INFO:colcon.colcon_core.shell:Creating package script '/home/sti/ros2/install/ros2_test_cpp/share/ros2_test_cpp/package.zsh'
[0.639s] Level 1:colcon.colcon_core.environment:create_file_with_runtime_dependencies(/home/sti/ros2/install/ros2_test_cpp/share/colcon-core/packages/ros2_test_cpp)
[0.640s] Level 1:colcon.colcon_core.environment:create_environment_scripts_only(ros2_test_cpp)
[0.640s] Level 1:colcon.colcon_core.environment:checking '/home/sti/ros2/install/ros2_test_cpp' for CMake module files
[0.641s] Level 1:colcon.colcon_core.environment:checking '/home/sti/ros2/install/ros2_test_cpp' for CMake config files
[0.641s] Level 1:colcon.colcon_core.shell:create_environment_hook('ros2_test_cpp', 'cmake_prefix_path')
[0.641s] INFO:colcon.colcon_core.shell:Creating environment hook '/home/sti/ros2/install/ros2_test_cpp/share/ros2_test_cpp/hook/cmake_prefix_path.ps1'
[0.642s] INFO:colcon.colcon_core.shell:Creating environment descriptor '/home/sti/ros2/install/ros2_test_cpp/share/ros2_test_cpp/hook/cmake_prefix_path.dsv'
[0.642s] INFO:colcon.colcon_core.shell:Creating environment hook '/home/sti/ros2/install/ros2_test_cpp/share/ros2_test_cpp/hook/cmake_prefix_path.sh'
[0.642s] Level 1:colcon.colcon_core.environment:checking '/home/sti/ros2/install/ros2_test_cpp/lib'
[0.643s] Level 1:colcon.colcon_core.environment:checking '/home/sti/ros2/install/ros2_test_cpp/bin'
[0.643s] Level 1:colcon.colcon_core.environment:checking '/home/sti/ros2/install/ros2_test_cpp/lib/pkgconfig/ros2_test_cpp.pc'
[0.643s] Level 1:colcon.colcon_core.environment:checking '/home/sti/ros2/install/ros2_test_cpp/lib/python3.12/site-packages'
[0.643s] Level 1:colcon.colcon_core.environment:checking '/home/sti/ros2/install/ros2_test_cpp/bin'
[0.643s] INFO:colcon.colcon_core.shell:Creating package script '/home/sti/ros2/install/ros2_test_cpp/share/ros2_test_cpp/package.ps1'
[0.644s] INFO:colcon.colcon_core.shell:Creating package descriptor '/home/sti/ros2/install/ros2_test_cpp/share/ros2_test_cpp/package.dsv'
[0.644s] INFO:colcon.colcon_core.shell:Creating package script '/home/sti/ros2/install/ros2_test_cpp/share/ros2_test_cpp/package.sh'
[0.645s] INFO:colcon.colcon_core.shell:Creating package script '/home/sti/ros2/install/ros2_test_cpp/share/ros2_test_cpp/package.bash'
[0.645s] INFO:colcon.colcon_core.shell:Creating package script '/home/sti/ros2/install/ros2_test_cpp/share/ros2_test_cpp/package.zsh'
[0.646s] Level 1:colcon.colcon_core.environment:create_file_with_runtime_dependencies(/home/sti/ros2/install/ros2_test_cpp/share/colcon-core/packages/ros2_test_cpp)
[0.951s] DEBUG:colcon.colcon_core.event_handler.log_command:Invoking command in '/home/sti/ros2/src/py_topic': DEBUGINFOD_URLS=https://debuginfod.ubuntu.com PYTHONPATH=/home/sti/ros2/build/py_topic/prefix_override:/usr/lib/python3/dist-packages/colcon_core/task/python/colcon_distutils_commands:/home/sti/ros2/install/py_topic/lib/python3.12/site-packages:${PYTHONPATH} /usr/bin/python3 -W ignore:setup.py install is deprecated -W ignore:easy_install command is deprecated setup.py egg_info --egg-base ../../build/py_topic build --build-base /home/sti/ros2/build/py_topic/build install --record /home/sti/ros2/build/py_topic/install.log --single-version-externally-managed install_data
[1.134s] DEBUG:colcon.colcon_core.event_handler.log_command:Invoking command in '/home/sti/ros2/src/ros2_test': DEBUGINFOD_URLS=https://debuginfod.ubuntu.com PYTHONPATH=/home/sti/ros2/build/ros2_test/prefix_override:/usr/lib/python3/dist-packages/colcon_core/task/python/colcon_distutils_commands:/home/sti/ros2/install/ros2_test/lib/python3.12/site-packages:${PYTHONPATH} /usr/bin/python3 -W ignore:setup.py install is deprecated -W ignore:easy_install command is deprecated setup.py egg_info --egg-base ../../build/ros2_test build --build-base /home/sti/ros2/build/ros2_test/build install --record /home/sti/ros2/build/ros2_test/install.log --single-version-externally-managed install_data
[1.430s] Level 1:colcon.colcon_core.environment:checking '/home/sti/ros2/install/py_topic' for CMake module files
[1.431s] DEBUG:colcon.colcon_core.event_handler.log_command:Invoked command in '/home/sti/ros2/src/py_topic' returned '0': DEBUGINFOD_URLS=https://debuginfod.ubuntu.com PYTHONPATH=/home/sti/ros2/build/py_topic/prefix_override:/usr/lib/python3/dist-packages/colcon_core/task/python/colcon_distutils_commands:/home/sti/ros2/install/py_topic/lib/python3.12/site-packages:${PYTHONPATH} /usr/bin/python3 -W ignore:setup.py install is deprecated -W ignore:easy_install command is deprecated setup.py egg_info --egg-base ../../build/py_topic build --build-base /home/sti/ros2/build/py_topic/build install --record /home/sti/ros2/build/py_topic/install.log --single-version-externally-managed install_data
[1.431s] Level 1:colcon.colcon_core.environment:checking '/home/sti/ros2/install/py_topic' for CMake config files
[1.432s] Level 1:colcon.colcon_core.environment:checking '/home/sti/ros2/install/py_topic/lib'
[1.432s] Level 1:colcon.colcon_core.environment:checking '/home/sti/ros2/install/py_topic/bin'
[1.432s] Level 1:colcon.colcon_core.environment:checking '/home/sti/ros2/install/py_topic/lib/pkgconfig/py_topic.pc'
[1.432s] Level 1:colcon.colcon_core.environment:checking '/home/sti/ros2/install/py_topic/lib/python3.12/site-packages'
[1.432s] Level 1:colcon.colcon_core.shell:create_environment_hook('py_topic', 'pythonpath')
[1.432s] INFO:colcon.colcon_core.shell:Creating environment hook '/home/sti/ros2/install/py_topic/share/py_topic/hook/pythonpath.ps1'
[1.433s] INFO:colcon.colcon_core.shell:Creating environment descriptor '/home/sti/ros2/install/py_topic/share/py_topic/hook/pythonpath.dsv'
[1.433s] INFO:colcon.colcon_core.shell:Creating environment hook '/home/sti/ros2/install/py_topic/share/py_topic/hook/pythonpath.sh'
[1.434s] Level 1:colcon.colcon_core.environment:checking '/home/sti/ros2/install/py_topic/bin'
[1.434s] Level 1:colcon.colcon_core.environment:create_environment_scripts_only(py_topic)
[1.434s] INFO:colcon.colcon_core.shell:Creating package script '/home/sti/ros2/install/py_topic/share/py_topic/package.ps1'
[1.435s] INFO:colcon.colcon_core.shell:Creating package descriptor '/home/sti/ros2/install/py_topic/share/py_topic/package.dsv'
[1.435s] INFO:colcon.colcon_core.shell:Creating package script '/home/sti/ros2/install/py_topic/share/py_topic/package.sh'
[1.436s] INFO:colcon.colcon_core.shell:Creating package script '/home/sti/ros2/install/py_topic/share/py_topic/package.bash'
[1.436s] INFO:colcon.colcon_core.shell:Creating package script '/home/sti/ros2/install/py_topic/share/py_topic/package.zsh'
[1.436s] Level 1:colcon.colcon_core.environment:create_file_with_runtime_dependencies(/home/sti/ros2/install/py_topic/share/colcon-core/packages/py_topic)
[1.499s] Level 1:colcon.colcon_core.environment:checking '/home/sti/ros2/install/ros2_test' for CMake module files
[1.500s] DEBUG:colcon.colcon_core.event_handler.log_command:Invoked command in '/home/sti/ros2/src/ros2_test' returned '0': DEBUGINFOD_URLS=https://debuginfod.ubuntu.com PYTHONPATH=/home/sti/ros2/build/ros2_test/prefix_override:/usr/lib/python3/dist-packages/colcon_core/task/python/colcon_distutils_commands:/home/sti/ros2/install/ros2_test/lib/python3.12/site-packages:${PYTHONPATH} /usr/bin/python3 -W ignore:setup.py install is deprecated -W ignore:easy_install command is deprecated setup.py egg_info --egg-base ../../build/ros2_test build --build-base /home/sti/ros2/build/ros2_test/build install --record /home/sti/ros2/build/ros2_test/install.log --single-version-externally-managed install_data
[1.500s] Level 1:colcon.colcon_core.environment:checking '/home/sti/ros2/install/ros2_test' for CMake config files
[1.501s] Level 1:colcon.colcon_core.environment:checking '/home/sti/ros2/install/ros2_test/lib'
[1.501s] Level 1:colcon.colcon_core.environment:checking '/home/sti/ros2/install/ros2_test/bin'
[1.501s] Level 1:colcon.colcon_core.environment:checking '/home/sti/ros2/install/ros2_test/lib/pkgconfig/ros2_test.pc'
[1.501s] Level 1:colcon.colcon_core.environment:checking '/home/sti/ros2/install/ros2_test/lib/python3.12/site-packages'
[1.501s] Level 1:colcon.colcon_core.shell:create_environment_hook('ros2_test', 'pythonpath')
[1.501s] INFO:colcon.colcon_core.shell:Creating environment hook '/home/sti/ros2/install/ros2_test/share/ros2_test/hook/pythonpath.ps1'
[1.502s] INFO:colcon.colcon_core.shell:Creating environment descriptor '/home/sti/ros2/install/ros2_test/share/ros2_test/hook/pythonpath.dsv'
[1.502s] INFO:colcon.colcon_core.shell:Creating environment hook '/home/sti/ros2/install/ros2_test/share/ros2_test/hook/pythonpath.sh'
[1.503s] Level 1:colcon.colcon_core.environment:checking '/home/sti/ros2/install/ros2_test/bin'
[1.503s] Level 1:colcon.colcon_core.environment:create_environment_scripts_only(ros2_test)
[1.503s] INFO:colcon.colcon_core.shell:Creating package script '/home/sti/ros2/install/ros2_test/share/ros2_test/package.ps1'
[1.504s] INFO:colcon.colcon_core.shell:Creating package descriptor '/home/sti/ros2/install/ros2_test/share/ros2_test/package.dsv'
[1.504s] INFO:colcon.colcon_core.shell:Creating package script '/home/sti/ros2/install/ros2_test/share/ros2_test/package.sh'
[1.505s] INFO:colcon.colcon_core.shell:Creating package script '/home/sti/ros2/install/ros2_test/share/ros2_test/package.bash'
[1.505s] INFO:colcon.colcon_core.shell:Creating package script '/home/sti/ros2/install/ros2_test/share/ros2_test/package.zsh'
[1.505s] Level 1:colcon.colcon_core.environment:create_file_with_runtime_dependencies(/home/sti/ros2/install/ros2_test/share/colcon-core/packages/ros2_test)
[3.268s] DEBUG:colcon.colcon_core.event_handler.log_command:Invoked command in '/home/sti/ros2/build/cpp_topic' returned '0': CMAKE_PREFIX_PATH=${CMAKE_PREFIX_PATH}:/home/sti/ros2/install/py_topic_publisher:/home/sti/ros2/install/py_topic:/home/sti/ros2_21_tutorials/install/learning_urdf:/home/sti/ros2_21_tutorials/install/learning_topic:/home/sti/ros2_21_tutorials/install/learning_tf:/home/sti/ros2_21_tutorials/install/learning_service:/home/sti/ros2_21_tutorials/install/learning_qos:/home/sti/ros2_21_tutorials/install/learning_pkg_python:/home/sti/ros2_21_tutorials/install/learning_parameter:/home/sti/ros2_21_tutorials/install/learning_node:/home/sti/ros2_21_tutorials/install/learning_launch:/home/sti/ros2_21_tutorials/install/learning_action:/home/sti/ros2_21_tutorials/install/learning_gazebo:/home/sti/ros2_21_tutorials/install/learning_cv:/home/sti/ros2/install/ros2_test:/opt/ros/jazzy DEBUGINFOD_URLS=https://debuginfod.ubuntu.com /usr/bin/cmake --build /home/sti/ros2/build/cpp_topic -- -j14 -l14
[3.269s] DEBUG:colcon.colcon_core.event_handler.log_command:Invoking command in '/home/sti/ros2/build/cpp_topic': CMAKE_PREFIX_PATH=${CMAKE_PREFIX_PATH}:/home/sti/ros2/install/py_topic_publisher:/home/sti/ros2/install/py_topic:/home/sti/ros2_21_tutorials/install/learning_urdf:/home/sti/ros2_21_tutorials/install/learning_topic:/home/sti/ros2_21_tutorials/install/learning_tf:/home/sti/ros2_21_tutorials/install/learning_service:/home/sti/ros2_21_tutorials/install/learning_qos:/home/sti/ros2_21_tutorials/install/learning_pkg_python:/home/sti/ros2_21_tutorials/install/learning_parameter:/home/sti/ros2_21_tutorials/install/learning_node:/home/sti/ros2_21_tutorials/install/learning_launch:/home/sti/ros2_21_tutorials/install/learning_action:/home/sti/ros2_21_tutorials/install/learning_gazebo:/home/sti/ros2_21_tutorials/install/learning_cv:/home/sti/ros2/install/ros2_test:/opt/ros/jazzy DEBUGINFOD_URLS=https://debuginfod.ubuntu.com /usr/bin/cmake --install /home/sti/ros2/build/cpp_topic
[3.279s] Level 1:colcon.colcon_core.environment:create_environment_scripts_only(cpp_topic)
[3.279s] Level 1:colcon.colcon_core.environment:checking '/home/sti/ros2/install/cpp_topic' for CMake module files
[3.280s] DEBUG:colcon.colcon_core.event_handler.log_command:Invoked command in '/home/sti/ros2/build/cpp_topic' returned '0': CMAKE_PREFIX_PATH=${CMAKE_PREFIX_PATH}:/home/sti/ros2/install/py_topic_publisher:/home/sti/ros2/install/py_topic:/home/sti/ros2_21_tutorials/install/learning_urdf:/home/sti/ros2_21_tutorials/install/learning_topic:/home/sti/ros2_21_tutorials/install/learning_tf:/home/sti/ros2_21_tutorials/install/learning_service:/home/sti/ros2_21_tutorials/install/learning_qos:/home/sti/ros2_21_tutorials/install/learning_pkg_python:/home/sti/ros2_21_tutorials/install/learning_parameter:/home/sti/ros2_21_tutorials/install/learning_node:/home/sti/ros2_21_tutorials/install/learning_launch:/home/sti/ros2_21_tutorials/install/learning_action:/home/sti/ros2_21_tutorials/install/learning_gazebo:/home/sti/ros2_21_tutorials/install/learning_cv:/home/sti/ros2/install/ros2_test:/opt/ros/jazzy DEBUGINFOD_URLS=https://debuginfod.ubuntu.com /usr/bin/cmake --install /home/sti/ros2/build/cpp_topic
[3.280s] Level 1:colcon.colcon_core.environment:checking '/home/sti/ros2/install/cpp_topic' for CMake config files
[3.280s] Level 1:colcon.colcon_core.shell:create_environment_hook('cpp_topic', 'cmake_prefix_path')
[3.280s] INFO:colcon.colcon_core.shell:Creating environment hook '/home/sti/ros2/install/cpp_topic/share/cpp_topic/hook/cmake_prefix_path.ps1'
[3.281s] INFO:colcon.colcon_core.shell:Creating environment descriptor '/home/sti/ros2/install/cpp_topic/share/cpp_topic/hook/cmake_prefix_path.dsv'
[3.282s] INFO:colcon.colcon_core.shell:Creating environment hook '/home/sti/ros2/install/cpp_topic/share/cpp_topic/hook/cmake_prefix_path.sh'
[3.282s] Level 1:colcon.colcon_core.environment:checking '/home/sti/ros2/install/cpp_topic/lib'
[3.282s] Level 1:colcon.colcon_core.environment:checking '/home/sti/ros2/install/cpp_topic/bin'
[3.282s] Level 1:colcon.colcon_core.environment:checking '/home/sti/ros2/install/cpp_topic/lib/pkgconfig/cpp_topic.pc'
[3.283s] Level 1:colcon.colcon_core.environment:checking '/home/sti/ros2/install/cpp_topic/lib/python3.12/site-packages'
[3.283s] Level 1:colcon.colcon_core.environment:checking '/home/sti/ros2/install/cpp_topic/bin'
[3.283s] INFO:colcon.colcon_core.shell:Creating package script '/home/sti/ros2/install/cpp_topic/share/cpp_topic/package.ps1'
[3.284s] INFO:colcon.colcon_core.shell:Creating package descriptor '/home/sti/ros2/install/cpp_topic/share/cpp_topic/package.dsv'
[3.284s] INFO:colcon.colcon_core.shell:Creating package script '/home/sti/ros2/install/cpp_topic/share/cpp_topic/package.sh'
[3.285s] INFO:colcon.colcon_core.shell:Creating package script '/home/sti/ros2/install/cpp_topic/share/cpp_topic/package.bash'
[3.285s] INFO:colcon.colcon_core.shell:Creating package script '/home/sti/ros2/install/cpp_topic/share/cpp_topic/package.zsh'
[3.285s] Level 1:colcon.colcon_core.environment:create_file_with_runtime_dependencies(/home/sti/ros2/install/cpp_topic/share/colcon-core/packages/cpp_topic)
[3.286s] Level 1:colcon.colcon_core.environment:create_environment_scripts_only(cpp_topic)
[3.286s] Level 1:colcon.colcon_core.environment:checking '/home/sti/ros2/install/cpp_topic' for CMake module files
[3.286s] Level 1:colcon.colcon_core.environment:checking '/home/sti/ros2/install/cpp_topic' for CMake config files
[3.286s] Level 1:colcon.colcon_core.shell:create_environment_hook('cpp_topic', 'cmake_prefix_path')
[3.286s] INFO:colcon.colcon_core.shell:Creating environment hook '/home/sti/ros2/install/cpp_topic/share/cpp_topic/hook/cmake_prefix_path.ps1'
[3.287s] INFO:colcon.colcon_core.shell:Creating environment descriptor '/home/sti/ros2/install/cpp_topic/share/cpp_topic/hook/cmake_prefix_path.dsv'
[3.287s] INFO:colcon.colcon_core.shell:Creating environment hook '/home/sti/ros2/install/cpp_topic/share/cpp_topic/hook/cmake_prefix_path.sh'
[3.287s] Level 1:colcon.colcon_core.environment:checking '/home/sti/ros2/install/cpp_topic/lib'
[3.287s] Level 1:colcon.colcon_core.environment:checking '/home/sti/ros2/install/cpp_topic/bin'
[3.287s] Level 1:colcon.colcon_core.environment:checking '/home/sti/ros2/install/cpp_topic/lib/pkgconfig/cpp_topic.pc'
[3.287s] Level 1:colcon.colcon_core.environment:checking '/home/sti/ros2/install/cpp_topic/lib/python3.12/site-packages'
[3.287s] Level 1:colcon.colcon_core.environment:checking '/home/sti/ros2/install/cpp_topic/bin'
[3.288s] INFO:colcon.colcon_core.shell:Creating package script '/home/sti/ros2/install/cpp_topic/share/cpp_topic/package.ps1'
[3.288s] INFO:colcon.colcon_core.shell:Creating package descriptor '/home/sti/ros2/install/cpp_topic/share/cpp_topic/package.dsv'
[3.288s] INFO:colcon.colcon_core.shell:Creating package script '/home/sti/ros2/install/cpp_topic/share/cpp_topic/package.sh'
[3.288s] INFO:colcon.colcon_core.shell:Creating package script '/home/sti/ros2/install/cpp_topic/share/cpp_topic/package.bash'
[3.289s] INFO:colcon.colcon_core.shell:Creating package script '/home/sti/ros2/install/cpp_topic/share/cpp_topic/package.zsh'
[3.289s] Level 1:colcon.colcon_core.environment:create_file_with_runtime_dependencies(/home/sti/ros2/install/cpp_topic/share/colcon-core/packages/cpp_topic)
[3.289s] DEBUG:colcon.colcon_parallel_executor.executor.parallel:closing loop
[3.289s] DEBUG:colcon.colcon_parallel_executor.executor.parallel:loop closed
[3.289s] DEBUG:colcon.colcon_parallel_executor.executor.parallel:run_until_complete finished with '0'
[3.289s] DEBUG:colcon.colcon_core.event_reactor:joining thread
[3.294s] INFO:colcon.colcon_core.plugin_system:Skipping extension 'colcon_notification.desktop_notification.terminal_notifier': Not used on non-Darwin systems
[3.294s] INFO:colcon.colcon_core.plugin_system:Skipping extension 'colcon_notification.desktop_notification.win32': Not used on non-Windows systems
[3.294s] INFO:colcon.colcon_notification.desktop_notification:Sending desktop notification using 'notify2'
[3.304s] DEBUG:colcon.colcon_core.event_reactor:joined thread
[3.304s] INFO:colcon.colcon_core.shell:Creating prefix script '/home/sti/ros2/install/local_setup.ps1'
[3.305s] INFO:colcon.colcon_core.shell:Creating prefix util module '/home/sti/ros2/install/_local_setup_util_ps1.py'
[3.306s] INFO:colcon.colcon_core.shell:Creating prefix chain script '/home/sti/ros2/install/setup.ps1'
[3.308s] INFO:colcon.colcon_core.shell:Creating prefix script '/home/sti/ros2/install/local_setup.sh'
[3.308s] INFO:colcon.colcon_core.shell:Creating prefix util module '/home/sti/ros2/install/_local_setup_util_sh.py'
[3.309s] INFO:colcon.colcon_core.shell:Creating prefix chain script '/home/sti/ros2/install/setup.sh'
[3.311s] INFO:colcon.colcon_core.shell:Creating prefix script '/home/sti/ros2/install/local_setup.bash'
[3.311s] INFO:colcon.colcon_core.shell:Creating prefix chain script '/home/sti/ros2/install/setup.bash'
[3.313s] INFO:colcon.colcon_core.shell:Creating prefix script '/home/sti/ros2/install/local_setup.zsh'
[3.313s] INFO:colcon.colcon_core.shell:Creating prefix chain script '/home/sti/ros2/install/setup.zsh'
