[0.009s] Invoking command in '/home/sti/ros2/build/cpp_msg': CMAKE_PREFIX_PATH=${CMAKE_PREFIX_PATH}:/home/sti/ros2_21_tutorials/install/learning_urdf:/home/sti/ros2_21_tutorials/install/learning_topic:/home/sti/ros2_21_tutorials/install/learning_tf:/home/sti/ros2_21_tutorials/install/learning_service:/home/sti/ros2_21_tutorials/install/learning_qos:/home/sti/ros2_21_tutorials/install/learning_pkg_python:/home/sti/ros2_21_tutorials/install/learning_parameter:/home/sti/ros2_21_tutorials/install/learning_node:/home/sti/ros2_21_tutorials/install/learning_launch:/home/sti/ros2_21_tutorials/install/learning_action:/home/sti/ros2_21_tutorials/install/learning_gazebo:/home/sti/ros2_21_tutorials/install/learning_cv:/home/sti/ros2/install/ros2_test:/home/sti/ros2/install/py_topic_publisher:/home/sti/ros2/install/py_topic:/opt/ros/jazzy DEBUGINFOD_URLS=https://debuginfod.ubuntu.com PS1=\n(TraeAI-3) \w [$?] $ __trae_PS1=\n(TraeAI-3) \w [$?] $ /usr/bin/cmake /home/sti/ros2/src/cpp_msg -DCMAKE_INSTALL_PREFIX=/home/sti/ros2/install/cpp_msg
[0.020s] -- Found ament_cmake: 2.5.6 (/opt/ros/jazzy/share/ament_cmake/cmake)
[0.194s] -- Found rclcpp: 28.1.18 (/opt/ros/jazzy/share/rclcpp/cmake)
[0.212s] -- Found rosidl_generator_c: 4.6.7 (/opt/ros/jazzy/share/rosidl_generator_c/cmake)
[0.217s] -- Found rosidl_generator_cpp: 4.6.7 (/opt/ros/jazzy/share/rosidl_generator_cpp/cmake)
[0.225s] -- Using all available rosidl_typesupport_c: rosidl_typesupport_fastrtps_c;rosidl_typesupport_introspection_c
[0.233s] -- Using all available rosidl_typesupport_cpp: rosidl_typesupport_fastrtps_cpp;rosidl_typesupport_introspection_cpp
[0.272s] -- Found rmw_implementation_cmake: 7.3.3 (/opt/ros/jazzy/share/rmw_implementation_cmake/cmake)
[0.273s] -- Found rmw_fastrtps_cpp: 8.4.3 (/opt/ros/jazzy/share/rmw_fastrtps_cpp/cmake)
[0.338s] -- Using RMW implementation 'rmw_fastrtps_cpp' as default
[0.402s] -- Found sensor_msgs: 5.3.7 (/opt/ros/jazzy/share/sensor_msgs/cmake)
[0.437s] -- Found rosidl_default_generators: 1.6.0 (/opt/ros/jazzy/share/rosidl_default_generators/cmake)
[0.445s] -- Found rosidl_adapter: 4.6.7 (/opt/ros/jazzy/share/rosidl_adapter/cmake)
[0.446s] -- Found ament_lint_auto: 0.17.5 (/opt/ros/jazzy/share/ament_lint_auto/cmake)
[0.702s] [31mCMake Error at /opt/ros/jazzy/share/rosidl_adapter/cmake/rosidl_adapt_interfaces.cmake:57 (message):
[0.702s]   execute_process(/usr/bin/python3 -m rosidl_adapter --package-name cpp_msg
[0.702s]   --arguments-file
[0.702s]   /home/sti/ros2/build/cpp_msg/rosidl_adapter__arguments__cpp_msg.json
[0.702s]   --output-dir /home/sti/ros2/build/cpp_msg/rosidl_adapter/cpp_msg
[0.702s]   --output-file /home/sti/ros2/build/cpp_msg/rosidl_adapter/cpp_msg.idls)
[0.702s]   returned error code 1:
[0.702s] 
[0.702s]   Traceback (most recent call last):
[0.702s] 
[0.702s]     File "<frozen runpy>", line 198, in _run_module_as_main
[0.703s]     File "<frozen runpy>", line 88, in _run_code
[0.703s]     File "/opt/ros/jazzy/lib/python3.12/site-packages/rosidl_adapter/__main__.py", line 19, in <module>
[0.703s]       sys.exit(main())
[0.703s]                ^^^^^^
[0.703s]     File "/opt/ros/jazzy/lib/python3.12/site-packages/rosidl_adapter/main.py", line 53, in main
[0.703s]       abs_idl_file = convert_to_idl(
[0.703s]                      ^^^^^^^^^^^^^^^
[0.703s]     File "/opt/ros/jazzy/lib/python3.12/site-packages/rosidl_adapter/__init__.py", line 19, in convert_to_idl
[0.703s]       return convert_msg_to_idl(
[0.703s]              ^^^^^^^^^^^^^^^^^^^
[0.703s]     File "/opt/ros/jazzy/lib/python3.12/site-packages/rosidl_adapter/msg/__init__.py", line 28, in convert_msg_to_idl
[0.703s]       msg = parse_message_string(package_name, input_file.stem, content)
[0.703s]             ^^^^^^^^^^^^^^^^^^^^^^^^^^^^^^^^^^^^^^^^^^^^^^^^^^^^^^^^^^^^
[0.703s]     File "/opt/ros/jazzy/lib/python3.12/site-packages/rosidl_adapter/parser.py", line 545, in parse_message_string
[0.704s]       msg = MessageSpecification(pkg_name, msg_name, fields, constants)
[0.704s]             ^^^^^^^^^^^^^^^^^^^^^^^^^^^^^^^^^^^^^^^^^^^^^^^^^^^^^^^^^^^
[0.704s]     File "/opt/ros/jazzy/lib/python3.12/site-packages/rosidl_adapter/parser.py", line 389, in __init__
[0.704s]       self.base_type = BaseType(
[0.704s]                        ^^^^^^^^^
[0.704s]     File "/opt/ros/jazzy/lib/python3.12/site-packages/rosidl_adapter/parser.py", line 206, in __init__
[0.704s]       raise InvalidResourceName(
[0.704s] 
[0.704s]   rosidl_adapter.parser.InvalidResourceName: 'Cpp_msg' is an invalid message
[0.704s]   name.  It should have the pattern '^[A-Z][A-Za-z0-9]*$'
[0.704s] 
[0.704s] Call Stack (most recent call first):
[0.704s]   /opt/ros/jazzy/share/rosidl_cmake/cmake/rosidl_generate_interfaces.cmake:132 (rosidl_adapt_interfaces)
[0.704s]   CMakeLists.txt:27 (rosidl_generate_interfaces)
[0.704s] 
[0.704s] [0m
[0.705s] -- Configuring incomplete, errors occurred!
[0.711s] Invoked command in '/home/sti/ros2/build/cpp_msg' returned '1': CMAKE_PREFIX_PATH=${CMAKE_PREFIX_PATH}:/home/sti/ros2_21_tutorials/install/learning_urdf:/home/sti/ros2_21_tutorials/install/learning_topic:/home/sti/ros2_21_tutorials/install/learning_tf:/home/sti/ros2_21_tutorials/install/learning_service:/home/sti/ros2_21_tutorials/install/learning_qos:/home/sti/ros2_21_tutorials/install/learning_pkg_python:/home/sti/ros2_21_tutorials/install/learning_parameter:/home/sti/ros2_21_tutorials/install/learning_node:/home/sti/ros2_21_tutorials/install/learning_launch:/home/sti/ros2_21_tutorials/install/learning_action:/home/sti/ros2_21_tutorials/install/learning_gazebo:/home/sti/ros2_21_tutorials/install/learning_cv:/home/sti/ros2/install/ros2_test:/home/sti/ros2/install/py_topic_publisher:/home/sti/ros2/install/py_topic:/opt/ros/jazzy DEBUGINFOD_URLS=https://debuginfod.ubuntu.com PS1=\n(TraeAI-3) \w [$?] $ __trae_PS1=\n(TraeAI-3) \w [$?] $ /usr/bin/cmake /home/sti/ros2/src/cpp_msg -DCMAKE_INSTALL_PREFIX=/home/sti/ros2/install/cpp_msg
