[0.103s] DEBUG:colcon:Command line arguments: ['/usr/bin/colcon', 'build']
[0.103s] DEBUG:colcon:Parsed command line arguments: Namespace(log_base=None, log_level=None, verb_name='build', build_base='build', install_base='install', merge_install=False, symlink_install=False, test_result_base=None, continue_on_error=False, executor='parallel', parallel_workers=14, event_handlers=None, ignore_user_meta=False, metas=['./colcon.meta'], base_paths=['.'], packages_ignore=None, packages_ignore_regex=None, paths=None, packages_up_to=None, packages_up_to_regex=None, packages_above=None, packages_above_and_dependencies=None, packages_above_depth=None, packages_select_by_dep=None, packages_skip_by_dep=None, packages_skip_up_to=None, packages_select_build_failed=False, packages_skip_build_finished=False, packages_select_test_failures=False, packages_skip_test_passed=False, packages_select=None, packages_skip=None, packages_select_regex=None, packages_skip_regex=None, packages_start=None, packages_end=None, allow_overriding=[], cmake_args=None, cmake_target=None, cmake_target_skip_unavailable=False, cmake_clean_cache=False, cmake_clean_first=False, cmake_force_configure=False, ament_cmake_args=None, catkin_cmake_args=None, catkin_skip_building_tests=False, verb_parser=<colcon_defaults.argument_parser.defaults.DefaultArgumentsDecorator object at 0x71f7a44b40b0>, verb_extension=<colcon_core.verb.build.BuildVerb object at 0x71f7a447fe90>, main=<bound method BuildVerb.main of <colcon_core.verb.build.BuildVerb object at 0x71f7a447fe90>>)
[0.168s] Level 1:colcon.colcon_core.package_discovery:discover_packages(colcon_meta) check parameters
[0.168s] Level 1:colcon.colcon_core.package_discovery:discover_packages(recursive) check parameters
[0.168s] Level 1:colcon.colcon_core.package_discovery:discover_packages(ignore) check parameters
[0.169s] Level 1:colcon.colcon_core.package_discovery:discover_packages(path) check parameters
[0.169s] Level 1:colcon.colcon_core.package_discovery:discover_packages(colcon_meta) discover
[0.169s] Level 1:colcon.colcon_core.package_discovery:discover_packages(recursive) discover
[0.169s] INFO:colcon.colcon_core.package_discovery:Crawling recursively for packages in '/home/sti/ros2'
[0.169s] Level 1:colcon.colcon_core.package_identification:_identify(.) by extensions ['ignore', 'ignore_ament_install']
[0.169s] Level 1:colcon.colcon_core.package_identification:_identify(.) by extension 'ignore'
[0.169s] Level 1:colcon.colcon_core.package_identification:_identify(.) by extension 'ignore_ament_install'
[0.169s] Level 1:colcon.colcon_core.package_identification:_identify(.) by extensions ['colcon_pkg']
[0.169s] Level 1:colcon.colcon_core.package_identification:_identify(.) by extension 'colcon_pkg'
[0.169s] Level 1:colcon.colcon_core.package_identification:_identify(.) by extensions ['colcon_meta']
[0.169s] Level 1:colcon.colcon_core.package_identification:_identify(.) by extension 'colcon_meta'
[0.169s] Level 1:colcon.colcon_core.package_identification:_identify(.) by extensions ['ros']
[0.169s] Level 1:colcon.colcon_core.package_identification:_identify(.) by extension 'ros'
[0.213s] Level 1:colcon.colcon_core.package_identification:_identify(.) by extensions ['cmake', 'python']
[0.213s] Level 1:colcon.colcon_core.package_identification:_identify(.) by extension 'cmake'
[0.213s] Level 1:colcon.colcon_core.package_identification:_identify(.) by extension 'python'
[0.213s] Level 1:colcon.colcon_core.package_identification:_identify(.) by extensions ['python_setup_py']
[0.213s] Level 1:colcon.colcon_core.package_identification:_identify(.) by extension 'python_setup_py'
[0.214s] Level 1:colcon.colcon_core.package_identification:_identify(build) by extensions ['ignore', 'ignore_ament_install']
[0.214s] Level 1:colcon.colcon_core.package_identification:_identify(build) by extension 'ignore'
[0.214s] Level 1:colcon.colcon_core.package_identification:_identify(build) ignored
[0.214s] Level 1:colcon.colcon_core.package_identification:_identify(install) by extensions ['ignore', 'ignore_ament_install']
[0.214s] Level 1:colcon.colcon_core.package_identification:_identify(install) by extension 'ignore'
[0.214s] Level 1:colcon.colcon_core.package_identification:_identify(install) ignored
[0.214s] Level 1:colcon.colcon_core.package_identification:_identify(log) by extensions ['ignore', 'ignore_ament_install']
[0.214s] Level 1:colcon.colcon_core.package_identification:_identify(log) by extension 'ignore'
[0.214s] Level 1:colcon.colcon_core.package_identification:_identify(log) ignored
[0.214s] Level 1:colcon.colcon_core.package_identification:_identify(src) by extensions ['ignore', 'ignore_ament_install']
[0.214s] Level 1:colcon.colcon_core.package_identification:_identify(src) by extension 'ignore'
[0.215s] Level 1:colcon.colcon_core.package_identification:_identify(src) by extension 'ignore_ament_install'
[0.215s] Level 1:colcon.colcon_core.package_identification:_identify(src) by extensions ['colcon_pkg']
[0.215s] Level 1:colcon.colcon_core.package_identification:_identify(src) by extension 'colcon_pkg'
[0.215s] Level 1:colcon.colcon_core.package_identification:_identify(src) by extensions ['colcon_meta']
[0.215s] Level 1:colcon.colcon_core.package_identification:_identify(src) by extension 'colcon_meta'
[0.215s] Level 1:colcon.colcon_core.package_identification:_identify(src) by extensions ['ros']
[0.215s] Level 1:colcon.colcon_core.package_identification:_identify(src) by extension 'ros'
[0.215s] Level 1:colcon.colcon_core.package_identification:_identify(src) by extensions ['cmake', 'python']
[0.215s] Level 1:colcon.colcon_core.package_identification:_identify(src) by extension 'cmake'
[0.215s] Level 1:colcon.colcon_core.package_identification:_identify(src) by extension 'python'
[0.215s] Level 1:colcon.colcon_core.package_identification:_identify(src) by extensions ['python_setup_py']
[0.215s] Level 1:colcon.colcon_core.package_identification:_identify(src) by extension 'python_setup_py'
[0.215s] Level 1:colcon.colcon_core.package_identification:_identify(src/cpp_topic) by extensions ['ignore', 'ignore_ament_install']
[0.215s] Level 1:colcon.colcon_core.package_identification:_identify(src/cpp_topic) by extension 'ignore'
[0.215s] Level 1:colcon.colcon_core.package_identification:_identify(src/cpp_topic) by extension 'ignore_ament_install'
[0.215s] Level 1:colcon.colcon_core.package_identification:_identify(src/cpp_topic) by extensions ['colcon_pkg']
[0.215s] Level 1:colcon.colcon_core.package_identification:_identify(src/cpp_topic) by extension 'colcon_pkg'
[0.215s] Level 1:colcon.colcon_core.package_identification:_identify(src/cpp_topic) by extensions ['colcon_meta']
[0.215s] Level 1:colcon.colcon_core.package_identification:_identify(src/cpp_topic) by extension 'colcon_meta'
[0.215s] Level 1:colcon.colcon_core.package_identification:_identify(src/cpp_topic) by extensions ['ros']
[0.215s] Level 1:colcon.colcon_core.package_identification:_identify(src/cpp_topic) by extension 'ros'
[0.219s] DEBUG:colcon.colcon_core.package_identification:Package 'src/cpp_topic' with type 'ros.ament_cmake' and name 'cpp_topic'
[0.219s] Level 1:colcon.colcon_core.package_identification:_identify(src/py_topic) by extensions ['ignore', 'ignore_ament_install']
[0.219s] Level 1:colcon.colcon_core.package_identification:_identify(src/py_topic) by extension 'ignore'
[0.219s] Level 1:colcon.colcon_core.package_identification:_identify(src/py_topic) by extension 'ignore_ament_install'
[0.219s] Level 1:colcon.colcon_core.package_identification:_identify(src/py_topic) by extensions ['colcon_pkg']
[0.220s] Level 1:colcon.colcon_core.package_identification:_identify(src/py_topic) by extension 'colcon_pkg'
[0.220s] Level 1:colcon.colcon_core.package_identification:_identify(src/py_topic) by extensions ['colcon_meta']
[0.220s] Level 1:colcon.colcon_core.package_identification:_identify(src/py_topic) by extension 'colcon_meta'
[0.220s] Level 1:colcon.colcon_core.package_identification:_identify(src/py_topic) by extensions ['ros']
[0.220s] Level 1:colcon.colcon_core.package_identification:_identify(src/py_topic) by extension 'ros'
[0.220s] DEBUG:colcon.colcon_core.package_identification:Package 'src/py_topic' with type 'ros.ament_python' and name 'py_topic'
[0.221s] Level 1:colcon.colcon_core.package_identification:_identify(src/ros2_test) by extensions ['ignore', 'ignore_ament_install']
[0.221s] Level 1:colcon.colcon_core.package_identification:_identify(src/ros2_test) by extension 'ignore'
[0.221s] Level 1:colcon.colcon_core.package_identification:_identify(src/ros2_test) by extension 'ignore_ament_install'
[0.221s] Level 1:colcon.colcon_core.package_identification:_identify(src/ros2_test) by extensions ['colcon_pkg']
[0.221s] Level 1:colcon.colcon_core.package_identification:_identify(src/ros2_test) by extension 'colcon_pkg'
[0.221s] Level 1:colcon.colcon_core.package_identification:_identify(src/ros2_test) by extensions ['colcon_meta']
[0.221s] Level 1:colcon.colcon_core.package_identification:_identify(src/ros2_test) by extension 'colcon_meta'
[0.221s] Level 1:colcon.colcon_core.package_identification:_identify(src/ros2_test) by extensions ['ros']
[0.221s] Level 1:colcon.colcon_core.package_identification:_identify(src/ros2_test) by extension 'ros'
[0.222s] DEBUG:colcon.colcon_core.package_identification:Package 'src/ros2_test' with type 'ros.ament_python' and name 'ros2_test'
[0.222s] Level 1:colcon.colcon_core.package_identification:_identify(src/ros2_test_cpp) by extensions ['ignore', 'ignore_ament_install']
[0.222s] Level 1:colcon.colcon_core.package_identification:_identify(src/ros2_test_cpp) by extension 'ignore'
[0.222s] Level 1:colcon.colcon_core.package_identification:_identify(src/ros2_test_cpp) by extension 'ignore_ament_install'
[0.222s] Level 1:colcon.colcon_core.package_identification:_identify(src/ros2_test_cpp) by extensions ['colcon_pkg']
[0.222s] Level 1:colcon.colcon_core.package_identification:_identify(src/ros2_test_cpp) by extension 'colcon_pkg'
[0.222s] Level 1:colcon.colcon_core.package_identification:_identify(src/ros2_test_cpp) by extensions ['colcon_meta']
[0.222s] Level 1:colcon.colcon_core.package_identification:_identify(src/ros2_test_cpp) by extension 'colcon_meta'
[0.222s] Level 1:colcon.colcon_core.package_identification:_identify(src/ros2_test_cpp) by extensions ['ros']
[0.222s] Level 1:colcon.colcon_core.package_identification:_identify(src/ros2_test_cpp) by extension 'ros'
[0.223s] DEBUG:colcon.colcon_core.package_identification:Package 'src/ros2_test_cpp' with type 'ros.ament_cmake' and name 'ros2_test_cpp'
[0.223s] Level 1:colcon.colcon_core.package_discovery:discover_packages(recursive) using defaults
[0.223s] Level 1:colcon.colcon_core.package_discovery:discover_packages(ignore) discover
[0.223s] Level 1:colcon.colcon_core.package_discovery:discover_packages(ignore) using defaults
[0.223s] Level 1:colcon.colcon_core.package_discovery:discover_packages(path) discover
[0.223s] Level 1:colcon.colcon_core.package_discovery:discover_packages(path) using defaults
[0.242s] Level 1:colcon.colcon_core.package_discovery:discover_packages(prefix_path) check parameters
[0.242s] Level 1:colcon.colcon_core.package_discovery:discover_packages(prefix_path) discover
[0.247s] DEBUG:colcon.colcon_installed_package_information.package_discovery:Found 5 installed packages in /home/sti/ros2/install
[0.248s] DEBUG:colcon.colcon_installed_package_information.package_discovery:Found 19 installed packages in /home/sti/ros2_21_tutorials/install
[0.250s] DEBUG:colcon.colcon_installed_package_information.package_discovery:Found 287 installed packages in /opt/ros/jazzy
[0.250s] Level 1:colcon.colcon_core.package_discovery:discover_packages(prefix_path) using defaults
[0.290s] Level 5:colcon.colcon_core.verb:set package 'cpp_topic' build argument 'cmake_args' from command line to 'None'
[0.290s] Level 5:colcon.colcon_core.verb:set package 'cpp_topic' build argument 'cmake_target' from command line to 'None'
[0.290s] Level 5:colcon.colcon_core.verb:set package 'cpp_topic' build argument 'cmake_target_skip_unavailable' from command line to 'False'
[0.290s] Level 5:colcon.colcon_core.verb:set package 'cpp_topic' build argument 'cmake_clean_cache' from command line to 'False'
[0.290s] Level 5:colcon.colcon_core.verb:set package 'cpp_topic' build argument 'cmake_clean_first' from command line to 'False'
[0.290s] Level 5:colcon.colcon_core.verb:set package 'cpp_topic' build argument 'cmake_force_configure' from command line to 'False'
[0.290s] Level 5:colcon.colcon_core.verb:set package 'cpp_topic' build argument 'ament_cmake_args' from command line to 'None'
[0.290s] Level 5:colcon.colcon_core.verb:set package 'cpp_topic' build argument 'catkin_cmake_args' from command line to 'None'
[0.290s] Level 5:colcon.colcon_core.verb:set package 'cpp_topic' build argument 'catkin_skip_building_tests' from command line to 'False'
[0.291s] DEBUG:colcon.colcon_core.verb:Building package 'cpp_topic' with the following arguments: {'ament_cmake_args': None, 'build_base': '/home/sti/ros2/build/cpp_topic', 'catkin_cmake_args': None, 'catkin_skip_building_tests': False, 'cmake_args': None, 'cmake_clean_cache': False, 'cmake_clean_first': False, 'cmake_force_configure': False, 'cmake_target': None, 'cmake_target_skip_unavailable': False, 'install_base': '/home/sti/ros2/install/cpp_topic', 'merge_install': False, 'path': '/home/sti/ros2/src/cpp_topic', 'symlink_install': False, 'test_result_base': None}
[0.291s] Level 5:colcon.colcon_core.verb:set package 'py_topic' build argument 'cmake_args' from command line to 'None'
[0.291s] Level 5:colcon.colcon_core.verb:set package 'py_topic' build argument 'cmake_target' from command line to 'None'
[0.291s] Level 5:colcon.colcon_core.verb:set package 'py_topic' build argument 'cmake_target_skip_unavailable' from command line to 'False'
[0.291s] Level 5:colcon.colcon_core.verb:set package 'py_topic' build argument 'cmake_clean_cache' from command line to 'False'
[0.291s] Level 5:colcon.colcon_core.verb:set package 'py_topic' build argument 'cmake_clean_first' from command line to 'False'
[0.291s] Level 5:colcon.colcon_core.verb:set package 'py_topic' build argument 'cmake_force_configure' from command line to 'False'
[0.291s] Level 5:colcon.colcon_core.verb:set package 'py_topic' build argument 'ament_cmake_args' from command line to 'None'
[0.291s] Level 5:colcon.colcon_core.verb:set package 'py_topic' build argument 'catkin_cmake_args' from command line to 'None'
[0.291s] Level 5:colcon.colcon_core.verb:set package 'py_topic' build argument 'catkin_skip_building_tests' from command line to 'False'
[0.291s] DEBUG:colcon.colcon_core.verb:Building package 'py_topic' with the following arguments: {'ament_cmake_args': None, 'build_base': '/home/sti/ros2/build/py_topic', 'catkin_cmake_args': None, 'catkin_skip_building_tests': False, 'cmake_args': None, 'cmake_clean_cache': False, 'cmake_clean_first': False, 'cmake_force_configure': False, 'cmake_target': None, 'cmake_target_skip_unavailable': False, 'install_base': '/home/sti/ros2/install/py_topic', 'merge_install': False, 'path': '/home/sti/ros2/src/py_topic', 'symlink_install': False, 'test_result_base': None}
[0.291s] Level 5:colcon.colcon_core.verb:set package 'ros2_test' build argument 'cmake_args' from command line to 'None'
[0.291s] Level 5:colcon.colcon_core.verb:set package 'ros2_test' build argument 'cmake_target' from command line to 'None'
[0.291s] Level 5:colcon.colcon_core.verb:set package 'ros2_test' build argument 'cmake_target_skip_unavailable' from command line to 'False'
[0.291s] Level 5:colcon.colcon_core.verb:set package 'ros2_test' build argument 'cmake_clean_cache' from command line to 'False'
[0.291s] Level 5:colcon.colcon_core.verb:set package 'ros2_test' build argument 'cmake_clean_first' from command line to 'False'
[0.291s] Level 5:colcon.colcon_core.verb:set package 'ros2_test' build argument 'cmake_force_configure' from command line to 'False'
[0.291s] Level 5:colcon.colcon_core.verb:set package 'ros2_test' build argument 'ament_cmake_args' from command line to 'None'
[0.291s] Level 5:colcon.colcon_core.verb:set package 'ros2_test' build argument 'catkin_cmake_args' from command line to 'None'
[0.291s] Level 5:colcon.colcon_core.verb:set package 'ros2_test' build argument 'catkin_skip_building_tests' from command line to 'False'
[0.291s] DEBUG:colcon.colcon_core.verb:Building package 'ros2_test' with the following arguments: {'ament_cmake_args': None, 'build_base': '/home/sti/ros2/build/ros2_test', 'catkin_cmake_args': None, 'catkin_skip_building_tests': False, 'cmake_args': None, 'cmake_clean_cache': False, 'cmake_clean_first': False, 'cmake_force_configure': False, 'cmake_target': None, 'cmake_target_skip_unavailable': False, 'install_base': '/home/sti/ros2/install/ros2_test', 'merge_install': False, 'path': '/home/sti/ros2/src/ros2_test', 'symlink_install': False, 'test_result_base': None}
[0.291s] Level 5:colcon.colcon_core.verb:set package 'ros2_test_cpp' build argument 'cmake_args' from command line to 'None'
[0.291s] Level 5:colcon.colcon_core.verb:set package 'ros2_test_cpp' build argument 'cmake_target' from command line to 'None'
[0.291s] Level 5:colcon.colcon_core.verb:set package 'ros2_test_cpp' build argument 'cmake_target_skip_unavailable' from command line to 'False'
[0.291s] Level 5:colcon.colcon_core.verb:set package 'ros2_test_cpp' build argument 'cmake_clean_cache' from command line to 'False'
[0.291s] Level 5:colcon.colcon_core.verb:set package 'ros2_test_cpp' build argument 'cmake_clean_first' from command line to 'False'
[0.291s] Level 5:colcon.colcon_core.verb:set package 'ros2_test_cpp' build argument 'cmake_force_configure' from command line to 'False'
[0.291s] Level 5:colcon.colcon_core.verb:set package 'ros2_test_cpp' build argument 'ament_cmake_args' from command line to 'None'
[0.291s] Level 5:colcon.colcon_core.verb:set package 'ros2_test_cpp' build argument 'catkin_cmake_args' from command line to 'None'
[0.291s] Level 5:colcon.colcon_core.verb:set package 'ros2_test_cpp' build argument 'catkin_skip_building_tests' from command line to 'False'
[0.291s] DEBUG:colcon.colcon_core.verb:Building package 'ros2_test_cpp' with the following arguments: {'ament_cmake_args': None, 'build_base': '/home/sti/ros2/build/ros2_test_cpp', 'catkin_cmake_args': None, 'catkin_skip_building_tests': False, 'cmake_args': None, 'cmake_clean_cache': False, 'cmake_clean_first': False, 'cmake_force_configure': False, 'cmake_target': None, 'cmake_target_skip_unavailable': False, 'install_base': '/home/sti/ros2/install/ros2_test_cpp', 'merge_install': False, 'path': '/home/sti/ros2/src/ros2_test_cpp', 'symlink_install': False, 'test_result_base': None}
[0.291s] INFO:colcon.colcon_core.executor:Executing jobs using 'parallel' executor
[0.292s] DEBUG:colcon.colcon_parallel_executor.executor.parallel:run_until_complete
[0.292s] INFO:colcon.colcon_ros.task.ament_cmake.build:Building ROS package in '/home/sti/ros2/src/cpp_topic' with build type 'ament_cmake'
[0.292s] INFO:colcon.colcon_cmake.task.cmake.build:Building CMake package in '/home/sti/ros2/src/cpp_topic'
[0.294s] INFO:colcon.colcon_core.plugin_system:Skipping extension 'colcon_core.shell.bat': Not used on non-Windows systems
[0.294s] INFO:colcon.colcon_core.shell:Skip shell extension 'powershell' for command environment: Not usable outside of PowerShell
[0.294s] DEBUG:colcon.colcon_core.shell:Skip shell extension 'dsv' for command environment
[0.298s] INFO:colcon.colcon_ros.task.ament_python.build:Building ROS package in '/home/sti/ros2/src/py_topic' with build type 'ament_python'
[0.298s] Level 1:colcon.colcon_core.shell:create_environment_hook('py_topic', 'ament_prefix_path')
[0.298s] INFO:colcon.colcon_core.shell:Creating environment hook '/home/sti/ros2/install/py_topic/share/py_topic/hook/ament_prefix_path.ps1'
[0.298s] INFO:colcon.colcon_core.shell:Creating environment descriptor '/home/sti/ros2/install/py_topic/share/py_topic/hook/ament_prefix_path.dsv'
[0.299s] INFO:colcon.colcon_core.shell:Creating environment hook '/home/sti/ros2/install/py_topic/share/py_topic/hook/ament_prefix_path.sh'
[0.299s] INFO:colcon.colcon_core.shell:Skip shell extension 'powershell' for command environment: Not usable outside of PowerShell
[0.299s] DEBUG:colcon.colcon_core.shell:Skip shell extension 'dsv' for command environment
[0.302s] INFO:colcon.colcon_ros.task.ament_python.build:Building ROS package in '/home/sti/ros2/src/ros2_test' with build type 'ament_python'
[0.302s] Level 1:colcon.colcon_core.shell:create_environment_hook('ros2_test', 'ament_prefix_path')
[0.302s] INFO:colcon.colcon_core.shell:Creating environment hook '/home/sti/ros2/install/ros2_test/share/ros2_test/hook/ament_prefix_path.ps1'
[0.302s] INFO:colcon.colcon_core.shell:Creating environment descriptor '/home/sti/ros2/install/ros2_test/share/ros2_test/hook/ament_prefix_path.dsv'
[0.302s] INFO:colcon.colcon_core.shell:Creating environment hook '/home/sti/ros2/install/ros2_test/share/ros2_test/hook/ament_prefix_path.sh'
[0.303s] INFO:colcon.colcon_core.shell:Skip shell extension 'powershell' for command environment: Not usable outside of PowerShell
[0.303s] DEBUG:colcon.colcon_core.shell:Skip shell extension 'dsv' for command environment
[0.307s] INFO:colcon.colcon_ros.task.ament_cmake.build:Building ROS package in '/home/sti/ros2/src/ros2_test_cpp' with build type 'ament_cmake'
[0.308s] INFO:colcon.colcon_cmake.task.cmake.build:Building CMake package in '/home/sti/ros2/src/ros2_test_cpp'
[0.308s] INFO:colcon.colcon_core.shell:Skip shell extension 'powershell' for command environment: Not usable outside of PowerShell
[0.308s] DEBUG:colcon.colcon_core.shell:Skip shell extension 'dsv' for command environment
[0.317s] DEBUG:colcon.colcon_core.event_handler.log_command:Invoking command in '/home/sti/ros2/build/cpp_topic': CMAKE_PREFIX_PATH=${CMAKE_PREFIX_PATH}:/home/sti/ros2_21_tutorials/install/learning_urdf:/home/sti/ros2_21_tutorials/install/learning_topic:/home/sti/ros2_21_tutorials/install/learning_tf:/home/sti/ros2_21_tutorials/install/learning_service:/home/sti/ros2_21_tutorials/install/learning_qos:/home/sti/ros2_21_tutorials/install/learning_pkg_python:/home/sti/ros2_21_tutorials/install/learning_parameter:/home/sti/ros2_21_tutorials/install/learning_node:/home/sti/ros2_21_tutorials/install/learning_launch:/home/sti/ros2_21_tutorials/install/learning_action:/home/sti/ros2_21_tutorials/install/learning_gazebo:/home/sti/ros2_21_tutorials/install/learning_cv:/home/sti/ros2/install/ros2_test:/home/sti/ros2/install/py_topic_publisher:/home/sti/ros2/install/py_topic:/opt/ros/jazzy DEBUGINFOD_URLS=https://debuginfod.ubuntu.com /usr/bin/cmake --build /home/sti/ros2/build/cpp_topic -- -j14 -l14
[0.466s] INFO:colcon.colcon_core.task.python.build:Building Python package in '/home/sti/ros2/src/py_topic'
[0.466s] INFO:colcon.colcon_core.shell:Skip shell extension 'powershell' for command environment: Not usable outside of PowerShell
[0.466s] DEBUG:colcon.colcon_core.shell:Skip shell extension 'dsv' for command environment
[0.613s] INFO:colcon.colcon_core.task.python.build:Building Python package in '/home/sti/ros2/src/ros2_test'
[0.613s] INFO:colcon.colcon_core.shell:Skip shell extension 'powershell' for command environment: Not usable outside of PowerShell
[0.613s] DEBUG:colcon.colcon_core.shell:Skip shell extension 'dsv' for command environment
[0.622s] DEBUG:colcon.colcon_core.event_handler.log_command:Invoked command in '/home/sti/ros2/build/cpp_topic' returned '0': CMAKE_PREFIX_PATH=${CMAKE_PREFIX_PATH}:/home/sti/ros2_21_tutorials/install/learning_urdf:/home/sti/ros2_21_tutorials/install/learning_topic:/home/sti/ros2_21_tutorials/install/learning_tf:/home/sti/ros2_21_tutorials/install/learning_service:/home/sti/ros2_21_tutorials/install/learning_qos:/home/sti/ros2_21_tutorials/install/learning_pkg_python:/home/sti/ros2_21_tutorials/install/learning_parameter:/home/sti/ros2_21_tutorials/install/learning_node:/home/sti/ros2_21_tutorials/install/learning_launch:/home/sti/ros2_21_tutorials/install/learning_action:/home/sti/ros2_21_tutorials/install/learning_gazebo:/home/sti/ros2_21_tutorials/install/learning_cv:/home/sti/ros2/install/ros2_test:/home/sti/ros2/install/py_topic_publisher:/home/sti/ros2/install/py_topic:/opt/ros/jazzy DEBUGINFOD_URLS=https://debuginfod.ubuntu.com /usr/bin/cmake --build /home/sti/ros2/build/cpp_topic -- -j14 -l14
[0.634s] DEBUG:colcon.colcon_core.event_handler.log_command:Invoking command in '/home/sti/ros2/build/cpp_topic': CMAKE_PREFIX_PATH=${CMAKE_PREFIX_PATH}:/home/sti/ros2_21_tutorials/install/learning_urdf:/home/sti/ros2_21_tutorials/install/learning_topic:/home/sti/ros2_21_tutorials/install/learning_tf:/home/sti/ros2_21_tutorials/install/learning_service:/home/sti/ros2_21_tutorials/install/learning_qos:/home/sti/ros2_21_tutorials/install/learning_pkg_python:/home/sti/ros2_21_tutorials/install/learning_parameter:/home/sti/ros2_21_tutorials/install/learning_node:/home/sti/ros2_21_tutorials/install/learning_launch:/home/sti/ros2_21_tutorials/install/learning_action:/home/sti/ros2_21_tutorials/install/learning_gazebo:/home/sti/ros2_21_tutorials/install/learning_cv:/home/sti/ros2/install/ros2_test:/home/sti/ros2/install/py_topic_publisher:/home/sti/ros2/install/py_topic:/opt/ros/jazzy DEBUGINFOD_URLS=https://debuginfod.ubuntu.com /usr/bin/cmake --install /home/sti/ros2/build/cpp_topic
[0.638s] DEBUG:colcon.colcon_core.event_handler.log_command:Invoking command in '/home/sti/ros2/build/ros2_test_cpp': CMAKE_PREFIX_PATH=${CMAKE_PREFIX_PATH}:/home/sti/ros2_21_tutorials/install/learning_urdf:/home/sti/ros2_21_tutorials/install/learning_topic:/home/sti/ros2_21_tutorials/install/learning_tf:/home/sti/ros2_21_tutorials/install/learning_service:/home/sti/ros2_21_tutorials/install/learning_qos:/home/sti/ros2_21_tutorials/install/learning_pkg_python:/home/sti/ros2_21_tutorials/install/learning_parameter:/home/sti/ros2_21_tutorials/install/learning_node:/home/sti/ros2_21_tutorials/install/learning_launch:/home/sti/ros2_21_tutorials/install/learning_action:/home/sti/ros2_21_tutorials/install/learning_gazebo:/home/sti/ros2_21_tutorials/install/learning_cv:/home/sti/ros2/install/ros2_test:/home/sti/ros2/install/py_topic_publisher:/home/sti/ros2/install/py_topic:/opt/ros/jazzy DEBUGINFOD_URLS=https://debuginfod.ubuntu.com /usr/bin/cmake --build /home/sti/ros2/build/ros2_test_cpp -- -j14 -l14
[0.647s] Level 1:colcon.colcon_core.environment:create_environment_scripts_only(cpp_topic)
[0.648s] DEBUG:colcon.colcon_core.event_handler.log_command:Invoked command in '/home/sti/ros2/build/cpp_topic' returned '0': CMAKE_PREFIX_PATH=${CMAKE_PREFIX_PATH}:/home/sti/ros2_21_tutorials/install/learning_urdf:/home/sti/ros2_21_tutorials/install/learning_topic:/home/sti/ros2_21_tutorials/install/learning_tf:/home/sti/ros2_21_tutorials/install/learning_service:/home/sti/ros2_21_tutorials/install/learning_qos:/home/sti/ros2_21_tutorials/install/learning_pkg_python:/home/sti/ros2_21_tutorials/install/learning_parameter:/home/sti/ros2_21_tutorials/install/learning_node:/home/sti/ros2_21_tutorials/install/learning_launch:/home/sti/ros2_21_tutorials/install/learning_action:/home/sti/ros2_21_tutorials/install/learning_gazebo:/home/sti/ros2_21_tutorials/install/learning_cv:/home/sti/ros2/install/ros2_test:/home/sti/ros2/install/py_topic_publisher:/home/sti/ros2/install/py_topic:/opt/ros/jazzy DEBUGINFOD_URLS=https://debuginfod.ubuntu.com /usr/bin/cmake --install /home/sti/ros2/build/cpp_topic
[0.652s] Level 1:colcon.colcon_core.environment:checking '/home/sti/ros2/install/cpp_topic' for CMake module files
[0.652s] Level 1:colcon.colcon_core.environment:checking '/home/sti/ros2/install/cpp_topic' for CMake config files
[0.652s] Level 1:colcon.colcon_core.shell:create_environment_hook('cpp_topic', 'cmake_prefix_path')
[0.653s] INFO:colcon.colcon_core.shell:Creating environment hook '/home/sti/ros2/install/cpp_topic/share/cpp_topic/hook/cmake_prefix_path.ps1'
[0.653s] INFO:colcon.colcon_core.shell:Creating environment descriptor '/home/sti/ros2/install/cpp_topic/share/cpp_topic/hook/cmake_prefix_path.dsv'
[0.654s] INFO:colcon.colcon_core.shell:Creating environment hook '/home/sti/ros2/install/cpp_topic/share/cpp_topic/hook/cmake_prefix_path.sh'
[0.654s] Level 1:colcon.colcon_core.environment:checking '/home/sti/ros2/install/cpp_topic/lib'
[0.655s] Level 1:colcon.colcon_core.environment:checking '/home/sti/ros2/install/cpp_topic/bin'
[0.655s] Level 1:colcon.colcon_core.environment:checking '/home/sti/ros2/install/cpp_topic/lib/pkgconfig/cpp_topic.pc'
[0.655s] Level 1:colcon.colcon_core.environment:checking '/home/sti/ros2/install/cpp_topic/lib/python3.12/site-packages'
[0.655s] Level 1:colcon.colcon_core.environment:checking '/home/sti/ros2/install/cpp_topic/bin'
[0.656s] INFO:colcon.colcon_core.shell:Creating package script '/home/sti/ros2/install/cpp_topic/share/cpp_topic/package.ps1'
[0.657s] INFO:colcon.colcon_core.shell:Creating package descriptor '/home/sti/ros2/install/cpp_topic/share/cpp_topic/package.dsv'
[0.657s] INFO:colcon.colcon_core.shell:Creating package script '/home/sti/ros2/install/cpp_topic/share/cpp_topic/package.sh'
[0.658s] INFO:colcon.colcon_core.shell:Creating package script '/home/sti/ros2/install/cpp_topic/share/cpp_topic/package.bash'
[0.658s] INFO:colcon.colcon_core.shell:Creating package script '/home/sti/ros2/install/cpp_topic/share/cpp_topic/package.zsh'
[0.659s] Level 1:colcon.colcon_core.environment:create_file_with_runtime_dependencies(/home/sti/ros2/install/cpp_topic/share/colcon-core/packages/cpp_topic)
[0.659s] Level 1:colcon.colcon_core.environment:create_environment_scripts_only(cpp_topic)
[0.659s] Level 1:colcon.colcon_core.environment:checking '/home/sti/ros2/install/cpp_topic' for CMake module files
[0.660s] Level 1:colcon.colcon_core.environment:checking '/home/sti/ros2/install/cpp_topic' for CMake config files
[0.660s] Level 1:colcon.colcon_core.shell:create_environment_hook('cpp_topic', 'cmake_prefix_path')
[0.660s] INFO:colcon.colcon_core.shell:Creating environment hook '/home/sti/ros2/install/cpp_topic/share/cpp_topic/hook/cmake_prefix_path.ps1'
[0.660s] INFO:colcon.colcon_core.shell:Creating environment descriptor '/home/sti/ros2/install/cpp_topic/share/cpp_topic/hook/cmake_prefix_path.dsv'
[0.660s] INFO:colcon.colcon_core.shell:Creating environment hook '/home/sti/ros2/install/cpp_topic/share/cpp_topic/hook/cmake_prefix_path.sh'
[0.661s] Level 1:colcon.colcon_core.environment:checking '/home/sti/ros2/install/cpp_topic/lib'
[0.661s] Level 1:colcon.colcon_core.environment:checking '/home/sti/ros2/install/cpp_topic/bin'
[0.661s] Level 1:colcon.colcon_core.environment:checking '/home/sti/ros2/install/cpp_topic/lib/pkgconfig/cpp_topic.pc'
[0.661s] Level 1:colcon.colcon_core.environment:checking '/home/sti/ros2/install/cpp_topic/lib/python3.12/site-packages'
[0.661s] Level 1:colcon.colcon_core.environment:checking '/home/sti/ros2/install/cpp_topic/bin'
[0.662s] INFO:colcon.colcon_core.shell:Creating package script '/home/sti/ros2/install/cpp_topic/share/cpp_topic/package.ps1'
[0.662s] INFO:colcon.colcon_core.shell:Creating package descriptor '/home/sti/ros2/install/cpp_topic/share/cpp_topic/package.dsv'
[0.662s] INFO:colcon.colcon_core.shell:Creating package script '/home/sti/ros2/install/cpp_topic/share/cpp_topic/package.sh'
[0.662s] INFO:colcon.colcon_core.shell:Creating package script '/home/sti/ros2/install/cpp_topic/share/cpp_topic/package.bash'
[0.663s] INFO:colcon.colcon_core.shell:Creating package script '/home/sti/ros2/install/cpp_topic/share/cpp_topic/package.zsh'
[0.663s] Level 1:colcon.colcon_core.environment:create_file_with_runtime_dependencies(/home/sti/ros2/install/cpp_topic/share/colcon-core/packages/cpp_topic)
[0.714s] DEBUG:colcon.colcon_core.event_handler.log_command:Invoked command in '/home/sti/ros2/build/ros2_test_cpp' returned '0': CMAKE_PREFIX_PATH=${CMAKE_PREFIX_PATH}:/home/sti/ros2_21_tutorials/install/learning_urdf:/home/sti/ros2_21_tutorials/install/learning_topic:/home/sti/ros2_21_tutorials/install/learning_tf:/home/sti/ros2_21_tutorials/install/learning_service:/home/sti/ros2_21_tutorials/install/learning_qos:/home/sti/ros2_21_tutorials/install/learning_pkg_python:/home/sti/ros2_21_tutorials/install/learning_parameter:/home/sti/ros2_21_tutorials/install/learning_node:/home/sti/ros2_21_tutorials/install/learning_launch:/home/sti/ros2_21_tutorials/install/learning_action:/home/sti/ros2_21_tutorials/install/learning_gazebo:/home/sti/ros2_21_tutorials/install/learning_cv:/home/sti/ros2/install/ros2_test:/home/sti/ros2/install/py_topic_publisher:/home/sti/ros2/install/py_topic:/opt/ros/jazzy DEBUGINFOD_URLS=https://debuginfod.ubuntu.com /usr/bin/cmake --build /home/sti/ros2/build/ros2_test_cpp -- -j14 -l14
[0.717s] DEBUG:colcon.colcon_core.event_handler.log_command:Invoking command in '/home/sti/ros2/build/ros2_test_cpp': CMAKE_PREFIX_PATH=${CMAKE_PREFIX_PATH}:/home/sti/ros2_21_tutorials/install/learning_urdf:/home/sti/ros2_21_tutorials/install/learning_topic:/home/sti/ros2_21_tutorials/install/learning_tf:/home/sti/ros2_21_tutorials/install/learning_service:/home/sti/ros2_21_tutorials/install/learning_qos:/home/sti/ros2_21_tutorials/install/learning_pkg_python:/home/sti/ros2_21_tutorials/install/learning_parameter:/home/sti/ros2_21_tutorials/install/learning_node:/home/sti/ros2_21_tutorials/install/learning_launch:/home/sti/ros2_21_tutorials/install/learning_action:/home/sti/ros2_21_tutorials/install/learning_gazebo:/home/sti/ros2_21_tutorials/install/learning_cv:/home/sti/ros2/install/ros2_test:/home/sti/ros2/install/py_topic_publisher:/home/sti/ros2/install/py_topic:/opt/ros/jazzy DEBUGINFOD_URLS=https://debuginfod.ubuntu.com /usr/bin/cmake --install /home/sti/ros2/build/ros2_test_cpp
[0.727s] Level 1:colcon.colcon_core.environment:create_environment_scripts_only(ros2_test_cpp)
[0.727s] Level 1:colcon.colcon_core.environment:checking '/home/sti/ros2/install/ros2_test_cpp' for CMake module files
[0.727s] DEBUG:colcon.colcon_core.event_handler.log_command:Invoked command in '/home/sti/ros2/build/ros2_test_cpp' returned '0': CMAKE_PREFIX_PATH=${CMAKE_PREFIX_PATH}:/home/sti/ros2_21_tutorials/install/learning_urdf:/home/sti/ros2_21_tutorials/install/learning_topic:/home/sti/ros2_21_tutorials/install/learning_tf:/home/sti/ros2_21_tutorials/install/learning_service:/home/sti/ros2_21_tutorials/install/learning_qos:/home/sti/ros2_21_tutorials/install/learning_pkg_python:/home/sti/ros2_21_tutorials/install/learning_parameter:/home/sti/ros2_21_tutorials/install/learning_node:/home/sti/ros2_21_tutorials/install/learning_launch:/home/sti/ros2_21_tutorials/install/learning_action:/home/sti/ros2_21_tutorials/install/learning_gazebo:/home/sti/ros2_21_tutorials/install/learning_cv:/home/sti/ros2/install/ros2_test:/home/sti/ros2/install/py_topic_publisher:/home/sti/ros2/install/py_topic:/opt/ros/jazzy DEBUGINFOD_URLS=https://debuginfod.ubuntu.com /usr/bin/cmake --install /home/sti/ros2/build/ros2_test_cpp
[0.728s] Level 1:colcon.colcon_core.environment:checking '/home/sti/ros2/install/ros2_test_cpp' for CMake config files
[0.728s] Level 1:colcon.colcon_core.shell:create_environment_hook('ros2_test_cpp', 'cmake_prefix_path')
[0.728s] INFO:colcon.colcon_core.shell:Creating environment hook '/home/sti/ros2/install/ros2_test_cpp/share/ros2_test_cpp/hook/cmake_prefix_path.ps1'
[0.729s] INFO:colcon.colcon_core.shell:Creating environment descriptor '/home/sti/ros2/install/ros2_test_cpp/share/ros2_test_cpp/hook/cmake_prefix_path.dsv'
[0.729s] INFO:colcon.colcon_core.shell:Creating environment hook '/home/sti/ros2/install/ros2_test_cpp/share/ros2_test_cpp/hook/cmake_prefix_path.sh'
[0.730s] Level 1:colcon.colcon_core.environment:checking '/home/sti/ros2/install/ros2_test_cpp/lib'
[0.730s] Level 1:colcon.colcon_core.environment:checking '/home/sti/ros2/install/ros2_test_cpp/bin'
[0.730s] Level 1:colcon.colcon_core.environment:checking '/home/sti/ros2/install/ros2_test_cpp/lib/pkgconfig/ros2_test_cpp.pc'
[0.730s] Level 1:colcon.colcon_core.environment:checking '/home/sti/ros2/install/ros2_test_cpp/lib/python3.12/site-packages'
[0.730s] Level 1:colcon.colcon_core.environment:checking '/home/sti/ros2/install/ros2_test_cpp/bin'
[0.731s] INFO:colcon.colcon_core.shell:Creating package script '/home/sti/ros2/install/ros2_test_cpp/share/ros2_test_cpp/package.ps1'
[0.731s] INFO:colcon.colcon_core.shell:Creating package descriptor '/home/sti/ros2/install/ros2_test_cpp/share/ros2_test_cpp/package.dsv'
[0.731s] INFO:colcon.colcon_core.shell:Creating package script '/home/sti/ros2/install/ros2_test_cpp/share/ros2_test_cpp/package.sh'
[0.731s] INFO:colcon.colcon_core.shell:Creating package script '/home/sti/ros2/install/ros2_test_cpp/share/ros2_test_cpp/package.bash'
[0.732s] INFO:colcon.colcon_core.shell:Creating package script '/home/sti/ros2/install/ros2_test_cpp/share/ros2_test_cpp/package.zsh'
[0.732s] Level 1:colcon.colcon_core.environment:create_file_with_runtime_dependencies(/home/sti/ros2/install/ros2_test_cpp/share/colcon-core/packages/ros2_test_cpp)
[0.732s] Level 1:colcon.colcon_core.environment:create_environment_scripts_only(ros2_test_cpp)
[0.732s] Level 1:colcon.colcon_core.environment:checking '/home/sti/ros2/install/ros2_test_cpp' for CMake module files
[0.733s] Level 1:colcon.colcon_core.environment:checking '/home/sti/ros2/install/ros2_test_cpp' for CMake config files
[0.733s] Level 1:colcon.colcon_core.shell:create_environment_hook('ros2_test_cpp', 'cmake_prefix_path')
[0.733s] INFO:colcon.colcon_core.shell:Creating environment hook '/home/sti/ros2/install/ros2_test_cpp/share/ros2_test_cpp/hook/cmake_prefix_path.ps1'
[0.733s] INFO:colcon.colcon_core.shell:Creating environment descriptor '/home/sti/ros2/install/ros2_test_cpp/share/ros2_test_cpp/hook/cmake_prefix_path.dsv'
[0.733s] INFO:colcon.colcon_core.shell:Creating environment hook '/home/sti/ros2/install/ros2_test_cpp/share/ros2_test_cpp/hook/cmake_prefix_path.sh'
[0.734s] Level 1:colcon.colcon_core.environment:checking '/home/sti/ros2/install/ros2_test_cpp/lib'
[0.734s] Level 1:colcon.colcon_core.environment:checking '/home/sti/ros2/install/ros2_test_cpp/bin'
[0.734s] Level 1:colcon.colcon_core.environment:checking '/home/sti/ros2/install/ros2_test_cpp/lib/pkgconfig/ros2_test_cpp.pc'
[0.734s] Level 1:colcon.colcon_core.environment:checking '/home/sti/ros2/install/ros2_test_cpp/lib/python3.12/site-packages'
[0.734s] Level 1:colcon.colcon_core.environment:checking '/home/sti/ros2/install/ros2_test_cpp/bin'
[0.734s] INFO:colcon.colcon_core.shell:Creating package script '/home/sti/ros2/install/ros2_test_cpp/share/ros2_test_cpp/package.ps1'
[0.734s] INFO:colcon.colcon_core.shell:Creating package descriptor '/home/sti/ros2/install/ros2_test_cpp/share/ros2_test_cpp/package.dsv'
[0.735s] INFO:colcon.colcon_core.shell:Creating package script '/home/sti/ros2/install/ros2_test_cpp/share/ros2_test_cpp/package.sh'
[0.735s] INFO:colcon.colcon_core.shell:Creating package script '/home/sti/ros2/install/ros2_test_cpp/share/ros2_test_cpp/package.bash'
[0.735s] INFO:colcon.colcon_core.shell:Creating package script '/home/sti/ros2/install/ros2_test_cpp/share/ros2_test_cpp/package.zsh'
[0.735s] Level 1:colcon.colcon_core.environment:create_file_with_runtime_dependencies(/home/sti/ros2/install/ros2_test_cpp/share/colcon-core/packages/ros2_test_cpp)
[1.155s] DEBUG:colcon.colcon_core.event_handler.log_command:Invoking command in '/home/sti/ros2/src/ros2_test': DEBUGINFOD_URLS=https://debuginfod.ubuntu.com PYTHONPATH=/home/sti/ros2/build/ros2_test/prefix_override:/usr/lib/python3/dist-packages/colcon_core/task/python/colcon_distutils_commands:/home/sti/ros2/install/ros2_test/lib/python3.12/site-packages:${PYTHONPATH} /usr/bin/python3 -W ignore:setup.py install is deprecated -W ignore:easy_install command is deprecated setup.py egg_info --egg-base ../../build/ros2_test build --build-base /home/sti/ros2/build/ros2_test/build install --record /home/sti/ros2/build/ros2_test/install.log --single-version-externally-managed install_data
[1.157s] DEBUG:colcon.colcon_core.event_handler.log_command:Invoking command in '/home/sti/ros2/src/py_topic': DEBUGINFOD_URLS=https://debuginfod.ubuntu.com PYTHONPATH=/home/sti/ros2/build/py_topic/prefix_override:/usr/lib/python3/dist-packages/colcon_core/task/python/colcon_distutils_commands:/home/sti/ros2/install/py_topic/lib/python3.12/site-packages:${PYTHONPATH} /usr/bin/python3 -W ignore:setup.py install is deprecated -W ignore:easy_install command is deprecated setup.py egg_info --egg-base ../../build/py_topic build --build-base /home/sti/ros2/build/py_topic/build install --record /home/sti/ros2/build/py_topic/install.log --single-version-externally-managed install_data
[1.490s] Level 1:colcon.colcon_core.environment:checking '/home/sti/ros2/install/py_topic' for CMake module files
[1.491s] DEBUG:colcon.colcon_core.event_handler.log_command:Invoked command in '/home/sti/ros2/src/py_topic' returned '0': DEBUGINFOD_URLS=https://debuginfod.ubuntu.com PYTHONPATH=/home/sti/ros2/build/py_topic/prefix_override:/usr/lib/python3/dist-packages/colcon_core/task/python/colcon_distutils_commands:/home/sti/ros2/install/py_topic/lib/python3.12/site-packages:${PYTHONPATH} /usr/bin/python3 -W ignore:setup.py install is deprecated -W ignore:easy_install command is deprecated setup.py egg_info --egg-base ../../build/py_topic build --build-base /home/sti/ros2/build/py_topic/build install --record /home/sti/ros2/build/py_topic/install.log --single-version-externally-managed install_data
[1.491s] Level 1:colcon.colcon_core.environment:checking '/home/sti/ros2/install/py_topic' for CMake config files
[1.491s] Level 1:colcon.colcon_core.environment:checking '/home/sti/ros2/install/py_topic/lib'
[1.491s] Level 1:colcon.colcon_core.environment:checking '/home/sti/ros2/install/py_topic/bin'
[1.491s] Level 1:colcon.colcon_core.environment:checking '/home/sti/ros2/install/py_topic/lib/pkgconfig/py_topic.pc'
[1.491s] Level 1:colcon.colcon_core.environment:checking '/home/sti/ros2/install/py_topic/lib/python3.12/site-packages'
[1.491s] Level 1:colcon.colcon_core.shell:create_environment_hook('py_topic', 'pythonpath')
[1.491s] INFO:colcon.colcon_core.shell:Creating environment hook '/home/sti/ros2/install/py_topic/share/py_topic/hook/pythonpath.ps1'
[1.492s] INFO:colcon.colcon_core.shell:Creating environment descriptor '/home/sti/ros2/install/py_topic/share/py_topic/hook/pythonpath.dsv'
[1.492s] INFO:colcon.colcon_core.shell:Creating environment hook '/home/sti/ros2/install/py_topic/share/py_topic/hook/pythonpath.sh'
[1.492s] Level 1:colcon.colcon_core.environment:checking '/home/sti/ros2/install/py_topic/bin'
[1.492s] Level 1:colcon.colcon_core.environment:create_environment_scripts_only(py_topic)
[1.492s] INFO:colcon.colcon_core.shell:Creating package script '/home/sti/ros2/install/py_topic/share/py_topic/package.ps1'
[1.493s] INFO:colcon.colcon_core.shell:Creating package descriptor '/home/sti/ros2/install/py_topic/share/py_topic/package.dsv'
[1.493s] INFO:colcon.colcon_core.shell:Creating package script '/home/sti/ros2/install/py_topic/share/py_topic/package.sh'
[1.493s] INFO:colcon.colcon_core.shell:Creating package script '/home/sti/ros2/install/py_topic/share/py_topic/package.bash'
[1.493s] INFO:colcon.colcon_core.shell:Creating package script '/home/sti/ros2/install/py_topic/share/py_topic/package.zsh'
[1.493s] Level 1:colcon.colcon_core.environment:create_file_with_runtime_dependencies(/home/sti/ros2/install/py_topic/share/colcon-core/packages/py_topic)
[1.526s] Level 1:colcon.colcon_core.environment:checking '/home/sti/ros2/install/ros2_test' for CMake module files
[1.527s] Level 1:colcon.colcon_core.environment:checking '/home/sti/ros2/install/ros2_test' for CMake config files
[1.527s] DEBUG:colcon.colcon_core.event_handler.log_command:Invoked command in '/home/sti/ros2/src/ros2_test' returned '0': DEBUGINFOD_URLS=https://debuginfod.ubuntu.com PYTHONPATH=/home/sti/ros2/build/ros2_test/prefix_override:/usr/lib/python3/dist-packages/colcon_core/task/python/colcon_distutils_commands:/home/sti/ros2/install/ros2_test/lib/python3.12/site-packages:${PYTHONPATH} /usr/bin/python3 -W ignore:setup.py install is deprecated -W ignore:easy_install command is deprecated setup.py egg_info --egg-base ../../build/ros2_test build --build-base /home/sti/ros2/build/ros2_test/build install --record /home/sti/ros2/build/ros2_test/install.log --single-version-externally-managed install_data
[1.528s] Level 1:colcon.colcon_core.environment:checking '/home/sti/ros2/install/ros2_test/lib'
[1.528s] Level 1:colcon.colcon_core.environment:checking '/home/sti/ros2/install/ros2_test/bin'
[1.528s] Level 1:colcon.colcon_core.environment:checking '/home/sti/ros2/install/ros2_test/lib/pkgconfig/ros2_test.pc'
[1.528s] Level 1:colcon.colcon_core.environment:checking '/home/sti/ros2/install/ros2_test/lib/python3.12/site-packages'
[1.528s] Level 1:colcon.colcon_core.shell:create_environment_hook('ros2_test', 'pythonpath')
[1.528s] INFO:colcon.colcon_core.shell:Creating environment hook '/home/sti/ros2/install/ros2_test/share/ros2_test/hook/pythonpath.ps1'
[1.529s] INFO:colcon.colcon_core.shell:Creating environment descriptor '/home/sti/ros2/install/ros2_test/share/ros2_test/hook/pythonpath.dsv'
[1.529s] INFO:colcon.colcon_core.shell:Creating environment hook '/home/sti/ros2/install/ros2_test/share/ros2_test/hook/pythonpath.sh'
[1.530s] Level 1:colcon.colcon_core.environment:checking '/home/sti/ros2/install/ros2_test/bin'
[1.530s] Level 1:colcon.colcon_core.environment:create_environment_scripts_only(ros2_test)
[1.530s] INFO:colcon.colcon_core.shell:Creating package script '/home/sti/ros2/install/ros2_test/share/ros2_test/package.ps1'
[1.531s] INFO:colcon.colcon_core.shell:Creating package descriptor '/home/sti/ros2/install/ros2_test/share/ros2_test/package.dsv'
[1.531s] INFO:colcon.colcon_core.shell:Creating package script '/home/sti/ros2/install/ros2_test/share/ros2_test/package.sh'
[1.532s] INFO:colcon.colcon_core.shell:Creating package script '/home/sti/ros2/install/ros2_test/share/ros2_test/package.bash'
[1.532s] INFO:colcon.colcon_core.shell:Creating package script '/home/sti/ros2/install/ros2_test/share/ros2_test/package.zsh'
[1.532s] Level 1:colcon.colcon_core.environment:create_file_with_runtime_dependencies(/home/sti/ros2/install/ros2_test/share/colcon-core/packages/ros2_test)
[1.533s] DEBUG:colcon.colcon_parallel_executor.executor.parallel:closing loop
[1.533s] DEBUG:colcon.colcon_parallel_executor.executor.parallel:loop closed
[1.533s] DEBUG:colcon.colcon_parallel_executor.executor.parallel:run_until_complete finished with '0'
[1.533s] DEBUG:colcon.colcon_core.event_reactor:joining thread
[1.540s] INFO:colcon.colcon_core.plugin_system:Skipping extension 'colcon_notification.desktop_notification.terminal_notifier': Not used on non-Darwin systems
[1.540s] INFO:colcon.colcon_core.plugin_system:Skipping extension 'colcon_notification.desktop_notification.win32': Not used on non-Windows systems
[1.540s] INFO:colcon.colcon_notification.desktop_notification:Sending desktop notification using 'notify2'
[1.560s] DEBUG:colcon.colcon_core.event_reactor:joined thread
[1.560s] INFO:colcon.colcon_core.shell:Creating prefix script '/home/sti/ros2/install/local_setup.ps1'
[1.561s] INFO:colcon.colcon_core.shell:Creating prefix util module '/home/sti/ros2/install/_local_setup_util_ps1.py'
[1.562s] INFO:colcon.colcon_core.shell:Creating prefix chain script '/home/sti/ros2/install/setup.ps1'
[1.563s] INFO:colcon.colcon_core.shell:Creating prefix script '/home/sti/ros2/install/local_setup.sh'
[1.563s] INFO:colcon.colcon_core.shell:Creating prefix util module '/home/sti/ros2/install/_local_setup_util_sh.py'
[1.564s] INFO:colcon.colcon_core.shell:Creating prefix chain script '/home/sti/ros2/install/setup.sh'
[1.565s] INFO:colcon.colcon_core.shell:Creating prefix script '/home/sti/ros2/install/local_setup.bash'
[1.565s] INFO:colcon.colcon_core.shell:Creating prefix chain script '/home/sti/ros2/install/setup.bash'
[1.566s] INFO:colcon.colcon_core.shell:Creating prefix script '/home/sti/ros2/install/local_setup.zsh'
[1.566s] INFO:colcon.colcon_core.shell:Creating prefix chain script '/home/sti/ros2/install/setup.zsh'
