[0.061s] DEBUG:colcon:Command line arguments: ['/usr/bin/colcon', 'build', '--packages-select', 'cpp_msg']
[0.061s] DEBUG:colcon:Parsed command line arguments: Namespace(log_base=None, log_level=None, verb_name='build', build_base='build', install_base='install', merge_install=False, symlink_install=False, test_result_base=None, continue_on_error=False, executor='parallel', parallel_workers=14, event_handlers=None, ignore_user_meta=False, metas=['./colcon.meta'], base_paths=['.'], packages_ignore=None, packages_ignore_regex=None, paths=None, packages_up_to=None, packages_up_to_regex=None, packages_above=None, packages_above_and_dependencies=None, packages_above_depth=None, packages_select_by_dep=None, packages_skip_by_dep=None, packages_skip_up_to=None, packages_select_build_failed=False, packages_skip_build_finished=False, packages_select_test_failures=False, packages_skip_test_passed=False, packages_select=['cpp_msg'], packages_skip=None, packages_select_regex=None, packages_skip_regex=None, packages_start=None, packages_end=None, allow_overriding=[], cmake_args=None, cmake_target=None, cmake_target_skip_unavailable=False, cmake_clean_cache=False, cmake_clean_first=False, cmake_force_configure=False, ament_cmake_args=None, catkin_cmake_args=None, catkin_skip_building_tests=False, verb_parser=<colcon_defaults.argument_parser.defaults.DefaultArgumentsDecorator object at 0x7b3b6ad94500>, verb_extension=<colcon_core.verb.build.BuildVerb object at 0x7b3b6ad943e0>, main=<bound method BuildVerb.main of <colcon_core.verb.build.BuildVerb object at 0x7b3b6ad943e0>>)
[0.083s] Level 1:colcon.colcon_core.package_discovery:discover_packages(colcon_meta) check parameters
[0.083s] Level 1:colcon.colcon_core.package_discovery:discover_packages(recursive) check parameters
[0.083s] Level 1:colcon.colcon_core.package_discovery:discover_packages(ignore) check parameters
[0.083s] Level 1:colcon.colcon_core.package_discovery:discover_packages(path) check parameters
[0.083s] Level 1:colcon.colcon_core.package_discovery:discover_packages(colcon_meta) discover
[0.083s] Level 1:colcon.colcon_core.package_discovery:discover_packages(recursive) discover
[0.083s] INFO:colcon.colcon_core.package_discovery:Crawling recursively for packages in '/home/sti/ros2'
[0.084s] Level 1:colcon.colcon_core.package_identification:_identify(.) by extensions ['ignore', 'ignore_ament_install']
[0.084s] Level 1:colcon.colcon_core.package_identification:_identify(.) by extension 'ignore'
[0.084s] Level 1:colcon.colcon_core.package_identification:_identify(.) by extension 'ignore_ament_install'
[0.084s] Level 1:colcon.colcon_core.package_identification:_identify(.) by extensions ['colcon_pkg']
[0.084s] Level 1:colcon.colcon_core.package_identification:_identify(.) by extension 'colcon_pkg'
[0.084s] Level 1:colcon.colcon_core.package_identification:_identify(.) by extensions ['colcon_meta']
[0.084s] Level 1:colcon.colcon_core.package_identification:_identify(.) by extension 'colcon_meta'
[0.084s] Level 1:colcon.colcon_core.package_identification:_identify(.) by extensions ['ros']
[0.084s] Level 1:colcon.colcon_core.package_identification:_identify(.) by extension 'ros'
[0.099s] Level 1:colcon.colcon_core.package_identification:_identify(.) by extensions ['cmake', 'python']
[0.099s] Level 1:colcon.colcon_core.package_identification:_identify(.) by extension 'cmake'
[0.099s] Level 1:colcon.colcon_core.package_identification:_identify(.) by extension 'python'
[0.099s] Level 1:colcon.colcon_core.package_identification:_identify(.) by extensions ['python_setup_py']
[0.099s] Level 1:colcon.colcon_core.package_identification:_identify(.) by extension 'python_setup_py'
[0.100s] Level 1:colcon.colcon_core.package_identification:_identify(build) by extensions ['ignore', 'ignore_ament_install']
[0.100s] Level 1:colcon.colcon_core.package_identification:_identify(build) by extension 'ignore'
[0.100s] Level 1:colcon.colcon_core.package_identification:_identify(build) ignored
[0.100s] Level 1:colcon.colcon_core.package_identification:_identify(install) by extensions ['ignore', 'ignore_ament_install']
[0.100s] Level 1:colcon.colcon_core.package_identification:_identify(install) by extension 'ignore'
[0.100s] Level 1:colcon.colcon_core.package_identification:_identify(install) ignored
[0.100s] Level 1:colcon.colcon_core.package_identification:_identify(log) by extensions ['ignore', 'ignore_ament_install']
[0.100s] Level 1:colcon.colcon_core.package_identification:_identify(log) by extension 'ignore'
[0.100s] Level 1:colcon.colcon_core.package_identification:_identify(log) ignored
[0.100s] Level 1:colcon.colcon_core.package_identification:_identify(src) by extensions ['ignore', 'ignore_ament_install']
[0.100s] Level 1:colcon.colcon_core.package_identification:_identify(src) by extension 'ignore'
[0.100s] Level 1:colcon.colcon_core.package_identification:_identify(src) by extension 'ignore_ament_install'
[0.100s] Level 1:colcon.colcon_core.package_identification:_identify(src) by extensions ['colcon_pkg']
[0.100s] Level 1:colcon.colcon_core.package_identification:_identify(src) by extension 'colcon_pkg'
[0.100s] Level 1:colcon.colcon_core.package_identification:_identify(src) by extensions ['colcon_meta']
[0.100s] Level 1:colcon.colcon_core.package_identification:_identify(src) by extension 'colcon_meta'
[0.100s] Level 1:colcon.colcon_core.package_identification:_identify(src) by extensions ['ros']
[0.100s] Level 1:colcon.colcon_core.package_identification:_identify(src) by extension 'ros'
[0.100s] Level 1:colcon.colcon_core.package_identification:_identify(src) by extensions ['cmake', 'python']
[0.100s] Level 1:colcon.colcon_core.package_identification:_identify(src) by extension 'cmake'
[0.100s] Level 1:colcon.colcon_core.package_identification:_identify(src) by extension 'python'
[0.100s] Level 1:colcon.colcon_core.package_identification:_identify(src) by extensions ['python_setup_py']
[0.100s] Level 1:colcon.colcon_core.package_identification:_identify(src) by extension 'python_setup_py'
[0.100s] Level 1:colcon.colcon_core.package_identification:_identify(src/cpp_msg) by extensions ['ignore', 'ignore_ament_install']
[0.100s] Level 1:colcon.colcon_core.package_identification:_identify(src/cpp_msg) by extension 'ignore'
[0.100s] Level 1:colcon.colcon_core.package_identification:_identify(src/cpp_msg) by extension 'ignore_ament_install'
[0.100s] Level 1:colcon.colcon_core.package_identification:_identify(src/cpp_msg) by extensions ['colcon_pkg']
[0.100s] Level 1:colcon.colcon_core.package_identification:_identify(src/cpp_msg) by extension 'colcon_pkg'
[0.100s] Level 1:colcon.colcon_core.package_identification:_identify(src/cpp_msg) by extensions ['colcon_meta']
[0.100s] Level 1:colcon.colcon_core.package_identification:_identify(src/cpp_msg) by extension 'colcon_meta'
[0.100s] Level 1:colcon.colcon_core.package_identification:_identify(src/cpp_msg) by extensions ['ros']
[0.100s] Level 1:colcon.colcon_core.package_identification:_identify(src/cpp_msg) by extension 'ros'
[0.102s] DEBUG:colcon.colcon_core.package_identification:Package 'src/cpp_msg' with type 'ros.ament_cmake' and name 'cpp_msg'
[0.102s] Level 1:colcon.colcon_core.package_identification:_identify(src/cpp_topic) by extensions ['ignore', 'ignore_ament_install']
[0.102s] Level 1:colcon.colcon_core.package_identification:_identify(src/cpp_topic) by extension 'ignore'
[0.102s] Level 1:colcon.colcon_core.package_identification:_identify(src/cpp_topic) by extension 'ignore_ament_install'
[0.102s] Level 1:colcon.colcon_core.package_identification:_identify(src/cpp_topic) by extensions ['colcon_pkg']
[0.102s] Level 1:colcon.colcon_core.package_identification:_identify(src/cpp_topic) by extension 'colcon_pkg'
[0.102s] Level 1:colcon.colcon_core.package_identification:_identify(src/cpp_topic) by extensions ['colcon_meta']
[0.102s] Level 1:colcon.colcon_core.package_identification:_identify(src/cpp_topic) by extension 'colcon_meta'
[0.102s] Level 1:colcon.colcon_core.package_identification:_identify(src/cpp_topic) by extensions ['ros']
[0.102s] Level 1:colcon.colcon_core.package_identification:_identify(src/cpp_topic) by extension 'ros'
[0.102s] DEBUG:colcon.colcon_core.package_identification:Package 'src/cpp_topic' with type 'ros.ament_cmake' and name 'cpp_topic'
[0.103s] Level 1:colcon.colcon_core.package_identification:_identify(src/py_topic) by extensions ['ignore', 'ignore_ament_install']
[0.103s] Level 1:colcon.colcon_core.package_identification:_identify(src/py_topic) by extension 'ignore'
[0.103s] Level 1:colcon.colcon_core.package_identification:_identify(src/py_topic) by extension 'ignore_ament_install'
[0.103s] Level 1:colcon.colcon_core.package_identification:_identify(src/py_topic) by extensions ['colcon_pkg']
[0.103s] Level 1:colcon.colcon_core.package_identification:_identify(src/py_topic) by extension 'colcon_pkg'
[0.103s] Level 1:colcon.colcon_core.package_identification:_identify(src/py_topic) by extensions ['colcon_meta']
[0.103s] Level 1:colcon.colcon_core.package_identification:_identify(src/py_topic) by extension 'colcon_meta'
[0.103s] Level 1:colcon.colcon_core.package_identification:_identify(src/py_topic) by extensions ['ros']
[0.103s] Level 1:colcon.colcon_core.package_identification:_identify(src/py_topic) by extension 'ros'
[0.103s] DEBUG:colcon.colcon_core.package_identification:Package 'src/py_topic' with type 'ros.ament_python' and name 'py_topic'
[0.103s] Level 1:colcon.colcon_core.package_identification:_identify(src/ros2_test) by extensions ['ignore', 'ignore_ament_install']
[0.103s] Level 1:colcon.colcon_core.package_identification:_identify(src/ros2_test) by extension 'ignore'
[0.103s] Level 1:colcon.colcon_core.package_identification:_identify(src/ros2_test) by extension 'ignore_ament_install'
[0.103s] Level 1:colcon.colcon_core.package_identification:_identify(src/ros2_test) by extensions ['colcon_pkg']
[0.103s] Level 1:colcon.colcon_core.package_identification:_identify(src/ros2_test) by extension 'colcon_pkg'
[0.103s] Level 1:colcon.colcon_core.package_identification:_identify(src/ros2_test) by extensions ['colcon_meta']
[0.103s] Level 1:colcon.colcon_core.package_identification:_identify(src/ros2_test) by extension 'colcon_meta'
[0.103s] Level 1:colcon.colcon_core.package_identification:_identify(src/ros2_test) by extensions ['ros']
[0.103s] Level 1:colcon.colcon_core.package_identification:_identify(src/ros2_test) by extension 'ros'
[0.103s] DEBUG:colcon.colcon_core.package_identification:Package 'src/ros2_test' with type 'ros.ament_python' and name 'ros2_test'
[0.103s] Level 1:colcon.colcon_core.package_identification:_identify(src/ros2_test_cpp) by extensions ['ignore', 'ignore_ament_install']
[0.104s] Level 1:colcon.colcon_core.package_identification:_identify(src/ros2_test_cpp) by extension 'ignore'
[0.104s] Level 1:colcon.colcon_core.package_identification:_identify(src/ros2_test_cpp) by extension 'ignore_ament_install'
[0.104s] Level 1:colcon.colcon_core.package_identification:_identify(src/ros2_test_cpp) by extensions ['colcon_pkg']
[0.104s] Level 1:colcon.colcon_core.package_identification:_identify(src/ros2_test_cpp) by extension 'colcon_pkg'
[0.104s] Level 1:colcon.colcon_core.package_identification:_identify(src/ros2_test_cpp) by extensions ['colcon_meta']
[0.104s] Level 1:colcon.colcon_core.package_identification:_identify(src/ros2_test_cpp) by extension 'colcon_meta'
[0.104s] Level 1:colcon.colcon_core.package_identification:_identify(src/ros2_test_cpp) by extensions ['ros']
[0.104s] Level 1:colcon.colcon_core.package_identification:_identify(src/ros2_test_cpp) by extension 'ros'
[0.104s] DEBUG:colcon.colcon_core.package_identification:Package 'src/ros2_test_cpp' with type 'ros.ament_cmake' and name 'ros2_test_cpp'
[0.104s] Level 1:colcon.colcon_core.package_discovery:discover_packages(recursive) using defaults
[0.104s] Level 1:colcon.colcon_core.package_discovery:discover_packages(ignore) discover
[0.104s] Level 1:colcon.colcon_core.package_discovery:discover_packages(ignore) using defaults
[0.104s] Level 1:colcon.colcon_core.package_discovery:discover_packages(path) discover
[0.104s] Level 1:colcon.colcon_core.package_discovery:discover_packages(path) using defaults
[0.116s] INFO:colcon.colcon_core.package_selection:Skipping not selected package 'cpp_topic' in 'src/cpp_topic'
[0.116s] INFO:colcon.colcon_core.package_selection:Skipping not selected package 'py_topic' in 'src/py_topic'
[0.116s] INFO:colcon.colcon_core.package_selection:Skipping not selected package 'ros2_test' in 'src/ros2_test'
[0.116s] INFO:colcon.colcon_core.package_selection:Skipping not selected package 'ros2_test_cpp' in 'src/ros2_test_cpp'
[0.116s] Level 1:colcon.colcon_core.package_discovery:discover_packages(prefix_path) check parameters
[0.116s] Level 1:colcon.colcon_core.package_discovery:discover_packages(prefix_path) discover
[0.117s] DEBUG:colcon.colcon_installed_package_information.package_discovery:Found 6 installed packages in /home/sti/ros2/install
[0.118s] DEBUG:colcon.colcon_installed_package_information.package_discovery:Found 19 installed packages in /home/sti/ros2_21_tutorials/install
[0.119s] DEBUG:colcon.colcon_installed_package_information.package_discovery:Found 287 installed packages in /opt/ros/jazzy
[0.119s] Level 1:colcon.colcon_core.package_discovery:discover_packages(prefix_path) using defaults
[0.142s] Level 5:colcon.colcon_core.verb:set package 'cpp_msg' build argument 'cmake_args' from command line to 'None'
[0.142s] Level 5:colcon.colcon_core.verb:set package 'cpp_msg' build argument 'cmake_target' from command line to 'None'
[0.142s] Level 5:colcon.colcon_core.verb:set package 'cpp_msg' build argument 'cmake_target_skip_unavailable' from command line to 'False'
[0.142s] Level 5:colcon.colcon_core.verb:set package 'cpp_msg' build argument 'cmake_clean_cache' from command line to 'False'
[0.142s] Level 5:colcon.colcon_core.verb:set package 'cpp_msg' build argument 'cmake_clean_first' from command line to 'False'
[0.142s] Level 5:colcon.colcon_core.verb:set package 'cpp_msg' build argument 'cmake_force_configure' from command line to 'False'
[0.142s] Level 5:colcon.colcon_core.verb:set package 'cpp_msg' build argument 'ament_cmake_args' from command line to 'None'
[0.142s] Level 5:colcon.colcon_core.verb:set package 'cpp_msg' build argument 'catkin_cmake_args' from command line to 'None'
[0.142s] Level 5:colcon.colcon_core.verb:set package 'cpp_msg' build argument 'catkin_skip_building_tests' from command line to 'False'
[0.142s] DEBUG:colcon.colcon_core.verb:Building package 'cpp_msg' with the following arguments: {'ament_cmake_args': None, 'build_base': '/home/sti/ros2/build/cpp_msg', 'catkin_cmake_args': None, 'catkin_skip_building_tests': False, 'cmake_args': None, 'cmake_clean_cache': False, 'cmake_clean_first': False, 'cmake_force_configure': False, 'cmake_target': None, 'cmake_target_skip_unavailable': False, 'install_base': '/home/sti/ros2/install/cpp_msg', 'merge_install': False, 'path': '/home/sti/ros2/src/cpp_msg', 'symlink_install': False, 'test_result_base': None}
[0.142s] INFO:colcon.colcon_core.executor:Executing jobs using 'parallel' executor
[0.143s] DEBUG:colcon.colcon_parallel_executor.executor.parallel:run_until_complete
[0.143s] INFO:colcon.colcon_ros.task.ament_cmake.build:Building ROS package in '/home/sti/ros2/src/cpp_msg' with build type 'ament_cmake'
[0.143s] INFO:colcon.colcon_cmake.task.cmake.build:Building CMake package in '/home/sti/ros2/src/cpp_msg'
[0.144s] INFO:colcon.colcon_core.plugin_system:Skipping extension 'colcon_core.shell.bat': Not used on non-Windows systems
[0.144s] INFO:colcon.colcon_core.shell:Skip shell extension 'powershell' for command environment: Not usable outside of PowerShell
[0.144s] DEBUG:colcon.colcon_core.shell:Skip shell extension 'dsv' for command environment
[0.151s] DEBUG:colcon.colcon_core.event_handler.log_command:Invoking command in '/home/sti/ros2/build/cpp_msg': CMAKE_PREFIX_PATH=${CMAKE_PREFIX_PATH}:/home/sti/ros2_21_tutorials/install/learning_urdf:/home/sti/ros2_21_tutorials/install/learning_topic:/home/sti/ros2_21_tutorials/install/learning_tf:/home/sti/ros2_21_tutorials/install/learning_service:/home/sti/ros2_21_tutorials/install/learning_qos:/home/sti/ros2_21_tutorials/install/learning_pkg_python:/home/sti/ros2_21_tutorials/install/learning_parameter:/home/sti/ros2_21_tutorials/install/learning_node:/home/sti/ros2_21_tutorials/install/learning_launch:/home/sti/ros2_21_tutorials/install/learning_action:/home/sti/ros2_21_tutorials/install/learning_gazebo:/home/sti/ros2_21_tutorials/install/learning_cv:/home/sti/ros2/install/ros2_test:/home/sti/ros2/install/py_topic_publisher:/home/sti/ros2/install/py_topic:/opt/ros/jazzy DEBUGINFOD_URLS=https://debuginfod.ubuntu.com /usr/bin/cmake /home/sti/ros2/src/cpp_msg -DCMAKE_INSTALL_PREFIX=/home/sti/ros2/install/cpp_msg
[2.723s] DEBUG:colcon.colcon_core.event_handler.log_command:Invoked command in '/home/sti/ros2/build/cpp_msg' returned '0': CMAKE_PREFIX_PATH=${CMAKE_PREFIX_PATH}:/home/sti/ros2_21_tutorials/install/learning_urdf:/home/sti/ros2_21_tutorials/install/learning_topic:/home/sti/ros2_21_tutorials/install/learning_tf:/home/sti/ros2_21_tutorials/install/learning_service:/home/sti/ros2_21_tutorials/install/learning_qos:/home/sti/ros2_21_tutorials/install/learning_pkg_python:/home/sti/ros2_21_tutorials/install/learning_parameter:/home/sti/ros2_21_tutorials/install/learning_node:/home/sti/ros2_21_tutorials/install/learning_launch:/home/sti/ros2_21_tutorials/install/learning_action:/home/sti/ros2_21_tutorials/install/learning_gazebo:/home/sti/ros2_21_tutorials/install/learning_cv:/home/sti/ros2/install/ros2_test:/home/sti/ros2/install/py_topic_publisher:/home/sti/ros2/install/py_topic:/opt/ros/jazzy DEBUGINFOD_URLS=https://debuginfod.ubuntu.com /usr/bin/cmake /home/sti/ros2/src/cpp_msg -DCMAKE_INSTALL_PREFIX=/home/sti/ros2/install/cpp_msg
[2.725s] DEBUG:colcon.colcon_core.event_handler.log_command:Invoking command in '/home/sti/ros2/build/cpp_msg': CMAKE_PREFIX_PATH=${CMAKE_PREFIX_PATH}:/home/sti/ros2_21_tutorials/install/learning_urdf:/home/sti/ros2_21_tutorials/install/learning_topic:/home/sti/ros2_21_tutorials/install/learning_tf:/home/sti/ros2_21_tutorials/install/learning_service:/home/sti/ros2_21_tutorials/install/learning_qos:/home/sti/ros2_21_tutorials/install/learning_pkg_python:/home/sti/ros2_21_tutorials/install/learning_parameter:/home/sti/ros2_21_tutorials/install/learning_node:/home/sti/ros2_21_tutorials/install/learning_launch:/home/sti/ros2_21_tutorials/install/learning_action:/home/sti/ros2_21_tutorials/install/learning_gazebo:/home/sti/ros2_21_tutorials/install/learning_cv:/home/sti/ros2/install/ros2_test:/home/sti/ros2/install/py_topic_publisher:/home/sti/ros2/install/py_topic:/opt/ros/jazzy DEBUGINFOD_URLS=https://debuginfod.ubuntu.com /usr/bin/cmake --build /home/sti/ros2/build/cpp_msg -- -j14 -l14
[4.389s] DEBUG:colcon.colcon_core.event_handler.log_command:Invoked command in '/home/sti/ros2/build/cpp_msg' returned '0': CMAKE_PREFIX_PATH=${CMAKE_PREFIX_PATH}:/home/sti/ros2_21_tutorials/install/learning_urdf:/home/sti/ros2_21_tutorials/install/learning_topic:/home/sti/ros2_21_tutorials/install/learning_tf:/home/sti/ros2_21_tutorials/install/learning_service:/home/sti/ros2_21_tutorials/install/learning_qos:/home/sti/ros2_21_tutorials/install/learning_pkg_python:/home/sti/ros2_21_tutorials/install/learning_parameter:/home/sti/ros2_21_tutorials/install/learning_node:/home/sti/ros2_21_tutorials/install/learning_launch:/home/sti/ros2_21_tutorials/install/learning_action:/home/sti/ros2_21_tutorials/install/learning_gazebo:/home/sti/ros2_21_tutorials/install/learning_cv:/home/sti/ros2/install/ros2_test:/home/sti/ros2/install/py_topic_publisher:/home/sti/ros2/install/py_topic:/opt/ros/jazzy DEBUGINFOD_URLS=https://debuginfod.ubuntu.com /usr/bin/cmake --build /home/sti/ros2/build/cpp_msg -- -j14 -l14
[4.400s] DEBUG:colcon.colcon_core.event_handler.log_command:Invoking command in '/home/sti/ros2/build/cpp_msg': CMAKE_PREFIX_PATH=${CMAKE_PREFIX_PATH}:/home/sti/ros2_21_tutorials/install/learning_urdf:/home/sti/ros2_21_tutorials/install/learning_topic:/home/sti/ros2_21_tutorials/install/learning_tf:/home/sti/ros2_21_tutorials/install/learning_service:/home/sti/ros2_21_tutorials/install/learning_qos:/home/sti/ros2_21_tutorials/install/learning_pkg_python:/home/sti/ros2_21_tutorials/install/learning_parameter:/home/sti/ros2_21_tutorials/install/learning_node:/home/sti/ros2_21_tutorials/install/learning_launch:/home/sti/ros2_21_tutorials/install/learning_action:/home/sti/ros2_21_tutorials/install/learning_gazebo:/home/sti/ros2_21_tutorials/install/learning_cv:/home/sti/ros2/install/ros2_test:/home/sti/ros2/install/py_topic_publisher:/home/sti/ros2/install/py_topic:/opt/ros/jazzy DEBUGINFOD_URLS=https://debuginfod.ubuntu.com /usr/bin/cmake --install /home/sti/ros2/build/cpp_msg
[4.450s] Level 1:colcon.colcon_core.environment:create_environment_scripts_only(cpp_msg)
[4.452s] DEBUG:colcon.colcon_core.event_handler.log_command:Invoked command in '/home/sti/ros2/build/cpp_msg' returned '0': CMAKE_PREFIX_PATH=${CMAKE_PREFIX_PATH}:/home/sti/ros2_21_tutorials/install/learning_urdf:/home/sti/ros2_21_tutorials/install/learning_topic:/home/sti/ros2_21_tutorials/install/learning_tf:/home/sti/ros2_21_tutorials/install/learning_service:/home/sti/ros2_21_tutorials/install/learning_qos:/home/sti/ros2_21_tutorials/install/learning_pkg_python:/home/sti/ros2_21_tutorials/install/learning_parameter:/home/sti/ros2_21_tutorials/install/learning_node:/home/sti/ros2_21_tutorials/install/learning_launch:/home/sti/ros2_21_tutorials/install/learning_action:/home/sti/ros2_21_tutorials/install/learning_gazebo:/home/sti/ros2_21_tutorials/install/learning_cv:/home/sti/ros2/install/ros2_test:/home/sti/ros2/install/py_topic_publisher:/home/sti/ros2/install/py_topic:/opt/ros/jazzy DEBUGINFOD_URLS=https://debuginfod.ubuntu.com /usr/bin/cmake --install /home/sti/ros2/build/cpp_msg
[4.454s] Level 1:colcon.colcon_core.environment:checking '/home/sti/ros2/install/cpp_msg' for CMake module files
[4.454s] Level 1:colcon.colcon_core.environment:checking '/home/sti/ros2/install/cpp_msg' for CMake config files
[4.455s] Level 1:colcon.colcon_core.shell:create_environment_hook('cpp_msg', 'cmake_prefix_path')
[4.455s] INFO:colcon.colcon_core.shell:Creating environment hook '/home/sti/ros2/install/cpp_msg/share/cpp_msg/hook/cmake_prefix_path.ps1'
[4.455s] INFO:colcon.colcon_core.shell:Creating environment descriptor '/home/sti/ros2/install/cpp_msg/share/cpp_msg/hook/cmake_prefix_path.dsv'
[4.456s] INFO:colcon.colcon_core.shell:Creating environment hook '/home/sti/ros2/install/cpp_msg/share/cpp_msg/hook/cmake_prefix_path.sh'
[4.457s] Level 1:colcon.colcon_core.environment:checking '/home/sti/ros2/install/cpp_msg/lib'
[4.457s] Level 1:colcon.colcon_core.shell:create_environment_hook('cpp_msg', 'ld_library_path_lib')
[4.457s] INFO:colcon.colcon_core.shell:Creating environment hook '/home/sti/ros2/install/cpp_msg/share/cpp_msg/hook/ld_library_path_lib.ps1'
[4.458s] INFO:colcon.colcon_core.shell:Creating environment descriptor '/home/sti/ros2/install/cpp_msg/share/cpp_msg/hook/ld_library_path_lib.dsv'
[4.458s] INFO:colcon.colcon_core.shell:Creating environment hook '/home/sti/ros2/install/cpp_msg/share/cpp_msg/hook/ld_library_path_lib.sh'
[4.458s] Level 1:colcon.colcon_core.environment:checking '/home/sti/ros2/install/cpp_msg/bin'
[4.458s] Level 1:colcon.colcon_core.environment:checking '/home/sti/ros2/install/cpp_msg/lib/pkgconfig/cpp_msg.pc'
[4.458s] Level 1:colcon.colcon_core.environment:checking '/home/sti/ros2/install/cpp_msg/lib/python3.12/site-packages'
[4.459s] Level 1:colcon.colcon_core.shell:create_environment_hook('cpp_msg', 'pythonpath')
[4.459s] INFO:colcon.colcon_core.shell:Creating environment hook '/home/sti/ros2/install/cpp_msg/share/cpp_msg/hook/pythonpath.ps1'
[4.459s] INFO:colcon.colcon_core.shell:Creating environment descriptor '/home/sti/ros2/install/cpp_msg/share/cpp_msg/hook/pythonpath.dsv'
[4.459s] INFO:colcon.colcon_core.shell:Creating environment hook '/home/sti/ros2/install/cpp_msg/share/cpp_msg/hook/pythonpath.sh'
[4.460s] Level 1:colcon.colcon_core.environment:checking '/home/sti/ros2/install/cpp_msg/bin'
[4.460s] INFO:colcon.colcon_core.shell:Creating package script '/home/sti/ros2/install/cpp_msg/share/cpp_msg/package.ps1'
[4.461s] INFO:colcon.colcon_core.shell:Creating package descriptor '/home/sti/ros2/install/cpp_msg/share/cpp_msg/package.dsv'
[4.462s] INFO:colcon.colcon_core.shell:Creating package script '/home/sti/ros2/install/cpp_msg/share/cpp_msg/package.sh'
[4.462s] INFO:colcon.colcon_core.shell:Creating package script '/home/sti/ros2/install/cpp_msg/share/cpp_msg/package.bash'
[4.462s] INFO:colcon.colcon_core.shell:Creating package script '/home/sti/ros2/install/cpp_msg/share/cpp_msg/package.zsh'
[4.462s] Level 1:colcon.colcon_core.environment:create_file_with_runtime_dependencies(/home/sti/ros2/install/cpp_msg/share/colcon-core/packages/cpp_msg)
[4.463s] Level 1:colcon.colcon_core.environment:create_environment_scripts_only(cpp_msg)
[4.463s] Level 1:colcon.colcon_core.environment:checking '/home/sti/ros2/install/cpp_msg' for CMake module files
[4.463s] Level 1:colcon.colcon_core.environment:checking '/home/sti/ros2/install/cpp_msg' for CMake config files
[4.463s] Level 1:colcon.colcon_core.shell:create_environment_hook('cpp_msg', 'cmake_prefix_path')
[4.463s] INFO:colcon.colcon_core.shell:Creating environment hook '/home/sti/ros2/install/cpp_msg/share/cpp_msg/hook/cmake_prefix_path.ps1'
[4.464s] INFO:colcon.colcon_core.shell:Creating environment descriptor '/home/sti/ros2/install/cpp_msg/share/cpp_msg/hook/cmake_prefix_path.dsv'
[4.464s] INFO:colcon.colcon_core.shell:Creating environment hook '/home/sti/ros2/install/cpp_msg/share/cpp_msg/hook/cmake_prefix_path.sh'
[4.464s] Level 1:colcon.colcon_core.environment:checking '/home/sti/ros2/install/cpp_msg/lib'
[4.464s] Level 1:colcon.colcon_core.shell:create_environment_hook('cpp_msg', 'ld_library_path_lib')
[4.464s] INFO:colcon.colcon_core.shell:Creating environment hook '/home/sti/ros2/install/cpp_msg/share/cpp_msg/hook/ld_library_path_lib.ps1'
[4.465s] INFO:colcon.colcon_core.shell:Creating environment descriptor '/home/sti/ros2/install/cpp_msg/share/cpp_msg/hook/ld_library_path_lib.dsv'
[4.465s] INFO:colcon.colcon_core.shell:Creating environment hook '/home/sti/ros2/install/cpp_msg/share/cpp_msg/hook/ld_library_path_lib.sh'
[4.465s] Level 1:colcon.colcon_core.environment:checking '/home/sti/ros2/install/cpp_msg/bin'
[4.465s] Level 1:colcon.colcon_core.environment:checking '/home/sti/ros2/install/cpp_msg/lib/pkgconfig/cpp_msg.pc'
[4.465s] Level 1:colcon.colcon_core.environment:checking '/home/sti/ros2/install/cpp_msg/lib/python3.12/site-packages'
[4.465s] Level 1:colcon.colcon_core.shell:create_environment_hook('cpp_msg', 'pythonpath')
[4.465s] INFO:colcon.colcon_core.shell:Creating environment hook '/home/sti/ros2/install/cpp_msg/share/cpp_msg/hook/pythonpath.ps1'
[4.465s] INFO:colcon.colcon_core.shell:Creating environment descriptor '/home/sti/ros2/install/cpp_msg/share/cpp_msg/hook/pythonpath.dsv'
[4.466s] INFO:colcon.colcon_core.shell:Creating environment hook '/home/sti/ros2/install/cpp_msg/share/cpp_msg/hook/pythonpath.sh'
[4.466s] Level 1:colcon.colcon_core.environment:checking '/home/sti/ros2/install/cpp_msg/bin'
[4.466s] INFO:colcon.colcon_core.shell:Creating package script '/home/sti/ros2/install/cpp_msg/share/cpp_msg/package.ps1'
[4.466s] INFO:colcon.colcon_core.shell:Creating package descriptor '/home/sti/ros2/install/cpp_msg/share/cpp_msg/package.dsv'
[4.467s] INFO:colcon.colcon_core.shell:Creating package script '/home/sti/ros2/install/cpp_msg/share/cpp_msg/package.sh'
[4.467s] INFO:colcon.colcon_core.shell:Creating package script '/home/sti/ros2/install/cpp_msg/share/cpp_msg/package.bash'
[4.467s] INFO:colcon.colcon_core.shell:Creating package script '/home/sti/ros2/install/cpp_msg/share/cpp_msg/package.zsh'
[4.467s] Level 1:colcon.colcon_core.environment:create_file_with_runtime_dependencies(/home/sti/ros2/install/cpp_msg/share/colcon-core/packages/cpp_msg)
[4.467s] DEBUG:colcon.colcon_parallel_executor.executor.parallel:closing loop
[4.468s] DEBUG:colcon.colcon_parallel_executor.executor.parallel:loop closed
[4.468s] DEBUG:colcon.colcon_parallel_executor.executor.parallel:run_until_complete finished with '0'
[4.468s] DEBUG:colcon.colcon_core.event_reactor:joining thread
[4.471s] INFO:colcon.colcon_core.plugin_system:Skipping extension 'colcon_notification.desktop_notification.terminal_notifier': Not used on non-Darwin systems
[4.471s] INFO:colcon.colcon_core.plugin_system:Skipping extension 'colcon_notification.desktop_notification.win32': Not used on non-Windows systems
[4.472s] INFO:colcon.colcon_notification.desktop_notification:Sending desktop notification using 'notify2'
[4.482s] DEBUG:colcon.colcon_core.event_reactor:joined thread
[4.483s] INFO:colcon.colcon_core.shell:Creating prefix script '/home/sti/ros2/install/local_setup.ps1'
[4.483s] INFO:colcon.colcon_core.shell:Creating prefix util module '/home/sti/ros2/install/_local_setup_util_ps1.py'
[4.484s] INFO:colcon.colcon_core.shell:Creating prefix chain script '/home/sti/ros2/install/setup.ps1'
[4.485s] INFO:colcon.colcon_core.shell:Creating prefix script '/home/sti/ros2/install/local_setup.sh'
[4.486s] INFO:colcon.colcon_core.shell:Creating prefix util module '/home/sti/ros2/install/_local_setup_util_sh.py'
[4.486s] INFO:colcon.colcon_core.shell:Creating prefix chain script '/home/sti/ros2/install/setup.sh'
[4.487s] INFO:colcon.colcon_core.shell:Creating prefix script '/home/sti/ros2/install/local_setup.bash'
[4.488s] INFO:colcon.colcon_core.shell:Creating prefix chain script '/home/sti/ros2/install/setup.bash'
[4.488s] INFO:colcon.colcon_core.shell:Creating prefix script '/home/sti/ros2/install/local_setup.zsh'
[4.489s] INFO:colcon.colcon_core.shell:Creating prefix chain script '/home/sti/ros2/install/setup.zsh'
