[0.009s] Invoking command in '/home/sti/ros2/build/cpp_msg': CMAKE_PREFIX_PATH=${CMAKE_PREFIX_PATH}:/home/sti/ros2_21_tutorials/install/learning_urdf:/home/sti/ros2_21_tutorials/install/learning_topic:/home/sti/ros2_21_tutorials/install/learning_tf:/home/sti/ros2_21_tutorials/install/learning_service:/home/sti/ros2_21_tutorials/install/learning_qos:/home/sti/ros2_21_tutorials/install/learning_pkg_python:/home/sti/ros2_21_tutorials/install/learning_parameter:/home/sti/ros2_21_tutorials/install/learning_node:/home/sti/ros2_21_tutorials/install/learning_launch:/home/sti/ros2_21_tutorials/install/learning_action:/home/sti/ros2_21_tutorials/install/learning_gazebo:/home/sti/ros2_21_tutorials/install/learning_cv:/home/sti/ros2/install/ros2_test:/home/sti/ros2/install/py_topic_publisher:/home/sti/ros2/install/py_topic:/opt/ros/jazzy DEBUGINFOD_URLS=https://debuginfod.ubuntu.com /usr/bin/cmake /home/sti/ros2/src/cpp_msg -DCMAKE_INSTALL_PREFIX=/home/sti/ros2/install/cpp_msg
[0.117s] -- The C compiler identification is GNU 13.3.0
[0.186s] -- The CXX compiler identification is GNU 13.3.0
[0.203s] -- Detecting C compiler ABI info
[0.285s] -- Detecting C compiler ABI info - done
[0.291s] -- Check for working C compiler: /usr/bin/cc - skipped
[0.291s] -- Detecting C compile features
[0.292s] -- Detecting C compile features - done
[0.300s] -- Detecting CXX compiler ABI info
[0.380s] -- Detecting CXX compiler ABI info - done
[0.386s] -- Check for working CXX compiler: /usr/bin/c++ - skipped
[0.386s] -- Detecting CXX compile features
[0.386s] -- Detecting CXX compile features - done
[0.394s] -- Found ament_cmake: 2.5.6 (/opt/ros/jazzy/share/ament_cmake/cmake)
[0.526s] -- Found Python3: /usr/bin/python3 (found version "3.12.3") found components: Interpreter 
[0.626s] -- Found rclcpp: 28.1.18 (/opt/ros/jazzy/share/rclcpp/cmake)
[0.665s] -- Found rosidl_generator_c: 4.6.7 (/opt/ros/jazzy/share/rosidl_generator_c/cmake)
[0.678s] -- Found rosidl_generator_cpp: 4.6.7 (/opt/ros/jazzy/share/rosidl_generator_cpp/cmake)
[0.698s] -- Using all available rosidl_typesupport_c: rosidl_typesupport_fastrtps_c;rosidl_typesupport_introspection_c
[0.716s] -- Using all available rosidl_typesupport_cpp: rosidl_typesupport_fastrtps_cpp;rosidl_typesupport_introspection_cpp
[0.780s] -- Found rmw_implementation_cmake: 7.3.3 (/opt/ros/jazzy/share/rmw_implementation_cmake/cmake)
[0.783s] -- Found rmw_fastrtps_cpp: 8.4.3 (/opt/ros/jazzy/share/rmw_fastrtps_cpp/cmake)
[0.865s] -- Found OpenSSL: /usr/lib/x86_64-linux-gnu/libcrypto.so (found version "3.0.13")  
[0.886s] -- Found FastRTPS: /opt/ros/jazzy/include (Required is at least version "2.13") 
[0.908s] -- Using RMW implementation 'rmw_fastrtps_cpp' as default
[0.968s] -- Found sensor_msgs: 5.3.7 (/opt/ros/jazzy/share/sensor_msgs/cmake)
[1.019s] -- Found rosidl_default_generators: 1.6.0 (/opt/ros/jazzy/share/rosidl_default_generators/cmake)
[1.039s] -- Found rosidl_adapter: 4.6.7 (/opt/ros/jazzy/share/rosidl_adapter/cmake)
[1.043s] -- Found ament_lint_auto: 0.17.5 (/opt/ros/jazzy/share/ament_lint_auto/cmake)
[1.356s] [31mCMake Error at /opt/ros/jazzy/share/rosidl_adapter/cmake/rosidl_adapt_interfaces.cmake:57 (message):
[1.356s]   execute_process(/usr/bin/python3 -m rosidl_adapter --package-name cpp_msg
[1.356s]   --arguments-file
[1.356s]   /home/sti/ros2/build/cpp_msg/rosidl_adapter__arguments__cpp_msg.json
[1.356s]   --output-dir /home/sti/ros2/build/cpp_msg/rosidl_adapter/cpp_msg
[1.356s]   --output-file /home/sti/ros2/build/cpp_msg/rosidl_adapter/cpp_msg.idls)
[1.356s]   returned error code 1:
[1.356s] 
[1.357s]   Traceback (most recent call last):
[1.357s] 
[1.357s]     File "<frozen runpy>", line 198, in _run_module_as_main
[1.357s]     File "<frozen runpy>", line 88, in _run_code
[1.357s]     File "/opt/ros/jazzy/lib/python3.12/site-packages/rosidl_adapter/__main__.py", line 19, in <module>
[1.357s]       sys.exit(main())
[1.357s]                ^^^^^^
[1.357s]     File "/opt/ros/jazzy/lib/python3.12/site-packages/rosidl_adapter/main.py", line 53, in main
[1.357s]       abs_idl_file = convert_to_idl(
[1.357s]                      ^^^^^^^^^^^^^^^
[1.357s]     File "/opt/ros/jazzy/lib/python3.12/site-packages/rosidl_adapter/__init__.py", line 19, in convert_to_idl
[1.357s]       return convert_msg_to_idl(
[1.357s]              ^^^^^^^^^^^^^^^^^^^
[1.357s]     File "/opt/ros/jazzy/lib/python3.12/site-packages/rosidl_adapter/msg/__init__.py", line 28, in convert_msg_to_idl
[1.358s]       msg = parse_message_string(package_name, input_file.stem, content)
[1.358s]             ^^^^^^^^^^^^^^^^^^^^^^^^^^^^^^^^^^^^^^^^^^^^^^^^^^^^^^^^^^^^
[1.358s]     File "/opt/ros/jazzy/lib/python3.12/site-packages/rosidl_adapter/parser.py", line 545, in parse_message_string
[1.358s]       msg = MessageSpecification(pkg_name, msg_name, fields, constants)
[1.358s]             ^^^^^^^^^^^^^^^^^^^^^^^^^^^^^^^^^^^^^^^^^^^^^^^^^^^^^^^^^^^
[1.358s]     File "/opt/ros/jazzy/lib/python3.12/site-packages/rosidl_adapter/parser.py", line 389, in __init__
[1.358s]       self.base_type = BaseType(
[1.358s]                        ^^^^^^^^^
[1.358s]     File "/opt/ros/jazzy/lib/python3.12/site-packages/rosidl_adapter/parser.py", line 206, in __init__
[1.358s]       raise InvalidResourceName(
[1.358s] 
[1.358s]   rosidl_adapter.parser.InvalidResourceName: 'cpp_msg' is an invalid message
[1.358s]   name.  It should have the pattern '^[A-Z][A-Za-z0-9]*$'
[1.358s] 
[1.358s] Call Stack (most recent call first):
[1.358s]   /opt/ros/jazzy/share/rosidl_cmake/cmake/rosidl_generate_interfaces.cmake:132 (rosidl_adapt_interfaces)
[1.358s]   CMakeLists.txt:27 (rosidl_generate_interfaces)
[1.358s] 
[1.358s] [0m
[1.358s] -- Configuring incomplete, errors occurred!
[1.364s] Invoked command in '/home/sti/ros2/build/cpp_msg' returned '1': CMAKE_PREFIX_PATH=${CMAKE_PREFIX_PATH}:/home/sti/ros2_21_tutorials/install/learning_urdf:/home/sti/ros2_21_tutorials/install/learning_topic:/home/sti/ros2_21_tutorials/install/learning_tf:/home/sti/ros2_21_tutorials/install/learning_service:/home/sti/ros2_21_tutorials/install/learning_qos:/home/sti/ros2_21_tutorials/install/learning_pkg_python:/home/sti/ros2_21_tutorials/install/learning_parameter:/home/sti/ros2_21_tutorials/install/learning_node:/home/sti/ros2_21_tutorials/install/learning_launch:/home/sti/ros2_21_tutorials/install/learning_action:/home/sti/ros2_21_tutorials/install/learning_gazebo:/home/sti/ros2_21_tutorials/install/learning_cv:/home/sti/ros2/install/ros2_test:/home/sti/ros2/install/py_topic_publisher:/home/sti/ros2/install/py_topic:/opt/ros/jazzy DEBUGINFOD_URLS=https://debuginfod.ubuntu.com /usr/bin/cmake /home/sti/ros2/src/cpp_msg -DCMAKE_INSTALL_PREFIX=/home/sti/ros2/install/cpp_msg
