[0.017s] Invoking command in '/home/sti/ros2/build/cpp_topic': CMAKE_PREFIX_PATH=${CMAKE_PREFIX_PATH}:/home/sti/ros2_21_tutorials/install/learning_urdf:/home/sti/ros2_21_tutorials/install/learning_topic:/home/sti/ros2_21_tutorials/install/learning_tf:/home/sti/ros2_21_tutorials/install/learning_service:/home/sti/ros2_21_tutorials/install/learning_qos:/home/sti/ros2_21_tutorials/install/learning_pkg_python:/home/sti/ros2_21_tutorials/install/learning_parameter:/home/sti/ros2_21_tutorials/install/learning_node:/home/sti/ros2_21_tutorials/install/learning_launch:/home/sti/ros2_21_tutorials/install/learning_action:/home/sti/ros2_21_tutorials/install/learning_gazebo:/home/sti/ros2_21_tutorials/install/learning_cv:/home/sti/ros2/install/ros2_test:/home/sti/ros2/install/py_topic_publisher:/home/sti/ros2/install/py_topic:/opt/ros/jazzy DEBUGINFOD_URLS=https://debuginfod.ubuntu.com /usr/bin/cmake --build /home/sti/ros2/build/cpp_topic -- -j14 -l14
[0.361s] -- Found ament_cmake: 2.5.6 (/opt/ros/jazzy/share/ament_cmake/cmake)
[0.361s] -- Found rclcpp: 28.1.18 (/opt/ros/jazzy/share/rclcpp/cmake)
[0.361s] -- Found rosidl_generator_c: 4.6.7 (/opt/ros/jazzy/share/rosidl_generator_c/cmake)
[0.361s] -- Found rosidl_generator_cpp: 4.6.7 (/opt/ros/jazzy/share/rosidl_generator_cpp/cmake)
[0.362s] -- Using all available rosidl_typesupport_c: rosidl_typesupport_fastrtps_c;rosidl_typesupport_introspection_c
[0.362s] -- Using all available rosidl_typesupport_cpp: rosidl_typesupport_fastrtps_cpp;rosidl_typesupport_introspection_cpp
[0.362s] -- Found rmw_implementation_cmake: 7.3.3 (/opt/ros/jazzy/share/rmw_implementation_cmake/cmake)
[0.362s] -- Found rmw_fastrtps_cpp: 8.4.3 (/opt/ros/jazzy/share/rmw_fastrtps_cpp/cmake)
[0.390s] -- Using RMW implementation 'rmw_fastrtps_cpp' as default
[0.452s] -- Found std_msgs: 5.3.7 (/opt/ros/jazzy/share/std_msgs/cmake)
[0.468s] -- Found ament_lint_auto: 0.17.5 (/opt/ros/jazzy/share/ament_lint_auto/cmake)
[0.557s] -- Added test 'cppcheck' to perform static code analysis on C / C++ code
[0.557s] -- Configured cppcheck include dirs: 
[0.557s] -- Configured cppcheck exclude dirs and/or files: 
[0.557s] -- Added test 'lint_cmake' to check CMake code style
[0.558s] -- Added test 'uncrustify' to check C / C++ code style
[0.558s] -- Configured uncrustify additional arguments: 
[0.558s] -- Added test 'xmllint' to check XML markup files
[0.563s] -- Configuring done (0.5s)
[0.581s] -- Generating done (0.0s)
[0.586s] -- Build files have been written to: /home/sti/ros2/build/cpp_topic
[0.627s] [ 25%] [32mBuilding CXX object CMakeFiles/cpp_subscription.dir/src/cpp_subscription.cpp.o[0m
[0.635s] [ 75%] Built target cpp_publish
[5.854s] [100%] [32m[1mLinking CXX executable cpp_subscription[0m
[6.044s] [100%] Built target cpp_subscription
[6.053s] Invoked command in '/home/sti/ros2/build/cpp_topic' returned '0': CMAKE_PREFIX_PATH=${CMAKE_PREFIX_PATH}:/home/sti/ros2_21_tutorials/install/learning_urdf:/home/sti/ros2_21_tutorials/install/learning_topic:/home/sti/ros2_21_tutorials/install/learning_tf:/home/sti/ros2_21_tutorials/install/learning_service:/home/sti/ros2_21_tutorials/install/learning_qos:/home/sti/ros2_21_tutorials/install/learning_pkg_python:/home/sti/ros2_21_tutorials/install/learning_parameter:/home/sti/ros2_21_tutorials/install/learning_node:/home/sti/ros2_21_tutorials/install/learning_launch:/home/sti/ros2_21_tutorials/install/learning_action:/home/sti/ros2_21_tutorials/install/learning_gazebo:/home/sti/ros2_21_tutorials/install/learning_cv:/home/sti/ros2/install/ros2_test:/home/sti/ros2/install/py_topic_publisher:/home/sti/ros2/install/py_topic:/opt/ros/jazzy DEBUGINFOD_URLS=https://debuginfod.ubuntu.com /usr/bin/cmake --build /home/sti/ros2/build/cpp_topic -- -j14 -l14
[6.054s] Invoking command in '/home/sti/ros2/build/cpp_topic': CMAKE_PREFIX_PATH=${CMAKE_PREFIX_PATH}:/home/sti/ros2_21_tutorials/install/learning_urdf:/home/sti/ros2_21_tutorials/install/learning_topic:/home/sti/ros2_21_tutorials/install/learning_tf:/home/sti/ros2_21_tutorials/install/learning_service:/home/sti/ros2_21_tutorials/install/learning_qos:/home/sti/ros2_21_tutorials/install/learning_pkg_python:/home/sti/ros2_21_tutorials/install/learning_parameter:/home/sti/ros2_21_tutorials/install/learning_node:/home/sti/ros2_21_tutorials/install/learning_launch:/home/sti/ros2_21_tutorials/install/learning_action:/home/sti/ros2_21_tutorials/install/learning_gazebo:/home/sti/ros2_21_tutorials/install/learning_cv:/home/sti/ros2/install/ros2_test:/home/sti/ros2/install/py_topic_publisher:/home/sti/ros2/install/py_topic:/opt/ros/jazzy DEBUGINFOD_URLS=https://debuginfod.ubuntu.com /usr/bin/cmake --install /home/sti/ros2/build/cpp_topic
[6.061s] -- Install configuration: ""
[6.061s] -- Up-to-date: /home/sti/ros2/install/cpp_topic/share/ament_index/resource_index/package_run_dependencies/cpp_topic
[6.061s] -- Installing: /home/sti/ros2/install/cpp_topic/share/ament_index/resource_index/parent_prefix_path/cpp_topic
[6.061s] -- Up-to-date: /home/sti/ros2/install/cpp_topic/share/cpp_topic/environment/ament_prefix_path.sh
[6.061s] -- Up-to-date: /home/sti/ros2/install/cpp_topic/share/cpp_topic/environment/ament_prefix_path.dsv
[6.061s] -- Up-to-date: /home/sti/ros2/install/cpp_topic/share/cpp_topic/environment/path.sh
[6.061s] -- Up-to-date: /home/sti/ros2/install/cpp_topic/share/cpp_topic/environment/path.dsv
[6.061s] -- Up-to-date: /home/sti/ros2/install/cpp_topic/share/cpp_topic/local_setup.bash
[6.061s] -- Up-to-date: /home/sti/ros2/install/cpp_topic/share/cpp_topic/local_setup.sh
[6.061s] -- Up-to-date: /home/sti/ros2/install/cpp_topic/share/cpp_topic/local_setup.zsh
[6.061s] -- Up-to-date: /home/sti/ros2/install/cpp_topic/share/cpp_topic/local_setup.dsv
[6.061s] -- Installing: /home/sti/ros2/install/cpp_topic/share/cpp_topic/package.dsv
[6.061s] -- Up-to-date: /home/sti/ros2/install/cpp_topic/share/ament_index/resource_index/packages/cpp_topic
[6.061s] -- Up-to-date: /home/sti/ros2/install/cpp_topic/share/cpp_topic/cmake/cpp_topicConfig.cmake
[6.062s] -- Up-to-date: /home/sti/ros2/install/cpp_topic/share/cpp_topic/cmake/cpp_topicConfig-version.cmake
[6.062s] -- Up-to-date: /home/sti/ros2/install/cpp_topic/share/cpp_topic/package.xml
[6.062s] -- Up-to-date: /home/sti/ros2/install/cpp_topic/lib/cpp_topic/cpp_publish
[6.062s] -- Installing: /home/sti/ros2/install/cpp_topic/lib/cpp_topic/cpp_subscription
[6.065s] -- Set non-toolchain portion of runtime path of "/home/sti/ros2/install/cpp_topic/lib/cpp_topic/cpp_subscription" to ""
[6.067s] Invoked command in '/home/sti/ros2/build/cpp_topic' returned '0': CMAKE_PREFIX_PATH=${CMAKE_PREFIX_PATH}:/home/sti/ros2_21_tutorials/install/learning_urdf:/home/sti/ros2_21_tutorials/install/learning_topic:/home/sti/ros2_21_tutorials/install/learning_tf:/home/sti/ros2_21_tutorials/install/learning_service:/home/sti/ros2_21_tutorials/install/learning_qos:/home/sti/ros2_21_tutorials/install/learning_pkg_python:/home/sti/ros2_21_tutorials/install/learning_parameter:/home/sti/ros2_21_tutorials/install/learning_node:/home/sti/ros2_21_tutorials/install/learning_launch:/home/sti/ros2_21_tutorials/install/learning_action:/home/sti/ros2_21_tutorials/install/learning_gazebo:/home/sti/ros2_21_tutorials/install/learning_cv:/home/sti/ros2/install/ros2_test:/home/sti/ros2/install/py_topic_publisher:/home/sti/ros2/install/py_topic:/opt/ros/jazzy DEBUGINFOD_URLS=https://debuginfod.ubuntu.com /usr/bin/cmake --install /home/sti/ros2/build/cpp_topic
