[0.835s] Invoking command in '/home/sti/ros2/src/py_topic_publisher': DEBUGINFOD_URLS=https://debuginfod.ubuntu.com PYTHONPATH=/home/sti/ros2/build/py_topic_publisher/prefix_override:/usr/lib/python3/dist-packages/colcon_core/task/python/colcon_distutils_commands:/home/sti/ros2/install/py_topic_publisher/lib/python3.12/site-packages:${PYTHONPATH} /usr/bin/python3 -W ignore:setup.py install is deprecated -W ignore:easy_install command is deprecated setup.py egg_info --egg-base ../../build/py_topic_publisher build --build-base /home/sti/ros2/build/py_topic_publisher/build install --record /home/sti/ros2/build/py_topic_publisher/install.log --single-version-externally-managed install_data
[1.020s] running egg_info
[1.037s] writing ../../build/py_topic_publisher/py_topic_publisher.egg-info/PKG-INFO
[1.038s] writing dependency_links to ../../build/py_topic_publisher/py_topic_publisher.egg-info/dependency_links.txt
[1.038s] writing entry points to ../../build/py_topic_publisher/py_topic_publisher.egg-info/entry_points.txt
[1.038s] writing requirements to ../../build/py_topic_publisher/py_topic_publisher.egg-info/requires.txt
[1.038s] writing top-level names to ../../build/py_topic_publisher/py_topic_publisher.egg-info/top_level.txt
[1.061s] reading manifest file '../../build/py_topic_publisher/py_topic_publisher.egg-info/SOURCES.txt'
[1.062s] writing manifest file '../../build/py_topic_publisher/py_topic_publisher.egg-info/SOURCES.txt'
[1.062s] running build
[1.062s] running build_py
[1.062s] copying py_topic_publisher/py_publisher.py -> /home/sti/ros2/build/py_topic_publisher/build/lib/py_topic_publisher
[1.062s] running install
[1.066s] running install_lib
[1.077s] copying /home/sti/ros2/build/py_topic_publisher/build/lib/py_topic_publisher/py_publisher.py -> /home/sti/ros2/install/py_topic_publisher/lib/python3.12/site-packages/py_topic_publisher
[1.077s] byte-compiling /home/sti/ros2/install/py_topic_publisher/lib/python3.12/site-packages/py_topic_publisher/py_publisher.py to py_publisher.cpython-312.pyc
[1.077s] running install_data
[1.077s] running install_egg_info
[1.089s] removing '/home/sti/ros2/install/py_topic_publisher/lib/python3.12/site-packages/py_topic_publisher-0.0.0-py3.12.egg-info' (and everything under it)
[1.089s] Copying ../../build/py_topic_publisher/py_topic_publisher.egg-info to /home/sti/ros2/install/py_topic_publisher/lib/python3.12/site-packages/py_topic_publisher-0.0.0-py3.12.egg-info
[1.090s] running install_scripts
[1.187s] Installing publisher script to /home/sti/ros2/install/py_topic_publisher/lib/py_topic_publisher
[1.188s] writing list of installed files to '/home/sti/ros2/build/py_topic_publisher/install.log'
[1.212s] Invoked command in '/home/sti/ros2/src/py_topic_publisher' returned '0': DEBUGINFOD_URLS=https://debuginfod.ubuntu.com PYTHONPATH=/home/sti/ros2/build/py_topic_publisher/prefix_override:/usr/lib/python3/dist-packages/colcon_core/task/python/colcon_distutils_commands:/home/sti/ros2/install/py_topic_publisher/lib/python3.12/site-packages:${PYTHONPATH} /usr/bin/python3 -W ignore:setup.py install is deprecated -W ignore:easy_install command is deprecated setup.py egg_info --egg-base ../../build/py_topic_publisher build --build-base /home/sti/ros2/build/py_topic_publisher/build install --record /home/sti/ros2/build/py_topic_publisher/install.log --single-version-externally-managed install_data
